=== RUN   TestInitialElection3A
Test (3A): initial election (reliable network)...
  ... Passed --  time  3.0s #peers 3 #RPCs   110 #Ops    0
--- PASS: TestInitialElection3A (3.00s)
=== RUN   TestReElection3A
Test (3A): election after network failure (reliable network)...
  ... Passed --  time  4.9s #peers 3 #RPCs   220 #Ops    0
--- PASS: TestReElection3A (4.92s)
=== RUN   TestManyElections3A
Test (3A): multiple elections (reliable network)...
Fatal: expected one leader, got none
        /home/vector/MIT6_824/6.5840/src/raft1/test.go:100
        /home/vector/MIT6_824/6.5840/src/raft1/raft_test.go:124
info: wrote visualization to /tmp/porcupine-754673221.html
--- FAIL: TestManyElections3A (6.54s)
=== RUN   TestBasicAgree3B
Test (3B): basic agreement (reliable network)...
  ... Passed --  time  0.5s #peers 3 #RPCs    18 #Ops    0
--- PASS: TestBasicAgree3B (0.53s)
=== RUN   TestRPCBytes3B
Test (3B): RPC byte count (reliable network)...
  ... Passed --  time  1.0s #peers 3 #RPCs    50 #Ops    0
--- PASS: TestRPCBytes3B (0.96s)
=== RUN   TestFollowerFailure3B
Test (3B): test progressive failure of followers (reliable network)...
  ... Passed --  time  4.5s #peers 3 #RPCs   180 #Ops    0
--- PASS: TestFollowerFailure3B (4.54s)
=== RUN   TestLeaderFailure3B
Test (3B): test failure of leaders (reliable network)...
  ... Passed --  time  4.9s #peers 3 #RPCs   342 #Ops    0
--- PASS: TestLeaderFailure3B (4.93s)
=== RUN   TestFailAgree3B
Test (3B): agreement after follower reconnects (reliable network)...
  ... Passed --  time  5.2s #peers 3 #RPCs   216 #Ops    0
--- PASS: TestFailAgree3B (5.23s)
=== RUN   TestFailNoAgree3B
Test (3B): no agreement if too many followers disconnect (reliable network)...
  ... Passed --  time  3.5s #peers 5 #RPCs   296 #Ops    0
--- PASS: TestFailNoAgree3B (3.50s)
=== RUN   TestConcurrentStarts3B
Test (3B): concurrent Start()s (reliable network)...
  ... Passed --  time  0.6s #peers 3 #RPCs    26 #Ops    0
--- PASS: TestConcurrentStarts3B (0.57s)
=== RUN   TestRejoin3B
Test (3B): rejoin of partitioned leader (reliable network)...
  ... Passed --  time  8.9s #peers 3 #RPCs   424 #Ops    0
--- PASS: TestRejoin3B (8.88s)
=== RUN   TestBackup3B
Test (3B): leader backs up quickly over incorrect follower logs (reliable network)...
  ... Passed --  time 22.0s #peers 5 #RPCs  3088 #Ops    0
--- PASS: TestBackup3B (21.98s)
=== RUN   TestCount3B
Test (3B): RPC counts aren't too high (reliable network)...
  ... Passed --  time  2.1s #peers 3 #RPCs    98 #Ops    0
--- PASS: TestCount3B (2.07s)
=== RUN   TestPersist13C
Test (3C): basic persistence (reliable network)...
  ... Passed --  time  3.4s #peers 3 #RPCs   108 #Ops    0
--- PASS: TestPersist13C (3.39s)
=== RUN   TestPersist23C
Test (3C): more persistence (reliable network)...
  ... Passed --  time 36.4s #peers 5 #RPCs   480 #Ops    0
--- PASS: TestPersist23C (36.37s)
=== RUN   TestPersist33C
Test (3C): partitioned leader and one follower crash, leader restarts (reliable network)...
  ... Passed --  time  1.6s #peers 3 #RPCs    50 #Ops    0
--- PASS: TestPersist33C (1.55s)
=== RUN   TestFigure83C
Test (3C): Figure 8 (reliable network)...
  ... Passed --  time 27.4s #peers 5 #RPCs   712 #Ops    0
--- PASS: TestFigure83C (27.38s)
=== RUN   TestUnreliableAgree3C
Test (3C): unreliable agreement (unreliable network)...
  ... Passed --  time  1.5s #peers 5 #RPCs  1088 #Ops    0
--- PASS: TestUnreliableAgree3C (1.53s)
=== RUN   TestFigure8Unreliable3C
Test (3C): Figure 8 (unreliable) (unreliable network)...
  ... Passed --  time 35.9s #peers 5 #RPCs 11464 #Ops    0
--- PASS: TestFigure8Unreliable3C (35.89s)
=== RUN   TestReliableChurn3C
Test (3C): churn (reliable network)...
  ... Passed --  time 16.2s #peers 5 #RPCs  5052 #Ops    0
--- PASS: TestReliableChurn3C (16.15s)
=== RUN   TestUnreliableChurn3C
Test (3C): unreliable churn (unreliable network)...
  ... Passed --  time 16.1s #peers 5 #RPCs  7400 #Ops    0
--- PASS: TestUnreliableChurn3C (16.11s)
=== RUN   TestSnapshotBasic3D
Test (3D): snapshots basic (reliable network)...
  ... Passed --  time  1.9s #peers 3 #RPCs   508 #Ops    0
--- PASS: TestSnapshotBasic3D (1.92s)
=== RUN   TestSnapshotInstall3D
Test (3D): install snapshots (disconnect) (reliable network)...
  ... Passed --  time 33.1s #peers 3 #RPCs  1944 #Ops    0
--- PASS: TestSnapshotInstall3D (33.10s)
=== RUN   TestSnapshotInstallUnreliable3D
Test (3D): install snapshots (disconnect) (unreliable network)...
  ... Passed --  time 44.6s #peers 3 #RPCs  2578 #Ops    0
--- PASS: TestSnapshotInstallUnreliable3D (44.62s)
=== RUN   TestSnapshotInstallCrash3D
Test (3D): install snapshots (crash) (reliable network)...
  ... Passed --  time 23.6s #peers 3 #RPCs  1494 #Ops    0
--- PASS: TestSnapshotInstallCrash3D (23.55s)
=== RUN   TestSnapshotInstallUnCrash3D
Test (3D): install snapshots (crash) (unreliable network)...
  ... Passed --  time 37.1s #peers 3 #RPCs  1600 #Ops    0
--- PASS: TestSnapshotInstallUnCrash3D (37.14s)
=== RUN   TestSnapshotAllCrash3D
Test (3D): crash and restart all servers (unreliable network)...
  ... Passed --  time  6.9s #peers 3 #RPCs   332 #Ops    0
--- PASS: TestSnapshotAllCrash3D (6.90s)
=== RUN   TestSnapshotInit3D
Test (3D): snapshot initialization after crash (unreliable network)...
  ... Passed --  time  2.4s #peers 3 #RPCs    94 #Ops    0
--- PASS: TestSnapshotInit3D (2.37s)
FAIL
exit status 1
FAIL	6.5840/raft1	355.681s
