=== RUN   TestInitialElection3A
Test (3A): initial election (reliable network)...
  ... Passed --  time  3.1s #peers 3 #RPCs   112 #Ops    0
--- PASS: TestInitialElection3A (3.08s)
=== RUN   TestReElection3A
Test (3A): election after network failure (reliable network)...
  ... Passed --  time  6.6s #peers 3 #RPCs   288 #Ops    0
--- PASS: TestReElection3A (6.58s)
=== RUN   TestManyElections3A
Test (3A): multiple elections (reliable network)...
  ... Passed --  time  6.8s #peers 7 #RPCs  1008 #Ops    0
--- PASS: TestManyElections3A (6.84s)
=== RUN   TestBasicAgree3B
Test (3B): basic agreement (reliable network)...
  ... Passed --  time  0.5s #peers 3 #RPCs    18 #Ops    0
--- PASS: TestBasicAgree3B (0.53s)
=== RUN   TestRPCBytes3B
Test (3B): RPC byte count (reliable network)...
  ... Passed --  time  0.9s #peers 3 #RPCs    48 #Ops    0
--- PASS: TestRPCBytes3B (0.94s)
=== RUN   TestFollowerFailure3B
Test (3B): test progressive failure of followers (reliable network)...
  ... Passed --  time  4.6s #peers 3 #RPCs   184 #Ops    0
--- PASS: TestFollowerFailure3B (4.57s)
=== RUN   TestLeaderFailure3B
Test (3B): test failure of leaders (reliable network)...
  ... Passed --  time  4.9s #peers 3 #RPCs   340 #Ops    0
--- PASS: TestLeaderFailure3B (4.90s)
=== RUN   TestFailAgree3B
Test (3B): agreement after follower reconnects (reliable network)...
  ... Passed --  time  3.2s #peers 3 #RPCs   138 #Ops    0
--- PASS: TestFailAgree3B (3.21s)
=== RUN   TestFailNoAgree3B
Test (3B): no agreement if too many followers disconnect (reliable network)...
  ... Passed --  time  3.3s #peers 5 #RPCs   284 #Ops    0
--- PASS: TestFailNoAgree3B (3.35s)
=== RUN   TestConcurrentStarts3B
Test (3B): concurrent Start()s (reliable network)...
  ... Passed --  time  0.5s #peers 3 #RPCs    24 #Ops    0
--- PASS: TestConcurrentStarts3B (0.53s)
=== RUN   TestRejoin3B
Test (3B): rejoin of partitioned leader (reliable network)...
  ... Passed --  time  6.0s #peers 3 #RPCs   350 #Ops    0
--- PASS: TestRejoin3B (5.97s)
=== RUN   TestBackup3B
Test (3B): leader backs up quickly over incorrect follower logs (reliable network)...
  ... Passed --  time 19.4s #peers 5 #RPCs  2872 #Ops    0
--- PASS: TestBackup3B (19.38s)
=== RUN   TestCount3B
Test (3B): RPC counts aren't too high (reliable network)...
  ... Passed --  time  2.0s #peers 3 #RPCs    94 #Ops    0
--- PASS: TestCount3B (2.01s)
=== RUN   TestPersist13C
Test (3C): basic persistence (reliable network)...
  ... Passed --  time  5.5s #peers 3 #RPCs   110 #Ops    0
--- PASS: TestPersist13C (5.47s)
=== RUN   TestPersist23C
Test (3C): more persistence (reliable network)...
  ... Passed --  time 31.7s #peers 5 #RPCs   480 #Ops    0
--- PASS: TestPersist23C (31.71s)
=== RUN   TestPersist33C
Test (3C): partitioned leader and one follower crash, leader restarts (reliable network)...
  ... Passed --  time  1.5s #peers 3 #RPCs    46 #Ops    0
--- PASS: TestPersist33C (1.51s)
=== RUN   TestFigure83C
Test (3C): Figure 8 (reliable network)...
  ... Passed --  time 32.4s #peers 5 #RPCs   812 #Ops    0
--- PASS: TestFigure83C (32.42s)
=== RUN   TestUnreliableAgree3C
Test (3C): unreliable agreement (unreliable network)...
  ... Passed --  time  1.5s #peers 5 #RPCs  1084 #Ops    0
--- PASS: TestUnreliableAgree3C (1.47s)
=== RUN   TestFigure8Unreliable3C
Test (3C): Figure 8 (unreliable) (unreliable network)...
  ... Passed --  time 36.3s #peers 5 #RPCs 10192 #Ops    0
--- PASS: TestFigure8Unreliable3C (36.31s)
=== RUN   TestReliableChurn3C
Test (3C): churn (reliable network)...
  ... Passed --  time 16.1s #peers 5 #RPCs  6760 #Ops    0
--- PASS: TestReliableChurn3C (16.14s)
=== RUN   TestUnreliableChurn3C
Test (3C): unreliable churn (unreliable network)...
  ... Passed --  time 16.4s #peers 5 #RPCs  5659 #Ops    0
--- PASS: TestUnreliableChurn3C (16.42s)
=== RUN   TestSnapshotBasic3D
Test (3D): snapshots basic (reliable network)...
  ... Passed --  time  2.0s #peers 3 #RPCs   494 #Ops    0
--- PASS: TestSnapshotBasic3D (1.96s)
=== RUN   TestSnapshotInstall3D
Test (3D): install snapshots (disconnect) (reliable network)...
  ... Passed --  time 33.7s #peers 3 #RPCs  2132 #Ops    0
--- PASS: TestSnapshotInstall3D (33.68s)
=== RUN   TestSnapshotInstallUnreliable3D
Test (3D): install snapshots (disconnect) (unreliable network)...
  ... Passed --  time 43.6s #peers 3 #RPCs  2466 #Ops    0
--- PASS: TestSnapshotInstallUnreliable3D (43.64s)
=== RUN   TestSnapshotInstallCrash3D
Test (3D): install snapshots (crash) (reliable network)...
  ... Passed --  time 22.8s #peers 3 #RPCs  1514 #Ops    0
--- PASS: TestSnapshotInstallCrash3D (22.77s)
=== RUN   TestSnapshotInstallUnCrash3D
Test (3D): install snapshots (crash) (unreliable network)...
  ... Passed --  time 30.3s #peers 3 #RPCs  1536 #Ops    0
--- PASS: TestSnapshotInstallUnCrash3D (30.26s)
=== RUN   TestSnapshotAllCrash3D
Test (3D): crash and restart all servers (unreliable network)...
  ... Passed --  time  6.6s #peers 3 #RPCs   322 #Ops    0
--- PASS: TestSnapshotAllCrash3D (6.60s)
=== RUN   TestSnapshotInit3D
Test (3D): snapshot initialization after crash (unreliable network)...
  ... Passed --  time  2.4s #peers 3 #RPCs    92 #Ops    0
--- PASS: TestSnapshotInit3D (2.43s)
PASS
ok  	6.5840/raft1	345.728s
