=== RUN   TestInitialElection3A
Test (3A): initial election (reliable network)...
  ... Passed --  time  3.0s #peers 3 #RPCs   110 #Ops    0
--- PASS: TestInitialElection3A (2.99s)
=== RUN   TestReElection3A
Test (3A): election after network failure (reliable network)...
  ... Passed --  time  5.5s #peers 3 #RPCs   232 #Ops    0
--- PASS: TestReElection3A (5.47s)
=== RUN   TestManyElections3A
Test (3A): multiple elections (reliable network)...
  ... Passed --  time  8.6s #peers 7 #RPCs  1741 #Ops    0
--- PASS: TestManyElections3A (8.59s)
=== RUN   TestBasicAgree3B
Test (3B): basic agreement (reliable network)...
  ... Passed --  time  0.5s #peers 3 #RPCs    18 #Ops    0
--- PASS: TestBasicAgree3B (0.50s)
=== RUN   TestRPCBytes3B
Test (3B): RPC byte count (reliable network)...
  ... Passed --  time  0.9s #peers 3 #RPCs    50 #Ops    0
--- PASS: TestRPCBytes3B (0.90s)
=== RUN   TestFollowerFailure3B
Test (3B): test progressive failure of followers (reliable network)...
  ... Passed --  time  4.4s #peers 3 #RPCs   180 #Ops    0
--- PASS: TestFollowerFailure3B (4.41s)
=== RUN   TestLeaderFailure3B
Test (3B): test failure of leaders (reliable network)...
  ... Passed --  time  4.9s #peers 3 #RPCs   346 #Ops    0
--- PASS: TestLeaderFailure3B (4.90s)
=== RUN   TestFailAgree3B
Test (3B): agreement after follower reconnects (reliable network)...
  ... Passed --  time  5.2s #peers 3 #RPCs   218 #Ops    0
--- PASS: TestFailAgree3B (5.22s)
=== RUN   TestFailNoAgree3B
Test (3B): no agreement if too many followers disconnect (reliable network)...
  ... Passed --  time  3.4s #peers 5 #RPCs   288 #Ops    0
--- PASS: TestFailNoAgree3B (3.40s)
=== RUN   TestConcurrentStarts3B
Test (3B): concurrent Start()s (reliable network)...
  ... Passed --  time  0.5s #peers 3 #RPCs    24 #Ops    0
--- PASS: TestConcurrentStarts3B (0.54s)
=== RUN   TestRejoin3B
Test (3B): rejoin of partitioned leader (reliable network)...
  ... Passed --  time  6.0s #peers 3 #RPCs   348 #Ops    0
--- PASS: TestRejoin3B (5.99s)
=== RUN   TestBackup3B
Test (3B): leader backs up quickly over incorrect follower logs (reliable network)...
  ... Passed --  time 19.4s #peers 5 #RPCs  2864 #Ops    0
--- PASS: TestBackup3B (19.45s)
=== RUN   TestCount3B
Test (3B): RPC counts aren't too high (reliable network)...
  ... Passed --  time  2.0s #peers 3 #RPCs    94 #Ops    0
--- PASS: TestCount3B (2.01s)
=== RUN   TestPersist13C
Test (3C): basic persistence (reliable network)...
  ... Passed --  time  3.2s #peers 3 #RPCs   104 #Ops    0
--- PASS: TestPersist13C (3.24s)
=== RUN   TestPersist23C
Test (3C): more persistence (reliable network)...
  ... Passed --  time 34.6s #peers 5 #RPCs   468 #Ops    0
--- PASS: TestPersist23C (34.61s)
=== RUN   TestPersist33C
Test (3C): partitioned leader and one follower crash, leader restarts (reliable network)...
  ... Passed --  time  1.5s #peers 3 #RPCs    50 #Ops    0
--- PASS: TestPersist33C (1.53s)
=== RUN   TestFigure83C
Test (3C): Figure 8 (reliable network)...
  ... Passed --  time 33.6s #peers 5 #RPCs   924 #Ops    0
--- PASS: TestFigure83C (33.58s)
=== RUN   TestUnreliableAgree3C
Test (3C): unreliable agreement (unreliable network)...
  ... Passed --  time  1.5s #peers 5 #RPCs  1084 #Ops    0
--- PASS: TestUnreliableAgree3C (1.52s)
=== RUN   TestFigure8Unreliable3C
Test (3C): Figure 8 (unreliable) (unreliable network)...
  ... Passed --  time 36.0s #peers 5 #RPCs 12845 #Ops    0
--- PASS: TestFigure8Unreliable3C (36.01s)
=== RUN   TestReliableChurn3C
Test (3C): churn (reliable network)...
  ... Passed --  time 16.1s #peers 5 #RPCs  7577 #Ops    0
--- PASS: TestReliableChurn3C (16.11s)
=== RUN   TestUnreliableChurn3C
Test (3C): unreliable churn (unreliable network)...
  ... Passed --  time 16.1s #peers 5 #RPCs  3176 #Ops    0
--- PASS: TestUnreliableChurn3C (16.09s)
=== RUN   TestSnapshotBasic3D
Test (3D): snapshots basic (reliable network)...
  ... Passed --  time  2.2s #peers 3 #RPCs   534 #Ops    0
--- PASS: TestSnapshotBasic3D (2.16s)
=== RUN   TestSnapshotInstall3D
Test (3D): install snapshots (disconnect) (reliable network)...
  ... Passed --  time 40.9s #peers 3 #RPCs  2358 #Ops    0
--- PASS: TestSnapshotInstall3D (40.85s)
=== RUN   TestSnapshotInstallUnreliable3D
Test (3D): install snapshots (disconnect) (unreliable network)...
  ... Passed --  time 34.9s #peers 3 #RPCs  2126 #Ops    0
--- PASS: TestSnapshotInstallUnreliable3D (34.91s)
=== RUN   TestSnapshotInstallCrash3D
Test (3D): install snapshots (crash) (reliable network)...
  ... Passed --  time 23.1s #peers 3 #RPCs  1454 #Ops    0
--- PASS: TestSnapshotInstallCrash3D (23.08s)
=== RUN   TestSnapshotInstallUnCrash3D
Test (3D): install snapshots (crash) (unreliable network)...
  ... Passed --  time 39.7s #peers 3 #RPCs  1682 #Ops    0
--- PASS: TestSnapshotInstallUnCrash3D (39.73s)
=== RUN   TestSnapshotAllCrash3D
Test (3D): crash and restart all servers (unreliable network)...
  ... Passed --  time  8.2s #peers 3 #RPCs   380 #Ops    0
--- PASS: TestSnapshotAllCrash3D (8.24s)
=== RUN   TestSnapshotInit3D
Test (3D): snapshot initialization after crash (unreliable network)...
  ... Passed --  time  2.0s #peers 3 #RPCs    78 #Ops    0
--- PASS: TestSnapshotInit3D (1.96s)
PASS
ok  	6.5840/raft1	359.054s
