=== RUN   TestInitialElection3A
Test (3A): initial election (reliable network)...
  ... Passed --  time  3.0s #peers 3 #RPCs   108 #Ops    0
--- PASS: TestInitialElection3A (3.00s)
=== RUN   TestReElection3A
Test (3A): election after network failure (reliable network)...
  ... Passed --  time  5.1s #peers 3 #RPCs   228 #Ops    0
--- PASS: TestReElection3A (5.09s)
=== RUN   TestManyElections3A
Test (3A): multiple elections (reliable network)...
Fatal: expected one leader, got none
        /home/vector/MIT6_824/6.5840/src/raft1/test.go:100
        /home/vector/MIT6_824/6.5840/src/raft1/raft_test.go:124
info: wrote visualization to /tmp/porcupine-1965601265.html
--- FAIL: TestManyElections3A (6.33s)
=== RUN   TestBasicAgree3B
Test (3B): basic agreement (reliable network)...
  ... Passed --  time  0.5s #peers 3 #RPCs    20 #Ops    0
--- PASS: TestBasicAgree3B (0.50s)
=== RUN   TestRPCBytes3B
Test (3B): RPC byte count (reliable network)...
  ... Passed --  time  0.9s #peers 3 #RPCs    52 #Ops    0
--- PASS: TestRPCBytes3B (0.90s)
=== RUN   TestFollowerFailure3B
Test (3B): test progressive failure of followers (reliable network)...
  ... Passed --  time  4.4s #peers 3 #RPCs   178 #Ops    0
--- PASS: TestFollowerFailure3B (4.39s)
=== RUN   TestLeaderFailure3B
Test (3B): test failure of leaders (reliable network)...
  ... Passed --  time  4.9s #peers 3 #RPCs   340 #Ops    0
--- PASS: TestLeaderFailure3B (4.86s)
=== RUN   TestFailAgree3B
Test (3B): agreement after follower reconnects (reliable network)...
  ... Passed --  time  5.2s #peers 3 #RPCs   218 #Ops    0
--- PASS: TestFailAgree3B (5.24s)
=== RUN   TestFailNoAgree3B
Test (3B): no agreement if too many followers disconnect (reliable network)...
  ... Passed --  time  3.3s #peers 5 #RPCs   284 #Ops    0
--- PASS: TestFailNoAgree3B (3.35s)
=== RUN   TestConcurrentStarts3B
Test (3B): concurrent Start()s (reliable network)...
  ... Passed --  time  0.5s #peers 3 #RPCs    24 #Ops    0
--- PASS: TestConcurrentStarts3B (0.50s)
=== RUN   TestRejoin3B
Test (3B): rejoin of partitioned leader (reliable network)...
  ... Passed --  time  5.9s #peers 3 #RPCs   340 #Ops    0
--- PASS: TestRejoin3B (5.94s)
=== RUN   TestBackup3B
Test (3B): leader backs up quickly over incorrect follower logs (reliable network)...
  ... Passed --  time 22.2s #peers 5 #RPCs  3112 #Ops    0
--- PASS: TestBackup3B (22.21s)
=== RUN   TestCount3B
Test (3B): RPC counts aren't too high (reliable network)...
  ... Passed --  time  2.0s #peers 3 #RPCs    92 #Ops    0
--- PASS: TestCount3B (1.95s)
=== RUN   TestPersist13C
Test (3C): basic persistence (reliable network)...
  ... Passed --  time  3.5s #peers 3 #RPCs   106 #Ops    0
--- PASS: TestPersist13C (3.52s)
=== RUN   TestPersist23C
Test (3C): more persistence (reliable network)...
  ... Passed --  time 32.6s #peers 5 #RPCs   492 #Ops    0
--- PASS: TestPersist23C (32.56s)
=== RUN   TestPersist33C
Test (3C): partitioned leader and one follower crash, leader restarts (reliable network)...
  ... Passed --  time  1.5s #peers 3 #RPCs    46 #Ops    0
--- PASS: TestPersist33C (1.48s)
=== RUN   TestFigure83C
Test (3C): Figure 8 (reliable network)...
  ... Passed --  time 28.0s #peers 5 #RPCs   705 #Ops    0
--- PASS: TestFigure83C (28.02s)
=== RUN   TestUnreliableAgree3C
Test (3C): unreliable agreement (unreliable network)...
  ... Passed --  time  1.5s #peers 5 #RPCs  1088 #Ops    0
--- PASS: TestUnreliableAgree3C (1.47s)
=== RUN   TestFigure8Unreliable3C
Test (3C): Figure 8 (unreliable) (unreliable network)...
  ... Passed --  time 32.5s #peers 5 #RPCs 13060 #Ops    0
--- PASS: TestFigure8Unreliable3C (32.45s)
=== RUN   TestReliableChurn3C
Test (3C): churn (reliable network)...
  ... Passed --  time 16.1s #peers 5 #RPCs  4284 #Ops    0
--- PASS: TestReliableChurn3C (16.15s)
=== RUN   TestUnreliableChurn3C
Test (3C): unreliable churn (unreliable network)...
  ... Passed --  time 16.2s #peers 5 #RPCs  2713 #Ops    0
--- PASS: TestUnreliableChurn3C (16.16s)
=== RUN   TestSnapshotBasic3D
Test (3D): snapshots basic (reliable network)...
  ... Passed --  time  1.9s #peers 3 #RPCs   498 #Ops    0
--- PASS: TestSnapshotBasic3D (1.94s)
=== RUN   TestSnapshotInstall3D
Test (3D): install snapshots (disconnect) (reliable network)...
  ... Passed --  time 40.8s #peers 3 #RPCs  2426 #Ops    0
--- PASS: TestSnapshotInstall3D (40.77s)
=== RUN   TestSnapshotInstallUnreliable3D
Test (3D): install snapshots (disconnect) (unreliable network)...
  ... Passed --  time 40.6s #peers 3 #RPCs  2376 #Ops    0
--- PASS: TestSnapshotInstallUnreliable3D (40.57s)
=== RUN   TestSnapshotInstallCrash3D
Test (3D): install snapshots (crash) (reliable network)...
  ... Passed --  time 23.5s #peers 3 #RPCs  1486 #Ops    0
--- PASS: TestSnapshotInstallCrash3D (23.47s)
=== RUN   TestSnapshotInstallUnCrash3D
Test (3D): install snapshots (crash) (unreliable network)...
  ... Passed --  time 48.9s #peers 3 #RPCs  1666 #Ops    0
--- PASS: TestSnapshotInstallUnCrash3D (48.95s)
=== RUN   TestSnapshotAllCrash3D
Test (3D): crash and restart all servers (unreliable network)...
  ... Passed --  time  5.7s #peers 3 #RPCs   264 #Ops    0
--- PASS: TestSnapshotAllCrash3D (5.73s)
=== RUN   TestSnapshotInit3D
Test (3D): snapshot initialization after crash (unreliable network)...
  ... Passed --  time  2.5s #peers 3 #RPCs    92 #Ops    0
--- PASS: TestSnapshotInit3D (2.53s)
FAIL
exit status 1
FAIL	6.5840/raft1	360.080s
