=== RUN   TestInitialElection3A
Test (3A): initial election (reliable network)...
  ... Passed --  time  3.0s #peers 3 #RPCs   108 #Ops    0
--- PASS: TestInitialElection3A (3.02s)
=== RUN   TestReElection3A
Test (3A): election after network failure (reliable network)...
  ... Passed --  time  8.7s #peers 3 #RPCs   356 #Ops    0
--- PASS: TestReElection3A (8.68s)
=== RUN   TestManyElections3A
Test (3A): multiple elections (reliable network)...
  ... Passed --  time  7.3s #peers 7 #RPCs  1356 #Ops    0
--- PASS: TestManyElections3A (7.30s)
=== RUN   TestBasicAgree3B
Test (3B): basic agreement (reliable network)...
  ... Passed --  time  0.6s #peers 3 #RPCs    20 #Ops    0
--- PASS: TestBasicAgree3B (0.58s)
=== RUN   TestRPCBytes3B
Test (3B): RPC byte count (reliable network)...
  ... Passed --  time  1.0s #peers 3 #RPCs    50 #Ops    0
--- PASS: TestRPCBytes3B (0.96s)
=== RUN   TestFollowerFailure3B
Test (3B): test progressive failure of followers (reliable network)...
  ... Passed --  time  4.4s #peers 3 #RPCs   178 #Ops    0
--- PASS: TestFollowerFailure3B (4.45s)
=== RUN   TestLeaderFailure3B
Test (3B): test failure of leaders (reliable network)...
  ... Passed --  time  4.9s #peers 3 #RPCs   338 #Ops    0
--- PASS: TestLeaderFailure3B (4.86s)
=== RUN   TestFailAgree3B
Test (3B): agreement after follower reconnects (reliable network)...
  ... Passed --  time  3.0s #peers 3 #RPCs   132 #Ops    0
--- PASS: TestFailAgree3B (3.03s)
=== RUN   TestFailNoAgree3B
Test (3B): no agreement if too many followers disconnect (reliable network)...
  ... Passed --  time  3.4s #peers 5 #RPCs   288 #Ops    0
--- PASS: TestFailNoAgree3B (3.41s)
=== RUN   TestConcurrentStarts3B
Test (3B): concurrent Start()s (reliable network)...
  ... Passed --  time  0.5s #peers 3 #RPCs    24 #Ops    0
--- PASS: TestConcurrentStarts3B (0.54s)
=== RUN   TestRejoin3B
Test (3B): rejoin of partitioned leader (reliable network)...
  ... Passed --  time  6.0s #peers 3 #RPCs   350 #Ops    0
--- PASS: TestRejoin3B (6.03s)
=== RUN   TestBackup3B
Test (3B): leader backs up quickly over incorrect follower logs (reliable network)...
  ... Passed --  time 18.3s #peers 5 #RPCs  2796 #Ops    0
--- PASS: TestBackup3B (18.32s)
=== RUN   TestCount3B
Test (3B): RPC counts aren't too high (reliable network)...
  ... Passed --  time  2.1s #peers 3 #RPCs    96 #Ops    0
--- PASS: TestCount3B (2.07s)
=== RUN   TestPersist13C
Test (3C): basic persistence (reliable network)...
  ... Passed --  time  3.3s #peers 3 #RPCs   106 #Ops    0
--- PASS: TestPersist13C (3.34s)
=== RUN   TestPersist23C
Test (3C): more persistence (reliable network)...
  ... Passed --  time 30.7s #peers 5 #RPCs   468 #Ops    0
--- PASS: TestPersist23C (30.71s)
=== RUN   TestPersist33C
Test (3C): partitioned leader and one follower crash, leader restarts (reliable network)...
  ... Passed --  time  1.6s #peers 3 #RPCs    52 #Ops    0
--- PASS: TestPersist33C (1.59s)
=== RUN   TestFigure83C
Test (3C): Figure 8 (reliable network)...
  ... Passed --  time 36.5s #peers 5 #RPCs   924 #Ops    0
--- PASS: TestFigure83C (36.49s)
=== RUN   TestUnreliableAgree3C
Test (3C): unreliable agreement (unreliable network)...
  ... Passed --  time  1.4s #peers 5 #RPCs  1080 #Ops    0
--- PASS: TestUnreliableAgree3C (1.44s)
=== RUN   TestFigure8Unreliable3C
Test (3C): Figure 8 (unreliable) (unreliable network)...
  ... Passed --  time 32.9s #peers 5 #RPCs 12320 #Ops    0
--- PASS: TestFigure8Unreliable3C (32.88s)
=== RUN   TestReliableChurn3C
Test (3C): churn (reliable network)...
  ... Passed --  time 16.2s #peers 5 #RPCs  6260 #Ops    0
--- PASS: TestReliableChurn3C (16.17s)
=== RUN   TestUnreliableChurn3C
Test (3C): unreliable churn (unreliable network)...
  ... Passed --  time 16.1s #peers 5 #RPCs  1576 #Ops    0
--- PASS: TestUnreliableChurn3C (16.12s)
=== RUN   TestSnapshotBasic3D
Test (3D): snapshots basic (reliable network)...
  ... Passed --  time  2.0s #peers 3 #RPCs   536 #Ops    0
--- PASS: TestSnapshotBasic3D (1.96s)
=== RUN   TestSnapshotInstall3D
Test (3D): install snapshots (disconnect) (reliable network)...
  ... Passed --  time 33.0s #peers 3 #RPCs  2030 #Ops    0
--- PASS: TestSnapshotInstall3D (33.03s)
=== RUN   TestSnapshotInstallUnreliable3D
Test (3D): install snapshots (disconnect) (unreliable network)...
  ... Passed --  time 42.4s #peers 3 #RPCs  2444 #Ops    0
--- PASS: TestSnapshotInstallUnreliable3D (42.45s)
=== RUN   TestSnapshotInstallCrash3D
Test (3D): install snapshots (crash) (reliable network)...
  ... Passed --  time 26.2s #peers 3 #RPCs  1474 #Ops    0
--- PASS: TestSnapshotInstallCrash3D (26.16s)
=== RUN   TestSnapshotInstallUnCrash3D
Test (3D): install snapshots (crash) (unreliable network)...
  ... Passed --  time 35.5s #peers 3 #RPCs  1668 #Ops    0
--- PASS: TestSnapshotInstallUnCrash3D (35.51s)
=== RUN   TestSnapshotAllCrash3D
Test (3D): crash and restart all servers (unreliable network)...
  ... Passed --  time  7.4s #peers 3 #RPCs   364 #Ops    0
--- PASS: TestSnapshotAllCrash3D (7.41s)
=== RUN   TestSnapshotInit3D
Test (3D): snapshot initialization after crash (unreliable network)...
  ... Passed --  time  2.0s #peers 3 #RPCs    88 #Ops    0
--- PASS: TestSnapshotInit3D (2.04s)
PASS
ok  	6.5840/raft1	351.603s
