=== RUN   TestInitialElection3A
Test (3A): initial election (reliable network)...
  ... Passed --  time  3.0s #peers 3 #RPCs   112 #Ops    0
--- PASS: TestInitialElection3A (3.02s)
=== RUN   TestReElection3A
Test (3A): election after network failure (reliable network)...
  ... Passed --  time  6.9s #peers 3 #RPCs   286 #Ops    0
--- PASS: TestReElection3A (6.89s)
=== RUN   TestManyElections3A
Test (3A): multiple elections (reliable network)...
Fatal: expected one leader, got none
        /home/vector/MIT6_824/6.5840/src/raft1/test.go:100
        /home/vector/MIT6_824/6.5840/src/raft1/raft_test.go:124
info: wrote visualization to /tmp/porcupine-2505244615.html
--- FAIL: TestManyElections3A (6.89s)
=== RUN   TestBasicAgree3B
Test (3B): basic agreement (reliable network)...
  ... Passed --  time  0.5s #peers 3 #RPCs    18 #Ops    0
--- PASS: TestBasicAgree3B (0.50s)
=== RUN   TestRPCBytes3B
Test (3B): RPC byte count (reliable network)...
  ... Passed --  time  0.9s #peers 3 #RPCs    48 #Ops    0
--- PASS: TestRPCBytes3B (0.89s)
=== RUN   TestFollowerFailure3B
Test (3B): test progressive failure of followers (reliable network)...
  ... Passed --  time  4.5s #peers 3 #RPCs   184 #Ops    0
--- PASS: TestFollowerFailure3B (4.52s)
=== RUN   TestLeaderFailure3B
Test (3B): test failure of leaders (reliable network)...
  ... Passed --  time  4.8s #peers 3 #RPCs   338 #Ops    0
--- PASS: TestLeaderFailure3B (4.81s)
=== RUN   TestFailAgree3B
Test (3B): agreement after follower reconnects (reliable network)...
  ... Passed --  time  5.1s #peers 3 #RPCs   214 #Ops    0
--- PASS: TestFailAgree3B (5.09s)
=== RUN   TestFailNoAgree3B
Test (3B): no agreement if too many followers disconnect (reliable network)...
  ... Passed --  time  3.4s #peers 5 #RPCs   288 #Ops    0
--- PASS: TestFailNoAgree3B (3.41s)
=== RUN   TestConcurrentStarts3B
Test (3B): concurrent Start()s (reliable network)...
  ... Passed --  time  0.5s #peers 3 #RPCs    20 #Ops    0
--- PASS: TestConcurrentStarts3B (0.46s)
=== RUN   TestRejoin3B
Test (3B): rejoin of partitioned leader (reliable network)...
  ... Passed --  time  3.9s #peers 3 #RPCs   260 #Ops    0
--- PASS: TestRejoin3B (3.94s)
=== RUN   TestBackup3B
Test (3B): leader backs up quickly over incorrect follower logs (reliable network)...
  ... Passed --  time 16.9s #peers 5 #RPCs  2676 #Ops    0
--- PASS: TestBackup3B (16.92s)
=== RUN   TestCount3B
Test (3B): RPC counts aren't too high (reliable network)...
  ... Passed --  time  2.1s #peers 3 #RPCs   100 #Ops    0
--- PASS: TestCount3B (2.10s)
=== RUN   TestPersist13C
Test (3C): basic persistence (reliable network)...
  ... Passed --  time  3.5s #peers 3 #RPCs   108 #Ops    0
--- PASS: TestPersist13C (3.49s)
=== RUN   TestPersist23C
Test (3C): more persistence (reliable network)...
  ... Passed --  time 34.1s #peers 5 #RPCs   472 #Ops    0
--- PASS: TestPersist23C (34.11s)
=== RUN   TestPersist33C
Test (3C): partitioned leader and one follower crash, leader restarts (reliable network)...
  ... Passed --  time  1.5s #peers 3 #RPCs    50 #Ops    0
--- PASS: TestPersist33C (1.46s)
=== RUN   TestFigure83C
Test (3C): Figure 8 (reliable network)...
  ... Passed --  time 31.0s #peers 5 #RPCs  1120 #Ops    0
--- PASS: TestFigure83C (31.00s)
=== RUN   TestUnreliableAgree3C
Test (3C): unreliable agreement (unreliable network)...
  ... Passed --  time  1.5s #peers 5 #RPCs  1084 #Ops    0
--- PASS: TestUnreliableAgree3C (1.51s)
=== RUN   TestFigure8Unreliable3C
Test (3C): Figure 8 (unreliable) (unreliable network)...
  ... Passed --  time 36.5s #peers 5 #RPCs 10508 #Ops    0
--- PASS: TestFigure8Unreliable3C (36.50s)
=== RUN   TestReliableChurn3C
Test (3C): churn (reliable network)...
  ... Passed --  time 16.2s #peers 5 #RPCs  8250 #Ops    0
--- PASS: TestReliableChurn3C (16.19s)
=== RUN   TestUnreliableChurn3C
Test (3C): unreliable churn (unreliable network)...
  ... Passed --  time 16.2s #peers 5 #RPCs  3276 #Ops    0
--- PASS: TestUnreliableChurn3C (16.18s)
=== RUN   TestSnapshotBasic3D
Test (3D): snapshots basic (reliable network)...
  ... Passed --  time  1.9s #peers 3 #RPCs   466 #Ops    0
--- PASS: TestSnapshotBasic3D (1.89s)
=== RUN   TestSnapshotInstall3D
Test (3D): install snapshots (disconnect) (reliable network)...
  ... Passed --  time 35.3s #peers 3 #RPCs  2124 #Ops    0
--- PASS: TestSnapshotInstall3D (35.26s)
=== RUN   TestSnapshotInstallUnreliable3D
Test (3D): install snapshots (disconnect) (unreliable network)...
  ... Passed --  time 54.2s #peers 3 #RPCs  2956 #Ops    0
--- PASS: TestSnapshotInstallUnreliable3D (54.18s)
=== RUN   TestSnapshotInstallCrash3D
Test (3D): install snapshots (crash) (reliable network)...
  ... Passed --  time 24.8s #peers 3 #RPCs  1444 #Ops    0
--- PASS: TestSnapshotInstallCrash3D (24.78s)
=== RUN   TestSnapshotInstallUnCrash3D
Test (3D): install snapshots (crash) (unreliable network)...
  ... Passed --  time 33.6s #peers 3 #RPCs  1618 #Ops    0
--- PASS: TestSnapshotInstallUnCrash3D (33.62s)
=== RUN   TestSnapshotAllCrash3D
Test (3D): crash and restart all servers (unreliable network)...
  ... Passed --  time  7.3s #peers 3 #RPCs   356 #Ops    0
--- PASS: TestSnapshotAllCrash3D (7.31s)
=== RUN   TestSnapshotInit3D
Test (3D): snapshot initialization after crash (unreliable network)...
  ... Passed --  time  2.2s #peers 3 #RPCs    90 #Ops    0
--- PASS: TestSnapshotInit3D (2.17s)
FAIL
exit status 1
FAIL	6.5840/raft1	359.174s
