=== RUN   TestInitialElection3A
Test (3A): initial election (reliable network)...
  ... Passed --  time  3.0s #peers 3 #RPCs   110 #Ops    0
--- PASS: TestInitialElection3A (3.05s)
=== RUN   TestReElection3A
Test (3A): election after network failure (reliable network)...
Fatal: expected one leader, got none
        /home/vector/MIT6_824/6.5840/src/raft1/test.go:100
        /home/vector/MIT6_824/6.5840/src/raft1/raft_test.go:93
info: wrote visualization to /tmp/porcupine-3888944713.html
--- FAIL: TestReElection3A (8.45s)
=== RUN   TestManyElections3A
Test (3A): multiple elections (reliable network)...
  ... Passed --  time  6.7s #peers 7 #RPCs   918 #Ops    0
--- PASS: TestManyElections3A (6.69s)
=== RUN   TestBasicAgree3B
Test (3B): basic agreement (reliable network)...
  ... Passed --  time  0.5s #peers 3 #RPCs    18 #Ops    0
--- PASS: TestBasicAgree3B (0.50s)
=== RUN   TestRPCBytes3B
Test (3B): RPC byte count (reliable network)...
  ... Passed --  time  1.0s #peers 3 #RPCs    50 #Ops    0
--- PASS: TestRPCBytes3B (1.01s)
=== RUN   TestFollowerFailure3B
Test (3B): test progressive failure of followers (reliable network)...
  ... Passed --  time  4.5s #peers 3 #RPCs   180 #Ops    0
--- PASS: TestFollowerFailure3B (4.49s)
=== RUN   TestLeaderFailure3B
Test (3B): test failure of leaders (reliable network)...
  ... Passed --  time  4.8s #peers 3 #RPCs   336 #Ops    0
--- PASS: TestLeaderFailure3B (4.85s)
=== RUN   TestFailAgree3B
Test (3B): agreement after follower reconnects (reliable network)...
  ... Passed --  time  5.2s #peers 3 #RPCs   218 #Ops    0
--- PASS: TestFailAgree3B (5.18s)
=== RUN   TestFailNoAgree3B
Test (3B): no agreement if too many followers disconnect (reliable network)...
  ... Passed --  time  3.5s #peers 5 #RPCs   292 #Ops    0
--- PASS: TestFailNoAgree3B (3.48s)
=== RUN   TestConcurrentStarts3B
Test (3B): concurrent Start()s (reliable network)...
  ... Passed --  time  0.5s #peers 3 #RPCs    24 #Ops    0
--- PASS: TestConcurrentStarts3B (0.50s)
=== RUN   TestRejoin3B
Test (3B): rejoin of partitioned leader (reliable network)...
  ... Passed --  time  3.8s #peers 3 #RPCs   258 #Ops    0
--- PASS: TestRejoin3B (3.81s)
=== RUN   TestBackup3B
Test (3B): leader backs up quickly over incorrect follower logs (reliable network)...
  ... Passed --  time 20.4s #peers 5 #RPCs  2968 #Ops    0
--- PASS: TestBackup3B (20.43s)
=== RUN   TestCount3B
Test (3B): RPC counts aren't too high (reliable network)...
  ... Passed --  time  2.1s #peers 3 #RPCs    96 #Ops    0
--- PASS: TestCount3B (2.08s)
=== RUN   TestPersist13C
Test (3C): basic persistence (reliable network)...
  ... Passed --  time  3.2s #peers 3 #RPCs   104 #Ops    0
--- PASS: TestPersist13C (3.16s)
=== RUN   TestPersist23C
Test (3C): more persistence (reliable network)...
  ... Passed --  time 35.9s #peers 5 #RPCs   476 #Ops    0
--- PASS: TestPersist23C (35.87s)
=== RUN   TestPersist33C
Test (3C): partitioned leader and one follower crash, leader restarts (reliable network)...
  ... Passed --  time  1.5s #peers 3 #RPCs    50 #Ops    0
--- PASS: TestPersist33C (1.50s)
=== RUN   TestFigure83C
Test (3C): Figure 8 (reliable network)...
  ... Passed --  time 35.7s #peers 5 #RPCs   997 #Ops    0
--- PASS: TestFigure83C (35.68s)
=== RUN   TestUnreliableAgree3C
Test (3C): unreliable agreement (unreliable network)...
  ... Passed --  time  1.5s #peers 5 #RPCs  1084 #Ops    0
--- PASS: TestUnreliableAgree3C (1.47s)
=== RUN   TestFigure8Unreliable3C
Test (3C): Figure 8 (unreliable) (unreliable network)...
  ... Passed --  time 36.2s #peers 5 #RPCs 11767 #Ops    0
--- PASS: TestFigure8Unreliable3C (36.18s)
=== RUN   TestReliableChurn3C
Test (3C): churn (reliable network)...
  ... Passed --  time 16.3s #peers 5 #RPCs  7714 #Ops    0
--- PASS: TestReliableChurn3C (16.27s)
=== RUN   TestUnreliableChurn3C
Test (3C): unreliable churn (unreliable network)...
  ... Passed --  time 16.1s #peers 5 #RPCs  5696 #Ops    0
--- PASS: TestUnreliableChurn3C (16.10s)
=== RUN   TestSnapshotBasic3D
Test (3D): snapshots basic (reliable network)...
  ... Passed --  time  1.9s #peers 3 #RPCs   480 #Ops    0
--- PASS: TestSnapshotBasic3D (1.86s)
=== RUN   TestSnapshotInstall3D
Test (3D): install snapshots (disconnect) (reliable network)...
  ... Passed --  time 34.1s #peers 3 #RPCs  2124 #Ops    0
--- PASS: TestSnapshotInstall3D (34.09s)
=== RUN   TestSnapshotInstallUnreliable3D
Test (3D): install snapshots (disconnect) (unreliable network)...
  ... Passed --  time 49.1s #peers 3 #RPCs  2708 #Ops    0
--- PASS: TestSnapshotInstallUnreliable3D (49.09s)
=== RUN   TestSnapshotInstallCrash3D
Test (3D): install snapshots (crash) (reliable network)...
  ... Passed --  time 22.9s #peers 3 #RPCs  1472 #Ops    0
--- PASS: TestSnapshotInstallCrash3D (22.86s)
=== RUN   TestSnapshotInstallUnCrash3D
Test (3D): install snapshots (crash) (unreliable network)...
  ... Passed --  time 35.4s #peers 3 #RPCs  1650 #Ops    0
--- PASS: TestSnapshotInstallUnCrash3D (35.42s)
=== RUN   TestSnapshotAllCrash3D
Test (3D): crash and restart all servers (unreliable network)...
  ... Passed --  time  6.7s #peers 3 #RPCs   322 #Ops    0
--- PASS: TestSnapshotAllCrash3D (6.69s)
=== RUN   TestSnapshotInit3D
Test (3D): snapshot initialization after crash (unreliable network)...
  ... Passed --  time  2.1s #peers 3 #RPCs    82 #Ops    0
--- PASS: TestSnapshotInit3D (2.14s)
FAIL
exit status 1
FAIL	6.5840/raft1	362.938s
