=== RUN   TestInitialElection3A
Test (3A): initial election (reliable network)...
  ... Passed --  time  3.0s #peers 3 #RPCs   110 #Ops    0
--- PASS: TestInitialElection3A (3.04s)
=== RUN   TestReElection3A
Test (3A): election after network failure (reliable network)...
  ... Passed --  time  8.6s #peers 3 #RPCs   364 #Ops    0
--- PASS: TestReElection3A (8.64s)
=== RUN   TestManyElections3A
Test (3A): multiple elections (reliable network)...
  ... Passed --  time  8.3s #peers 7 #RPCs  1122 #Ops    0
--- PASS: TestManyElections3A (8.34s)
=== RUN   TestBasicAgree3B
Test (3B): basic agreement (reliable network)...
  ... Passed --  time  0.5s #peers 3 #RPCs    18 #Ops    0
--- PASS: TestBasicAgree3B (0.48s)
=== RUN   TestRPCBytes3B
Test (3B): RPC byte count (reliable network)...
  ... Passed --  time  0.9s #peers 3 #RPCs    50 #Ops    0
--- PASS: TestRPCBytes3B (0.90s)
=== RUN   TestFollowerFailure3B
Test (3B): test progressive failure of followers (reliable network)...
  ... Passed --  time  4.5s #peers 3 #RPCs   178 #Ops    0
--- PASS: TestFollowerFailure3B (4.46s)
=== RUN   TestLeaderFailure3B
Test (3B): test failure of leaders (reliable network)...
  ... Passed --  time  4.8s #peers 3 #RPCs   340 #Ops    0
--- PASS: TestLeaderFailure3B (4.80s)
=== RUN   TestFailAgree3B
Test (3B): agreement after follower reconnects (reliable network)...
  ... Passed --  time  3.3s #peers 3 #RPCs   136 #Ops    0
--- PASS: TestFailAgree3B (3.25s)
=== RUN   TestFailNoAgree3B
Test (3B): no agreement if too many followers disconnect (reliable network)...
  ... Passed --  time  3.4s #peers 5 #RPCs   292 #Ops    0
--- PASS: TestFailNoAgree3B (3.44s)
=== RUN   TestConcurrentStarts3B
Test (3B): concurrent Start()s (reliable network)...
  ... Passed --  time  0.5s #peers 3 #RPCs    24 #Ops    0
--- PASS: TestConcurrentStarts3B (0.51s)
=== RUN   TestRejoin3B
Test (3B): rejoin of partitioned leader (reliable network)...
  ... Passed --  time  3.8s #peers 3 #RPCs   252 #Ops    0
--- PASS: TestRejoin3B (3.85s)
=== RUN   TestBackup3B
Test (3B): leader backs up quickly over incorrect follower logs (reliable network)...
  ... Passed --  time 20.0s #peers 5 #RPCs  2928 #Ops    0
--- PASS: TestBackup3B (20.04s)
=== RUN   TestCount3B
Test (3B): RPC counts aren't too high (reliable network)...
  ... Passed --  time  2.0s #peers 3 #RPCs    92 #Ops    0
--- PASS: TestCount3B (2.02s)
=== RUN   TestPersist13C
Test (3C): basic persistence (reliable network)...
  ... Passed --  time  8.7s #peers 3 #RPCs   110 #Ops    0
--- PASS: TestPersist13C (8.68s)
=== RUN   TestPersist23C
Test (3C): more persistence (reliable network)...
  ... Passed --  time 33.2s #peers 5 #RPCs   472 #Ops    0
--- PASS: TestPersist23C (33.21s)
=== RUN   TestPersist33C
Test (3C): partitioned leader and one follower crash, leader restarts (reliable network)...
  ... Passed --  time  1.5s #peers 3 #RPCs    48 #Ops    0
--- PASS: TestPersist33C (1.51s)
=== RUN   TestFigure83C
Test (3C): Figure 8 (reliable network)...
  ... Passed --  time 31.4s #peers 5 #RPCs   948 #Ops    0
--- PASS: TestFigure83C (31.42s)
=== RUN   TestUnreliableAgree3C
Test (3C): unreliable agreement (unreliable network)...
  ... Passed --  time  1.5s #peers 5 #RPCs  1088 #Ops    0
--- PASS: TestUnreliableAgree3C (1.49s)
=== RUN   TestFigure8Unreliable3C
Test (3C): Figure 8 (unreliable) (unreliable network)...
  ... Passed --  time 37.1s #peers 5 #RPCs 13709 #Ops    0
--- PASS: TestFigure8Unreliable3C (37.08s)
=== RUN   TestReliableChurn3C
Test (3C): churn (reliable network)...
  ... Passed --  time 16.2s #peers 5 #RPCs  4116 #Ops    0
--- PASS: TestReliableChurn3C (16.16s)
=== RUN   TestUnreliableChurn3C
Test (3C): unreliable churn (unreliable network)...
  ... Passed --  time 16.1s #peers 5 #RPCs  4080 #Ops    0
--- PASS: TestUnreliableChurn3C (16.11s)
=== RUN   TestSnapshotBasic3D
Test (3D): snapshots basic (reliable network)...
  ... Passed --  time  2.1s #peers 3 #RPCs   518 #Ops    0
--- PASS: TestSnapshotBasic3D (2.13s)
=== RUN   TestSnapshotInstall3D
Test (3D): install snapshots (disconnect) (reliable network)...
  ... Passed --  time 33.4s #peers 3 #RPCs  2110 #Ops    0
--- PASS: TestSnapshotInstall3D (33.37s)
=== RUN   TestSnapshotInstallUnreliable3D
Test (3D): install snapshots (disconnect) (unreliable network)...
  ... Passed --  time 47.5s #peers 3 #RPCs  2626 #Ops    0
--- PASS: TestSnapshotInstallUnreliable3D (47.51s)
=== RUN   TestSnapshotInstallCrash3D
Test (3D): install snapshots (crash) (reliable network)...
  ... Passed --  time 23.0s #peers 3 #RPCs  1438 #Ops    0
--- PASS: TestSnapshotInstallCrash3D (23.01s)
=== RUN   TestSnapshotInstallUnCrash3D
Test (3D): install snapshots (crash) (unreliable network)...
  ... Passed --  time 27.3s #peers 3 #RPCs  1621 #Ops    0
--- PASS: TestSnapshotInstallUnCrash3D (27.33s)
=== RUN   TestSnapshotAllCrash3D
Test (3D): crash and restart all servers (unreliable network)...
  ... Passed --  time  7.7s #peers 3 #RPCs   354 #Ops    0
--- PASS: TestSnapshotAllCrash3D (7.72s)
=== RUN   TestSnapshotInit3D
Test (3D): snapshot initialization after crash (unreliable network)...
  ... Passed --  time  2.3s #peers 3 #RPCs    90 #Ops    0
--- PASS: TestSnapshotInit3D (2.31s)
PASS
ok  	6.5840/raft1	353.867s
