=== RUN   TestInitialElection3A
Test (3A): initial election (reliable network)...
  ... Passed --  time  3.0s #peers 3 #RPCs   110 #Ops    0
--- PASS: TestInitialElection3A (3.05s)
=== RUN   TestReElection3A
Test (3A): election after network failure (reliable network)...
  ... Passed --  time 10.8s #peers 3 #RPCs   462 #Ops    0
--- PASS: TestReElection3A (10.85s)
=== RUN   TestManyElections3A
Test (3A): multiple elections (reliable network)...
  ... Passed --  time  9.2s #peers 7 #RPCs  1566 #Ops    0
--- PASS: TestManyElections3A (9.17s)
=== RUN   TestBasicAgree3B
Test (3B): basic agreement (reliable network)...
  ... Passed --  time  0.5s #peers 3 #RPCs    18 #Ops    0
--- PASS: TestBasicAgree3B (0.50s)
=== RUN   TestRPCBytes3B
Test (3B): RPC byte count (reliable network)...
  ... Passed --  time  1.0s #peers 3 #RPCs    50 #Ops    0
--- PASS: TestRPCBytes3B (1.03s)
=== RUN   TestFollowerFailure3B
Test (3B): test progressive failure of followers (reliable network)...
  ... Passed --  time  4.6s #peers 3 #RPCs   182 #Ops    0
--- PASS: TestFollowerFailure3B (4.64s)
=== RUN   TestLeaderFailure3B
Test (3B): test failure of leaders (reliable network)...
  ... Passed --  time  4.8s #peers 3 #RPCs   336 #Ops    0
--- PASS: TestLeaderFailure3B (4.81s)
=== RUN   TestFailAgree3B
Test (3B): agreement after follower reconnects (reliable network)...
  ... Passed --  time  3.1s #peers 3 #RPCs   134 #Ops    0
--- PASS: TestFailAgree3B (3.15s)
=== RUN   TestFailNoAgree3B
Test (3B): no agreement if too many followers disconnect (reliable network)...
  ... Passed --  time  3.5s #peers 5 #RPCs   292 #Ops    0
--- PASS: TestFailNoAgree3B (3.46s)
=== RUN   TestConcurrentStarts3B
Test (3B): concurrent Start()s (reliable network)...
  ... Passed --  time  0.5s #peers 3 #RPCs    24 #Ops    0
--- PASS: TestConcurrentStarts3B (0.48s)
=== RUN   TestRejoin3B
Test (3B): rejoin of partitioned leader (reliable network)...
  ... Passed --  time  8.8s #peers 3 #RPCs   458 #Ops    0
--- PASS: TestRejoin3B (8.84s)
=== RUN   TestBackup3B
Test (3B): leader backs up quickly over incorrect follower logs (reliable network)...
  ... Passed --  time 17.4s #peers 5 #RPCs  2708 #Ops    0
--- PASS: TestBackup3B (17.43s)
=== RUN   TestCount3B
Test (3B): RPC counts aren't too high (reliable network)...
  ... Passed --  time  2.0s #peers 3 #RPCs    94 #Ops    0
--- PASS: TestCount3B (1.98s)
=== RUN   TestPersist13C
Test (3C): basic persistence (reliable network)...
  ... Passed --  time  3.3s #peers 3 #RPCs   106 #Ops    0
--- PASS: TestPersist13C (3.29s)
=== RUN   TestPersist23C
Test (3C): more persistence (reliable network)...
  ... Passed --  time 33.1s #peers 5 #RPCs   468 #Ops    0
--- PASS: TestPersist23C (33.12s)
=== RUN   TestPersist33C
Test (3C): partitioned leader and one follower crash, leader restarts (reliable network)...
  ... Passed --  time  1.4s #peers 3 #RPCs    48 #Ops    0
--- PASS: TestPersist33C (1.39s)
=== RUN   TestFigure83C
Test (3C): Figure 8 (reliable network)...
  ... Passed --  time 32.8s #peers 5 #RPCs   768 #Ops    0
--- PASS: TestFigure83C (32.81s)
=== RUN   TestUnreliableAgree3C
Test (3C): unreliable agreement (unreliable network)...
  ... Passed --  time  1.5s #peers 5 #RPCs  1088 #Ops    0
--- PASS: TestUnreliableAgree3C (1.49s)
=== RUN   TestFigure8Unreliable3C
Test (3C): Figure 8 (unreliable) (unreliable network)...
  ... Passed --  time 40.2s #peers 5 #RPCs 13813 #Ops    0
--- PASS: TestFigure8Unreliable3C (40.18s)
=== RUN   TestReliableChurn3C
Test (3C): churn (reliable network)...
  ... Passed --  time 16.4s #peers 5 #RPCs 10292 #Ops    0
--- PASS: TestReliableChurn3C (16.40s)
=== RUN   TestUnreliableChurn3C
Test (3C): unreliable churn (unreliable network)...
  ... Passed --  time 16.2s #peers 5 #RPCs  1984 #Ops    0
--- PASS: TestUnreliableChurn3C (16.20s)
=== RUN   TestSnapshotBasic3D
Test (3D): snapshots basic (reliable network)...
  ... Passed --  time  1.9s #peers 3 #RPCs   482 #Ops    0
--- PASS: TestSnapshotBasic3D (1.87s)
=== RUN   TestSnapshotInstall3D
Test (3D): install snapshots (disconnect) (reliable network)...
  ... Passed --  time 32.8s #peers 3 #RPCs  2058 #Ops    0
--- PASS: TestSnapshotInstall3D (32.77s)
=== RUN   TestSnapshotInstallUnreliable3D
Test (3D): install snapshots (disconnect) (unreliable network)...
  ... Passed --  time 42.7s #peers 3 #RPCs  2492 #Ops    0
--- PASS: TestSnapshotInstallUnreliable3D (42.68s)
=== RUN   TestSnapshotInstallCrash3D
Test (3D): install snapshots (crash) (reliable network)...
  ... Passed --  time 23.3s #peers 3 #RPCs  1542 #Ops    0
--- PASS: TestSnapshotInstallCrash3D (23.28s)
=== RUN   TestSnapshotInstallUnCrash3D
Test (3D): install snapshots (crash) (unreliable network)...
  ... Passed --  time 36.0s #peers 3 #RPCs  1590 #Ops    0
--- PASS: TestSnapshotInstallUnCrash3D (35.98s)
=== RUN   TestSnapshotAllCrash3D
Test (3D): crash and restart all servers (unreliable network)...
  ... Passed --  time  6.7s #peers 3 #RPCs   320 #Ops    0
--- PASS: TestSnapshotAllCrash3D (6.74s)
=== RUN   TestSnapshotInit3D
Test (3D): snapshot initialization after crash (unreliable network)...
  ... Passed --  time  2.2s #peers 3 #RPCs    88 #Ops    0
--- PASS: TestSnapshotInit3D (2.20s)
PASS
ok  	6.5840/raft1	360.857s
