=== RUN   TestInitialElection3A
Test (3A): initial election (reliable network)...
  ... Passed --  time  3.0s #peers 3 #RPCs   110 #Ops    0
--- PASS: TestInitialElection3A (3.03s)
=== RUN   TestReElection3A
Test (3A): election after network failure (reliable network)...
  ... Passed --  time  7.1s #peers 3 #RPCs   310 #Ops    0
--- PASS: TestReElection3A (7.07s)
=== RUN   TestManyElections3A
Test (3A): multiple elections (reliable network)...
  ... Passed --  time  8.5s #peers 7 #RPCs  1290 #Ops    0
--- PASS: TestManyElections3A (8.53s)
=== RUN   TestBasicAgree3B
Test (3B): basic agreement (reliable network)...
  ... Passed --  time  0.7s #peers 3 #RPCs    20 #Ops    0
--- PASS: TestBasicAgree3B (0.66s)
=== RUN   TestRPCBytes3B
Test (3B): RPC byte count (reliable network)...
  ... Passed --  time  0.9s #peers 3 #RPCs    50 #Ops    0
--- PASS: TestRPCBytes3B (0.94s)
=== RUN   TestFollowerFailure3B
Test (3B): test progressive failure of followers (reliable network)...
  ... Passed --  time  4.5s #peers 3 #RPCs   182 #Ops    0
--- PASS: TestFollowerFailure3B (4.53s)
=== RUN   TestLeaderFailure3B
Test (3B): test failure of leaders (reliable network)...
  ... Passed --  time  5.0s #peers 3 #RPCs   342 #Ops    0
--- PASS: TestLeaderFailure3B (4.98s)
=== RUN   TestFailAgree3B
Test (3B): agreement after follower reconnects (reliable network)...
  ... Passed --  time  5.2s #peers 3 #RPCs   218 #Ops    0
--- PASS: TestFailAgree3B (5.19s)
=== RUN   TestFailNoAgree3B
Test (3B): no agreement if too many followers disconnect (reliable network)...
  ... Passed --  time  3.4s #peers 5 #RPCs   288 #Ops    0
--- PASS: TestFailNoAgree3B (3.42s)
=== RUN   TestConcurrentStarts3B
Test (3B): concurrent Start()s (reliable network)...
  ... Passed --  time  0.6s #peers 3 #RPCs    24 #Ops    0
--- PASS: TestConcurrentStarts3B (0.58s)
=== RUN   TestRejoin3B
Test (3B): rejoin of partitioned leader (reliable network)...
  ... Passed --  time  5.8s #peers 3 #RPCs   340 #Ops    0
--- PASS: TestRejoin3B (5.82s)
=== RUN   TestBackup3B
Test (3B): leader backs up quickly over incorrect follower logs (reliable network)...
  ... Passed --  time 16.8s #peers 5 #RPCs  2668 #Ops    0
--- PASS: TestBackup3B (16.80s)
=== RUN   TestCount3B
Test (3B): RPC counts aren't too high (reliable network)...
  ... Passed --  time  2.0s #peers 3 #RPCs    90 #Ops    0
--- PASS: TestCount3B (1.99s)
=== RUN   TestPersist13C
Test (3C): basic persistence (reliable network)...
  ... Passed --  time  4.4s #peers 3 #RPCs   112 #Ops    0
--- PASS: TestPersist13C (4.36s)
=== RUN   TestPersist23C
Test (3C): more persistence (reliable network)...
  ... Passed --  time 32.0s #peers 5 #RPCs   468 #Ops    0
--- PASS: TestPersist23C (32.03s)
=== RUN   TestPersist33C
Test (3C): partitioned leader and one follower crash, leader restarts (reliable network)...
  ... Passed --  time  1.4s #peers 3 #RPCs    46 #Ops    0
--- PASS: TestPersist33C (1.40s)
=== RUN   TestFigure83C
Test (3C): Figure 8 (reliable network)...
  ... Passed --  time 29.6s #peers 5 #RPCs   753 #Ops    0
--- PASS: TestFigure83C (29.62s)
=== RUN   TestUnreliableAgree3C
Test (3C): unreliable agreement (unreliable network)...
  ... Passed --  time  1.5s #peers 5 #RPCs  1088 #Ops    0
--- PASS: TestUnreliableAgree3C (1.47s)
=== RUN   TestFigure8Unreliable3C
Test (3C): Figure 8 (unreliable) (unreliable network)...
  ... Passed --  time 36.5s #peers 5 #RPCs 12090 #Ops    0
--- PASS: TestFigure8Unreliable3C (36.54s)
=== RUN   TestReliableChurn3C
Test (3C): churn (reliable network)...
  ... Passed --  time 16.2s #peers 5 #RPCs  7428 #Ops    0
--- PASS: TestReliableChurn3C (16.18s)
=== RUN   TestUnreliableChurn3C
Test (3C): unreliable churn (unreliable network)...
  ... Passed --  time 16.1s #peers 5 #RPCs  2412 #Ops    0
--- PASS: TestUnreliableChurn3C (16.09s)
=== RUN   TestSnapshotBasic3D
Test (3D): snapshots basic (reliable network)...
  ... Passed --  time  2.0s #peers 3 #RPCs   494 #Ops    0
--- PASS: TestSnapshotBasic3D (2.01s)
=== RUN   TestSnapshotInstall3D
Test (3D): install snapshots (disconnect) (reliable network)...
  ... Passed --  time 39.5s #peers 3 #RPCs  2300 #Ops    0
--- PASS: TestSnapshotInstall3D (39.54s)
=== RUN   TestSnapshotInstallUnreliable3D
Test (3D): install snapshots (disconnect) (unreliable network)...
  ... Passed --  time 38.6s #peers 3 #RPCs  2296 #Ops    0
--- PASS: TestSnapshotInstallUnreliable3D (38.61s)
=== RUN   TestSnapshotInstallCrash3D
Test (3D): install snapshots (crash) (reliable network)...
  ... Passed --  time 22.6s #peers 3 #RPCs  1450 #Ops    0
--- PASS: TestSnapshotInstallCrash3D (22.63s)
=== RUN   TestSnapshotInstallUnCrash3D
Test (3D): install snapshots (crash) (unreliable network)...
  ... Passed --  time 39.0s #peers 3 #RPCs  1634 #Ops    0
--- PASS: TestSnapshotInstallUnCrash3D (38.96s)
=== RUN   TestSnapshotAllCrash3D
Test (3D): crash and restart all servers (unreliable network)...
  ... Passed --  time  6.1s #peers 3 #RPCs   286 #Ops    0
--- PASS: TestSnapshotAllCrash3D (6.07s)
=== RUN   TestSnapshotInit3D
Test (3D): snapshot initialization after crash (unreliable network)...
  ... Passed --  time  2.2s #peers 3 #RPCs    84 #Ops    0
--- PASS: TestSnapshotInit3D (2.16s)
PASS
ok  	6.5840/raft1	352.280s
