=== RUN   TestInitialElection3A
Test (3A): initial election (reliable network)...
  ... Passed --  time  3.6s #peers 3 #RPCs   114 #Ops    0
--- PASS: TestInitialElection3A (3.59s)
=== RUN   TestReElection3A
Test (3A): election after network failure (reliable network)...
  ... Passed --  time  4.6s #peers 3 #RPCs   208 #Ops    0
--- PASS: TestReElection3A (4.57s)
=== RUN   TestManyElections3A
Test (3A): multiple elections (reliable network)...
Fatal: expected one leader, got none
        /home/vector/MIT6_824/6.5840/src/raft1/test.go:100
        /home/vector/MIT6_824/6.5840/src/raft1/raft_test.go:124
info: wrote visualization to /tmp/porcupine-477766720.html
--- FAIL: TestManyElections3A (7.87s)
=== RUN   TestBasicAgree3B
Test (3B): basic agreement (reliable network)...
  ... Passed --  time  0.5s #peers 3 #RPCs    16 #Ops    0
--- PASS: TestBasicAgree3B (0.48s)
=== RUN   TestRPCBytes3B
Test (3B): RPC byte count (reliable network)...
  ... Passed --  time  1.0s #peers 3 #RPCs    50 #Ops    0
--- PASS: TestRPCBytes3B (0.95s)
=== RUN   TestFollowerFailure3B
Test (3B): test progressive failure of followers (reliable network)...
  ... Passed --  time  4.5s #peers 3 #RPCs   182 #Ops    0
--- PASS: TestFollowerFailure3B (4.45s)
=== RUN   TestLeaderFailure3B
Test (3B): test failure of leaders (reliable network)...
  ... Passed --  time  4.7s #peers 3 #RPCs   334 #Ops    0
--- PASS: TestLeaderFailure3B (4.71s)
=== RUN   TestFailAgree3B
Test (3B): agreement after follower reconnects (reliable network)...
  ... Passed --  time  5.2s #peers 3 #RPCs   218 #Ops    0
--- PASS: TestFailAgree3B (5.23s)
=== RUN   TestFailNoAgree3B
Test (3B): no agreement if too many followers disconnect (reliable network)...
  ... Passed --  time  3.5s #peers 5 #RPCs   292 #Ops    0
--- PASS: TestFailNoAgree3B (3.45s)
=== RUN   TestConcurrentStarts3B
Test (3B): concurrent Start()s (reliable network)...
  ... Passed --  time  0.6s #peers 3 #RPCs    26 #Ops    0
--- PASS: TestConcurrentStarts3B (0.61s)
=== RUN   TestRejoin3B
Test (3B): rejoin of partitioned leader (reliable network)...
  ... Passed --  time  4.0s #peers 3 #RPCs   264 #Ops    0
--- PASS: TestRejoin3B (4.00s)
=== RUN   TestBackup3B
Test (3B): leader backs up quickly over incorrect follower logs (reliable network)...
  ... Passed --  time 19.5s #peers 5 #RPCs  2880 #Ops    0
--- PASS: TestBackup3B (19.51s)
=== RUN   TestCount3B
Test (3B): RPC counts aren't too high (reliable network)...
  ... Passed --  time  2.0s #peers 3 #RPCs    94 #Ops    0
--- PASS: TestCount3B (2.05s)
=== RUN   TestPersist13C
Test (3C): basic persistence (reliable network)...
  ... Passed --  time  3.3s #peers 3 #RPCs   106 #Ops    0
--- PASS: TestPersist13C (3.29s)
=== RUN   TestPersist23C
Test (3C): more persistence (reliable network)...
  ... Passed --  time 31.1s #peers 5 #RPCs   464 #Ops    0
--- PASS: TestPersist23C (31.08s)
=== RUN   TestPersist33C
Test (3C): partitioned leader and one follower crash, leader restarts (reliable network)...
  ... Passed --  time  1.5s #peers 3 #RPCs    46 #Ops    0
--- PASS: TestPersist33C (1.53s)
=== RUN   TestFigure83C
Test (3C): Figure 8 (reliable network)...
  ... Passed --  time 31.7s #peers 5 #RPCs   708 #Ops    0
--- PASS: TestFigure83C (31.67s)
=== RUN   TestUnreliableAgree3C
Test (3C): unreliable agreement (unreliable network)...
  ... Passed --  time  1.5s #peers 5 #RPCs  1084 #Ops    0
--- PASS: TestUnreliableAgree3C (1.50s)
=== RUN   TestFigure8Unreliable3C
Test (3C): Figure 8 (unreliable) (unreliable network)...
  ... Passed --  time 36.2s #peers 5 #RPCs  9925 #Ops    0
--- PASS: TestFigure8Unreliable3C (36.19s)
=== RUN   TestReliableChurn3C
Test (3C): churn (reliable network)...
  ... Passed --  time 16.2s #peers 5 #RPCs  4704 #Ops    0
--- PASS: TestReliableChurn3C (16.19s)
=== RUN   TestUnreliableChurn3C
Test (3C): unreliable churn (unreliable network)...
  ... Passed --  time 16.1s #peers 5 #RPCs  4224 #Ops    0
--- PASS: TestUnreliableChurn3C (16.15s)
=== RUN   TestSnapshotBasic3D
Test (3D): snapshots basic (reliable network)...
  ... Passed --  time  2.1s #peers 3 #RPCs   474 #Ops    0
--- PASS: TestSnapshotBasic3D (2.06s)
=== RUN   TestSnapshotInstall3D
Test (3D): install snapshots (disconnect) (reliable network)...
  ... Passed --  time 31.5s #peers 3 #RPCs  1928 #Ops    0
--- PASS: TestSnapshotInstall3D (31.54s)
=== RUN   TestSnapshotInstallUnreliable3D
Test (3D): install snapshots (disconnect) (unreliable network)...
  ... Passed --  time 45.2s #peers 3 #RPCs  2530 #Ops    0
--- PASS: TestSnapshotInstallUnreliable3D (45.24s)
=== RUN   TestSnapshotInstallCrash3D
Test (3D): install snapshots (crash) (reliable network)...
  ... Passed --  time 22.7s #peers 3 #RPCs  1416 #Ops    0
--- PASS: TestSnapshotInstallCrash3D (22.67s)
=== RUN   TestSnapshotInstallUnCrash3D
Test (3D): install snapshots (crash) (unreliable network)...
  ... Passed --  time 32.1s #peers 3 #RPCs  1652 #Ops    0
--- PASS: TestSnapshotInstallUnCrash3D (32.06s)
=== RUN   TestSnapshotAllCrash3D
Test (3D): crash and restart all servers (unreliable network)...
  ... Passed --  time  7.2s #peers 3 #RPCs   298 #Ops    0
--- PASS: TestSnapshotAllCrash3D (7.24s)
=== RUN   TestSnapshotInit3D
Test (3D): snapshot initialization after crash (unreliable network)...
  ... Passed --  time  2.2s #peers 3 #RPCs    84 #Ops    0
--- PASS: TestSnapshotInit3D (2.16s)
FAIL
exit status 1
FAIL	6.5840/raft1	342.111s
