=== RUN   TestInitialElection3A
Test (3A): initial election (reliable network)...
  ... Passed --  time  3.0s #peers 3 #RPCs   110 #Ops    0
--- PASS: TestInitialElection3A (3.05s)
=== RUN   TestReElection3A
Test (3A): election after network failure (reliable network)...
  ... Passed --  time  5.0s #peers 3 #RPCs   222 #Ops    0
--- PASS: TestReElection3A (5.00s)
=== RUN   TestManyElections3A
Test (3A): multiple elections (reliable network)...
  ... Passed --  time  9.0s #peers 7 #RPCs  1254 #Ops    0
--- PASS: TestManyElections3A (9.01s)
=== RUN   TestBasicAgree3B
Test (3B): basic agreement (reliable network)...
  ... Passed --  time  0.5s #peers 3 #RPCs    18 #Ops    0
--- PASS: TestBasicAgree3B (0.48s)
=== RUN   TestRPCBytes3B
Test (3B): RPC byte count (reliable network)...
  ... Passed --  time  0.9s #peers 3 #RPCs    50 #Ops    0
--- PASS: TestRPCBytes3B (0.90s)
=== RUN   TestFollowerFailure3B
Test (3B): test progressive failure of followers (reliable network)...
  ... Passed --  time  4.4s #peers 3 #RPCs   182 #Ops    0
--- PASS: TestFollowerFailure3B (4.42s)
=== RUN   TestLeaderFailure3B
Test (3B): test failure of leaders (reliable network)...
  ... Passed --  time  5.0s #peers 3 #RPCs   340 #Ops    0
--- PASS: TestLeaderFailure3B (4.96s)
=== RUN   TestFailAgree3B
Test (3B): agreement after follower reconnects (reliable network)...
  ... Passed --  time  5.2s #peers 3 #RPCs   216 #Ops    0
--- PASS: TestFailAgree3B (5.20s)
=== RUN   TestFailNoAgree3B
Test (3B): no agreement if too many followers disconnect (reliable network)...
  ... Passed --  time  3.5s #peers 5 #RPCs   292 #Ops    0
--- PASS: TestFailNoAgree3B (3.51s)
=== RUN   TestConcurrentStarts3B
Test (3B): concurrent Start()s (reliable network)...
  ... Passed --  time  0.5s #peers 3 #RPCs    20 #Ops    0
--- PASS: TestConcurrentStarts3B (0.49s)
=== RUN   TestRejoin3B
Test (3B): rejoin of partitioned leader (reliable network)...
  ... Passed --  time  6.0s #peers 3 #RPCs   348 #Ops    0
--- PASS: TestRejoin3B (6.01s)
=== RUN   TestBackup3B
Test (3B): leader backs up quickly over incorrect follower logs (reliable network)...
  ... Passed --  time 19.0s #peers 5 #RPCs  2844 #Ops    0
--- PASS: TestBackup3B (18.99s)
=== RUN   TestCount3B
Test (3B): RPC counts aren't too high (reliable network)...
  ... Passed --  time  2.0s #peers 3 #RPCs    94 #Ops    0
--- PASS: TestCount3B (2.02s)
=== RUN   TestPersist13C
Test (3C): basic persistence (reliable network)...
  ... Passed --  time  3.5s #peers 3 #RPCs   110 #Ops    0
--- PASS: TestPersist13C (3.51s)
=== RUN   TestPersist23C
Test (3C): more persistence (reliable network)...
  ... Passed --  time 31.8s #peers 5 #RPCs   460 #Ops    0
--- PASS: TestPersist23C (31.81s)
=== RUN   TestPersist33C
Test (3C): partitioned leader and one follower crash, leader restarts (reliable network)...
  ... Passed --  time  1.4s #peers 3 #RPCs    48 #Ops    0
--- PASS: TestPersist33C (1.39s)
=== RUN   TestFigure83C
Test (3C): Figure 8 (reliable network)...
  ... Passed --  time 35.3s #peers 5 #RPCs  1017 #Ops    0
--- PASS: TestFigure83C (35.33s)
=== RUN   TestUnreliableAgree3C
Test (3C): unreliable agreement (unreliable network)...
  ... Passed --  time  1.4s #peers 5 #RPCs  1080 #Ops    0
--- PASS: TestUnreliableAgree3C (1.44s)
=== RUN   TestFigure8Unreliable3C
Test (3C): Figure 8 (unreliable) (unreliable network)...
  ... Passed --  time 35.3s #peers 5 #RPCs 12175 #Ops    0
--- PASS: TestFigure8Unreliable3C (35.28s)
=== RUN   TestReliableChurn3C
Test (3C): churn (reliable network)...
  ... Passed --  time 16.2s #peers 5 #RPCs  5366 #Ops    0
--- PASS: TestReliableChurn3C (16.17s)
=== RUN   TestUnreliableChurn3C
Test (3C): unreliable churn (unreliable network)...
  ... Passed --  time 16.1s #peers 5 #RPCs  6172 #Ops    0
--- PASS: TestUnreliableChurn3C (16.13s)
=== RUN   TestSnapshotBasic3D
Test (3D): snapshots basic (reliable network)...
  ... Passed --  time  2.0s #peers 3 #RPCs   500 #Ops    0
--- PASS: TestSnapshotBasic3D (1.96s)
=== RUN   TestSnapshotInstall3D
Test (3D): install snapshots (disconnect) (reliable network)...
  ... Passed --  time 36.2s #peers 3 #RPCs  2154 #Ops    0
--- PASS: TestSnapshotInstall3D (36.15s)
=== RUN   TestSnapshotInstallUnreliable3D
Test (3D): install snapshots (disconnect) (unreliable network)...
  ... Passed --  time 42.4s #peers 3 #RPCs  2414 #Ops    0
--- PASS: TestSnapshotInstallUnreliable3D (42.38s)
=== RUN   TestSnapshotInstallCrash3D
Test (3D): install snapshots (crash) (reliable network)...
  ... Passed --  time 26.1s #peers 3 #RPCs  1468 #Ops    0
--- PASS: TestSnapshotInstallCrash3D (26.12s)
=== RUN   TestSnapshotInstallUnCrash3D
Test (3D): install snapshots (crash) (unreliable network)...
  ... Passed --  time 34.6s #peers 3 #RPCs  1550 #Ops    0
--- PASS: TestSnapshotInstallUnCrash3D (34.59s)
=== RUN   TestSnapshotAllCrash3D
Test (3D): crash and restart all servers (unreliable network)...
  ... Passed --  time  7.4s #peers 3 #RPCs   350 #Ops    0
--- PASS: TestSnapshotAllCrash3D (7.35s)
=== RUN   TestSnapshotInit3D
Test (3D): snapshot initialization after crash (unreliable network)...
  ... Passed --  time  2.1s #peers 3 #RPCs    82 #Ops    0
--- PASS: TestSnapshotInit3D (2.07s)
PASS
ok  	6.5840/raft1	356.799s
