=== RUN   TestInitialElection3A
Test (3A): initial election (reliable network)...
  ... Passed --  time  3.1s #peers 3 #RPCs   112 #Ops    0
--- PASS: TestInitialElection3A (3.10s)
=== RUN   TestReElection3A
Test (3A): election after network failure (reliable network)...
  ... Passed --  time  7.0s #peers 3 #RPCs   290 #Ops    0
--- PASS: TestReElection3A (7.01s)
=== RUN   TestManyElections3A
Test (3A): multiple elections (reliable network)...
  ... Passed --  time  5.5s #peers 7 #RPCs   822 #Ops    0
--- PASS: TestManyElections3A (5.49s)
=== RUN   TestBasicAgree3B
Test (3B): basic agreement (reliable network)...
  ... Passed --  time  0.5s #peers 3 #RPCs    18 #Ops    0
--- PASS: TestBasicAgree3B (0.48s)
=== RUN   TestRPCBytes3B
Test (3B): RPC byte count (reliable network)...
  ... Passed --  time  1.0s #peers 3 #RPCs    50 #Ops    0
--- PASS: TestRPCBytes3B (0.96s)
=== RUN   TestFollowerFailure3B
Test (3B): test progressive failure of followers (reliable network)...
  ... Passed --  time  4.5s #peers 3 #RPCs   182 #Ops    0
--- PASS: TestFollowerFailure3B (4.47s)
=== RUN   TestLeaderFailure3B
Test (3B): test failure of leaders (reliable network)...
  ... Passed --  time  4.8s #peers 3 #RPCs   336 #Ops    0
--- PASS: TestLeaderFailure3B (4.79s)
=== RUN   TestFailAgree3B
Test (3B): agreement after follower reconnects (reliable network)...
  ... Passed --  time  5.1s #peers 3 #RPCs   216 #Ops    0
--- PASS: TestFailAgree3B (5.13s)
=== RUN   TestFailNoAgree3B
Test (3B): no agreement if too many followers disconnect (reliable network)...
  ... Passed --  time  3.4s #peers 5 #RPCs   292 #Ops    0
--- PASS: TestFailNoAgree3B (3.43s)
=== RUN   TestConcurrentStarts3B
Test (3B): concurrent Start()s (reliable network)...
  ... Passed --  time  0.6s #peers 3 #RPCs    26 #Ops    0
--- PASS: TestConcurrentStarts3B (0.58s)
=== RUN   TestRejoin3B
Test (3B): rejoin of partitioned leader (reliable network)...
  ... Passed --  time  6.0s #peers 3 #RPCs   348 #Ops    0
--- PASS: TestRejoin3B (5.98s)
=== RUN   TestBackup3B
Test (3B): leader backs up quickly over incorrect follower logs (reliable network)...
  ... Passed --  time 16.7s #peers 5 #RPCs  2656 #Ops    0
--- PASS: TestBackup3B (16.70s)
=== RUN   TestCount3B
Test (3B): RPC counts aren't too high (reliable network)...
  ... Passed --  time  2.0s #peers 3 #RPCs    90 #Ops    0
--- PASS: TestCount3B (1.96s)
=== RUN   TestPersist13C
Test (3C): basic persistence (reliable network)...
  ... Passed --  time  3.3s #peers 3 #RPCs   114 #Ops    0
--- PASS: TestPersist13C (3.32s)
=== RUN   TestPersist23C
Test (3C): more persistence (reliable network)...
  ... Passed --  time 34.3s #peers 5 #RPCs   480 #Ops    0
--- PASS: TestPersist23C (34.31s)
=== RUN   TestPersist33C
Test (3C): partitioned leader and one follower crash, leader restarts (reliable network)...
  ... Passed --  time  1.6s #peers 3 #RPCs    48 #Ops    0
--- PASS: TestPersist33C (1.65s)
=== RUN   TestFigure83C
Test (3C): Figure 8 (reliable network)...
  ... Passed --  time 35.9s #peers 5 #RPCs  1065 #Ops    0
--- PASS: TestFigure83C (35.94s)
=== RUN   TestUnreliableAgree3C
Test (3C): unreliable agreement (unreliable network)...
  ... Passed --  time  1.5s #peers 5 #RPCs  1084 #Ops    0
--- PASS: TestUnreliableAgree3C (1.45s)
=== RUN   TestFigure8Unreliable3C
Test (3C): Figure 8 (unreliable) (unreliable network)...
  ... Passed --  time 36.2s #peers 5 #RPCs 13843 #Ops    0
--- PASS: TestFigure8Unreliable3C (36.23s)
=== RUN   TestReliableChurn3C
Test (3C): churn (reliable network)...
  ... Passed --  time 16.2s #peers 5 #RPCs  7896 #Ops    0
--- PASS: TestReliableChurn3C (16.20s)
=== RUN   TestUnreliableChurn3C
Test (3C): unreliable churn (unreliable network)...
  ... Passed --  time 16.2s #peers 5 #RPCs  6400 #Ops    0
--- PASS: TestUnreliableChurn3C (16.17s)
=== RUN   TestSnapshotBasic3D
Test (3D): snapshots basic (reliable network)...
  ... Passed --  time  1.9s #peers 3 #RPCs   482 #Ops    0
--- PASS: TestSnapshotBasic3D (1.90s)
=== RUN   TestSnapshotInstall3D
Test (3D): install snapshots (disconnect) (reliable network)...
  ... Passed --  time 33.3s #peers 3 #RPCs  2050 #Ops    0
--- PASS: TestSnapshotInstall3D (33.26s)
=== RUN   TestSnapshotInstallUnreliable3D
Test (3D): install snapshots (disconnect) (unreliable network)...
Fatal: one(854634668956617787) failed to reach agreement
        /home/vector/MIT6_824/6.5840/src/raft1/test.go:283
        /home/vector/MIT6_824/6.5840/src/raft1/raft_test.go:1250
        /home/vector/MIT6_824/6.5840/src/raft1/raft_test.go:1306
info: wrote visualization to /tmp/porcupine-384511884.html
--- FAIL: TestSnapshotInstallUnreliable3D (40.12s)
=== RUN   TestSnapshotInstallCrash3D
Test (3D): install snapshots (crash) (reliable network)...
  ... Passed --  time 22.6s #peers 3 #RPCs  1494 #Ops    0
--- PASS: TestSnapshotInstallCrash3D (22.56s)
=== RUN   TestSnapshotInstallUnCrash3D
Test (3D): install snapshots (crash) (unreliable network)...
  ... Passed --  time 44.2s #peers 3 #RPCs  1676 #Ops    0
--- PASS: TestSnapshotInstallUnCrash3D (44.19s)
=== RUN   TestSnapshotAllCrash3D
Test (3D): crash and restart all servers (unreliable network)...
  ... Passed --  time  7.0s #peers 3 #RPCs   340 #Ops    0
--- PASS: TestSnapshotAllCrash3D (6.98s)
=== RUN   TestSnapshotInit3D
Test (3D): snapshot initialization after crash (unreliable network)...
  ... Passed --  time  2.3s #peers 3 #RPCs    92 #Ops    0
--- PASS: TestSnapshotInit3D (2.32s)
FAIL
exit status 1
FAIL	6.5840/raft1	356.743s
