=== RUN   TestInitialElection3A
Test (3A): initial election (reliable network)...
  ... Passed --  time  3.1s #peers 3 #RPCs   108 #Ops    0
--- PASS: TestInitialElection3A (3.07s)
=== RUN   TestReElection3A
Test (3A): election after network failure (reliable network)...
  ... Passed --  time  8.9s #peers 3 #RPCs   380 #Ops    0
--- PASS: TestReElection3A (8.93s)
=== RUN   TestManyElections3A
Test (3A): multiple elections (reliable network)...
  ... Passed --  time  5.6s #peers 7 #RPCs  1074 #Ops    0
--- PASS: TestManyElections3A (5.64s)
=== RUN   TestBasicAgree3B
Test (3B): basic agreement (reliable network)...
  ... Passed --  time  0.6s #peers 3 #RPCs    18 #Ops    0
--- PASS: TestBasicAgree3B (0.60s)
=== RUN   TestRPCBytes3B
Test (3B): RPC byte count (reliable network)...
  ... Passed --  time  0.9s #peers 3 #RPCs    52 #Ops    0
--- PASS: TestRPCBytes3B (0.93s)
=== RUN   TestFollowerFailure3B
Test (3B): test progressive failure of followers (reliable network)...
  ... Passed --  time  4.5s #peers 3 #RPCs   180 #Ops    0
--- PASS: TestFollowerFailure3B (4.48s)
=== RUN   TestLeaderFailure3B
Test (3B): test failure of leaders (reliable network)...
  ... Passed --  time  4.9s #peers 3 #RPCs   336 #Ops    0
--- PASS: TestLeaderFailure3B (4.88s)
=== RUN   TestFailAgree3B
Test (3B): agreement after follower reconnects (reliable network)...
  ... Passed --  time  5.2s #peers 3 #RPCs   216 #Ops    0
--- PASS: TestFailAgree3B (5.17s)
=== RUN   TestFailNoAgree3B
Test (3B): no agreement if too many followers disconnect (reliable network)...
  ... Passed --  time  3.5s #peers 5 #RPCs   292 #Ops    0
--- PASS: TestFailNoAgree3B (3.46s)
=== RUN   TestConcurrentStarts3B
Test (3B): concurrent Start()s (reliable network)...
  ... Passed --  time  0.5s #peers 3 #RPCs    22 #Ops    0
--- PASS: TestConcurrentStarts3B (0.55s)
=== RUN   TestRejoin3B
Test (3B): rejoin of partitioned leader (reliable network)...
  ... Passed --  time  4.0s #peers 3 #RPCs   262 #Ops    0
--- PASS: TestRejoin3B (3.97s)
=== RUN   TestBackup3B
Test (3B): leader backs up quickly over incorrect follower logs (reliable network)...
  ... Passed --  time 14.6s #peers 5 #RPCs  2636 #Ops    0
--- PASS: TestBackup3B (14.61s)
=== RUN   TestCount3B
Test (3B): RPC counts aren't too high (reliable network)...
  ... Passed --  time  2.1s #peers 3 #RPCs    96 #Ops    0
--- PASS: TestCount3B (2.05s)
=== RUN   TestPersist13C
Test (3C): basic persistence (reliable network)...
  ... Passed --  time  3.3s #peers 3 #RPCs   110 #Ops    0
--- PASS: TestPersist13C (3.30s)
=== RUN   TestPersist23C
Test (3C): more persistence (reliable network)...
  ... Passed --  time 34.1s #peers 5 #RPCs   476 #Ops    0
--- PASS: TestPersist23C (34.14s)
=== RUN   TestPersist33C
Test (3C): partitioned leader and one follower crash, leader restarts (reliable network)...
  ... Passed --  time  1.4s #peers 3 #RPCs    48 #Ops    0
--- PASS: TestPersist33C (1.42s)
=== RUN   TestFigure83C
Test (3C): Figure 8 (reliable network)...
  ... Passed --  time 34.2s #peers 5 #RPCs   776 #Ops    0
--- PASS: TestFigure83C (34.22s)
=== RUN   TestUnreliableAgree3C
Test (3C): unreliable agreement (unreliable network)...
  ... Passed --  time  1.5s #peers 5 #RPCs  1084 #Ops    0
--- PASS: TestUnreliableAgree3C (1.47s)
=== RUN   TestFigure8Unreliable3C
Test (3C): Figure 8 (unreliable) (unreliable network)...
  ... Passed --  time 40.9s #peers 5 #RPCs 11668 #Ops    0
--- PASS: TestFigure8Unreliable3C (40.89s)
=== RUN   TestReliableChurn3C
Test (3C): churn (reliable network)...
  ... Passed --  time 16.2s #peers 5 #RPCs  7907 #Ops    0
--- PASS: TestReliableChurn3C (16.17s)
=== RUN   TestUnreliableChurn3C
Test (3C): unreliable churn (unreliable network)...
  ... Passed --  time 16.4s #peers 5 #RPCs  7076 #Ops    0
--- PASS: TestUnreliableChurn3C (16.38s)
=== RUN   TestSnapshotBasic3D
Test (3D): snapshots basic (reliable network)...
  ... Passed --  time  2.0s #peers 3 #RPCs   488 #Ops    0
--- PASS: TestSnapshotBasic3D (2.03s)
=== RUN   TestSnapshotInstall3D
Test (3D): install snapshots (disconnect) (reliable network)...
  ... Passed --  time 34.7s #peers 3 #RPCs  2120 #Ops    0
--- PASS: TestSnapshotInstall3D (34.74s)
=== RUN   TestSnapshotInstallUnreliable3D
Test (3D): install snapshots (disconnect) (unreliable network)...
  ... Passed --  time 48.1s #peers 3 #RPCs  2618 #Ops    0
--- PASS: TestSnapshotInstallUnreliable3D (48.06s)
=== RUN   TestSnapshotInstallCrash3D
Test (3D): install snapshots (crash) (reliable network)...
  ... Passed --  time 23.4s #peers 3 #RPCs  1516 #Ops    0
--- PASS: TestSnapshotInstallCrash3D (23.39s)
=== RUN   TestSnapshotInstallUnCrash3D
Test (3D): install snapshots (crash) (unreliable network)...
  ... Passed --  time 29.4s #peers 3 #RPCs  1584 #Ops    0
--- PASS: TestSnapshotInstallUnCrash3D (29.39s)
=== RUN   TestSnapshotAllCrash3D
Test (3D): crash and restart all servers (unreliable network)...
  ... Passed --  time  6.8s #peers 3 #RPCs   312 #Ops    0
--- PASS: TestSnapshotAllCrash3D (6.76s)
=== RUN   TestSnapshotInit3D
Test (3D): snapshot initialization after crash (unreliable network)...
  ... Passed --  time  2.6s #peers 3 #RPCs    92 #Ops    0
--- PASS: TestSnapshotInit3D (2.62s)
PASS
ok  	6.5840/raft1	354.401s
