=== RUN   TestInitialElection3A
Test (3A): initial election (reliable network)...
  ... Passed --  time  3.1s #peers 3 #RPCs   111 #Ops    0
--- PASS: TestInitialElection3A (3.09s)
=== RUN   TestReElection3A
Test (3A): election after network failure (reliable network)...
  ... Passed --  time  6.0s #peers 3 #RPCs   252 #Ops    0
--- PASS: TestReElection3A (5.99s)
=== RUN   TestManyElections3A
Test (3A): multiple elections (reliable network)...
  ... Passed --  time  7.6s #peers 7 #RPCs  1086 #Ops    0
--- PASS: TestManyElections3A (7.61s)
=== RUN   TestBasicAgree3B
Test (3B): basic agreement (reliable network)...
  ... Passed --  time  0.5s #peers 3 #RPCs    18 #Ops    0
--- PASS: TestBasicAgree3B (0.53s)
=== RUN   TestRPCBytes3B
Test (3B): RPC byte count (reliable network)...
  ... Passed --  time  0.9s #peers 3 #RPCs    48 #Ops    0
--- PASS: TestRPCBytes3B (0.93s)
=== RUN   TestFollowerFailure3B
Test (3B): test progressive failure of followers (reliable network)...
  ... Passed --  time  4.6s #peers 3 #RPCs   182 #Ops    0
--- PASS: TestFollowerFailure3B (4.59s)
=== RUN   TestLeaderFailure3B
Test (3B): test failure of leaders (reliable network)...
  ... Passed --  time  5.0s #peers 3 #RPCs   348 #Ops    0
--- PASS: TestLeaderFailure3B (5.05s)
=== RUN   TestFailAgree3B
Test (3B): agreement after follower reconnects (reliable network)...
  ... Passed --  time  3.1s #peers 3 #RPCs   134 #Ops    0
--- PASS: TestFailAgree3B (3.13s)
=== RUN   TestFailNoAgree3B
Test (3B): no agreement if too many followers disconnect (reliable network)...
  ... Passed --  time  3.5s #peers 5 #RPCs   292 #Ops    0
--- PASS: TestFailNoAgree3B (3.51s)
=== RUN   TestConcurrentStarts3B
Test (3B): concurrent Start()s (reliable network)...
  ... Passed --  time  0.6s #peers 3 #RPCs    24 #Ops    0
--- PASS: TestConcurrentStarts3B (0.59s)
=== RUN   TestRejoin3B
Test (3B): rejoin of partitioned leader (reliable network)...
  ... Passed --  time  6.0s #peers 3 #RPCs   354 #Ops    0
--- PASS: TestRejoin3B (6.04s)
=== RUN   TestBackup3B
Test (3B): leader backs up quickly over incorrect follower logs (reliable network)...
  ... Passed --  time 22.2s #peers 5 #RPCs  3103 #Ops    0
--- PASS: TestBackup3B (22.18s)
=== RUN   TestCount3B
Test (3B): RPC counts aren't too high (reliable network)...
  ... Passed --  time  2.0s #peers 3 #RPCs    92 #Ops    0
--- PASS: TestCount3B (1.96s)
=== RUN   TestPersist13C
Test (3C): basic persistence (reliable network)...
  ... Passed --  time  3.3s #peers 3 #RPCs   106 #Ops    0
--- PASS: TestPersist13C (3.29s)
=== RUN   TestPersist23C
Test (3C): more persistence (reliable network)...
  ... Passed --  time 32.5s #peers 5 #RPCs   476 #Ops    0
--- PASS: TestPersist23C (32.49s)
=== RUN   TestPersist33C
Test (3C): partitioned leader and one follower crash, leader restarts (reliable network)...
  ... Passed --  time  1.5s #peers 3 #RPCs    48 #Ops    0
--- PASS: TestPersist33C (1.46s)
=== RUN   TestFigure83C
Test (3C): Figure 8 (reliable network)...
  ... Passed --  time 34.0s #peers 5 #RPCs   944 #Ops    0
--- PASS: TestFigure83C (34.01s)
=== RUN   TestUnreliableAgree3C
Test (3C): unreliable agreement (unreliable network)...
  ... Passed --  time  1.5s #peers 5 #RPCs  1084 #Ops    0
--- PASS: TestUnreliableAgree3C (1.46s)
=== RUN   TestFigure8Unreliable3C
Test (3C): Figure 8 (unreliable) (unreliable network)...
  ... Passed --  time 34.0s #peers 5 #RPCs 12607 #Ops    0
--- PASS: TestFigure8Unreliable3C (34.04s)
=== RUN   TestReliableChurn3C
Test (3C): churn (reliable network)...
  ... Passed --  time 16.5s #peers 5 #RPCs  5635 #Ops    0
--- PASS: TestReliableChurn3C (16.48s)
=== RUN   TestUnreliableChurn3C
Test (3C): unreliable churn (unreliable network)...
  ... Passed --  time 16.1s #peers 5 #RPCs  5376 #Ops    0
--- PASS: TestUnreliableChurn3C (16.09s)
=== RUN   TestSnapshotBasic3D
Test (3D): snapshots basic (reliable network)...
  ... Passed --  time  2.0s #peers 3 #RPCs   546 #Ops    0
--- PASS: TestSnapshotBasic3D (2.00s)
=== RUN   TestSnapshotInstall3D
Test (3D): install snapshots (disconnect) (reliable network)...
  ... Passed --  time 33.5s #peers 3 #RPCs  2069 #Ops    0
--- PASS: TestSnapshotInstall3D (33.47s)
=== RUN   TestSnapshotInstallUnreliable3D
Test (3D): install snapshots (disconnect) (unreliable network)...
  ... Passed --  time 43.5s #peers 3 #RPCs  2480 #Ops    0
--- PASS: TestSnapshotInstallUnreliable3D (43.55s)
=== RUN   TestSnapshotInstallCrash3D
Test (3D): install snapshots (crash) (reliable network)...
  ... Passed --  time 23.7s #peers 3 #RPCs  1464 #Ops    0
--- PASS: TestSnapshotInstallCrash3D (23.69s)
=== RUN   TestSnapshotInstallUnCrash3D
Test (3D): install snapshots (crash) (unreliable network)...
  ... Passed --  time 34.8s #peers 3 #RPCs  1670 #Ops    0
--- PASS: TestSnapshotInstallUnCrash3D (34.76s)
=== RUN   TestSnapshotAllCrash3D
Test (3D): crash and restart all servers (unreliable network)...
  ... Passed --  time  6.7s #peers 3 #RPCs   314 #Ops    0
--- PASS: TestSnapshotAllCrash3D (6.70s)
=== RUN   TestSnapshotInit3D
Test (3D): snapshot initialization after crash (unreliable network)...
  ... Passed --  time  2.2s #peers 3 #RPCs    90 #Ops    0
--- PASS: TestSnapshotInit3D (2.25s)
PASS
ok  	6.5840/raft1	352.006s
