=== RUN   TestInitialElection3A
Test (3A): initial election (reliable network)...
  ... Passed --  time  3.0s #peers 3 #RPCs   108 #Ops    0
--- PASS: TestInitialElection3A (3.01s)
=== RUN   TestReElection3A
Test (3A): election after network failure (reliable network)...
  ... Passed --  time  5.1s #peers 3 #RPCs   228 #Ops    0
--- PASS: TestReElection3A (5.10s)
=== RUN   TestManyElections3A
Test (3A): multiple elections (reliable network)...
  ... Passed --  time  5.5s #peers 7 #RPCs   870 #Ops    0
--- PASS: TestManyElections3A (5.49s)
=== RUN   TestBasicAgree3B
Test (3B): basic agreement (reliable network)...
  ... Passed --  time  0.5s #peers 3 #RPCs    18 #Ops    0
--- PASS: TestBasicAgree3B (0.48s)
=== RUN   TestRPCBytes3B
Test (3B): RPC byte count (reliable network)...
  ... Passed --  time  0.9s #peers 3 #RPCs    50 #Ops    0
--- PASS: TestRPCBytes3B (0.91s)
=== RUN   TestFollowerFailure3B
Test (3B): test progressive failure of followers (reliable network)...
  ... Passed --  time  4.5s #peers 3 #RPCs   182 #Ops    0
--- PASS: TestFollowerFailure3B (4.52s)
=== RUN   TestLeaderFailure3B
Test (3B): test failure of leaders (reliable network)...
  ... Passed --  time  4.8s #peers 3 #RPCs   336 #Ops    0
--- PASS: TestLeaderFailure3B (4.82s)
=== RUN   TestFailAgree3B
Test (3B): agreement after follower reconnects (reliable network)...
  ... Passed --  time  3.2s #peers 3 #RPCs   136 #Ops    0
--- PASS: TestFailAgree3B (3.21s)
=== RUN   TestFailNoAgree3B
Test (3B): no agreement if too many followers disconnect (reliable network)...
  ... Passed --  time  3.5s #peers 5 #RPCs   292 #Ops    0
--- PASS: TestFailNoAgree3B (3.45s)
=== RUN   TestConcurrentStarts3B
Test (3B): concurrent Start()s (reliable network)...
  ... Passed --  time  0.5s #peers 3 #RPCs    24 #Ops    0
--- PASS: TestConcurrentStarts3B (0.48s)
=== RUN   TestRejoin3B
Test (3B): rejoin of partitioned leader (reliable network)...
  ... Passed --  time  3.7s #peers 3 #RPCs   248 #Ops    0
--- PASS: TestRejoin3B (3.69s)
=== RUN   TestBackup3B
Test (3B): leader backs up quickly over incorrect follower logs (reliable network)...
  ... Passed --  time 18.1s #peers 5 #RPCs  2772 #Ops    0
--- PASS: TestBackup3B (18.15s)
=== RUN   TestCount3B
Test (3B): RPC counts aren't too high (reliable network)...
  ... Passed --  time  2.0s #peers 3 #RPCs    94 #Ops    0
--- PASS: TestCount3B (1.99s)
=== RUN   TestPersist13C
Test (3C): basic persistence (reliable network)...
  ... Passed --  time  3.3s #peers 3 #RPCs   108 #Ops    0
--- PASS: TestPersist13C (3.28s)
=== RUN   TestPersist23C
Test (3C): more persistence (reliable network)...
  ... Passed --  time 39.6s #peers 5 #RPCs   476 #Ops    0
--- PASS: TestPersist23C (39.57s)
=== RUN   TestPersist33C
Test (3C): partitioned leader and one follower crash, leader restarts (reliable network)...
  ... Passed --  time  1.5s #peers 3 #RPCs    50 #Ops    0
--- PASS: TestPersist33C (1.55s)
=== RUN   TestFigure83C
Test (3C): Figure 8 (reliable network)...
  ... Passed --  time 27.9s #peers 5 #RPCs   684 #Ops    0
--- PASS: TestFigure83C (27.86s)
=== RUN   TestUnreliableAgree3C
Test (3C): unreliable agreement (unreliable network)...
  ... Passed --  time  1.5s #peers 5 #RPCs  1084 #Ops    0
--- PASS: TestUnreliableAgree3C (1.48s)
=== RUN   TestFigure8Unreliable3C
Test (3C): Figure 8 (unreliable) (unreliable network)...
  ... Passed --  time 36.8s #peers 5 #RPCs 12128 #Ops    0
--- PASS: TestFigure8Unreliable3C (36.79s)
=== RUN   TestReliableChurn3C
Test (3C): churn (reliable network)...
  ... Passed --  time 16.1s #peers 5 #RPCs  3936 #Ops    0
--- PASS: TestReliableChurn3C (16.13s)
=== RUN   TestUnreliableChurn3C
Test (3C): unreliable churn (unreliable network)...
  ... Passed --  time 16.2s #peers 5 #RPCs  4096 #Ops    0
--- PASS: TestUnreliableChurn3C (16.18s)
=== RUN   TestSnapshotBasic3D
Test (3D): snapshots basic (reliable network)...
  ... Passed --  time  2.2s #peers 3 #RPCs   468 #Ops    0
--- PASS: TestSnapshotBasic3D (2.18s)
=== RUN   TestSnapshotInstall3D
Test (3D): install snapshots (disconnect) (reliable network)...
  ... Passed --  time 32.3s #peers 3 #RPCs  1902 #Ops    0
--- PASS: TestSnapshotInstall3D (32.29s)
=== RUN   TestSnapshotInstallUnreliable3D
Test (3D): install snapshots (disconnect) (unreliable network)...
  ... Passed --  time 49.5s #peers 3 #RPCs  2754 #Ops    0
--- PASS: TestSnapshotInstallUnreliable3D (49.47s)
=== RUN   TestSnapshotInstallCrash3D
Test (3D): install snapshots (crash) (reliable network)...
  ... Passed --  time 22.7s #peers 3 #RPCs  1472 #Ops    0
--- PASS: TestSnapshotInstallCrash3D (22.74s)
=== RUN   TestSnapshotInstallUnCrash3D
Test (3D): install snapshots (crash) (unreliable network)...
  ... Passed --  time 29.1s #peers 3 #RPCs  1610 #Ops    0
--- PASS: TestSnapshotInstallUnCrash3D (29.08s)
=== RUN   TestSnapshotAllCrash3D
Test (3D): crash and restart all servers (unreliable network)...
  ... Passed --  time  7.0s #peers 3 #RPCs   328 #Ops    0
--- PASS: TestSnapshotAllCrash3D (6.99s)
=== RUN   TestSnapshotInit3D
Test (3D): snapshot initialization after crash (unreliable network)...
  ... Passed --  time  2.2s #peers 3 #RPCs    84 #Ops    0
--- PASS: TestSnapshotInit3D (2.16s)
PASS
ok  	6.5840/raft1	344.116s
