=== RUN   TestInitialElection3A
Test (3A): initial election (reliable network)...
  ... Passed --  time  3.0s #peers 3 #RPCs   112 #Ops    0
--- PASS: TestInitialElection3A (3.05s)
=== RUN   TestReElection3A
Test (3A): election after network failure (reliable network)...
  ... Passed --  time  8.0s #peers 3 #RPCs   336 #Ops    0
--- PASS: TestReElection3A (7.97s)
=== RUN   TestManyElections3A
Test (3A): multiple elections (reliable network)...
  ... Passed --  time  8.1s #peers 7 #RPCs  1194 #Ops    0
--- PASS: TestManyElections3A (8.07s)
=== RUN   TestBasicAgree3B
Test (3B): basic agreement (reliable network)...
  ... Passed --  time  0.6s #peers 3 #RPCs    18 #Ops    0
--- PASS: TestBasicAgree3B (0.55s)
=== RUN   TestRPCBytes3B
Test (3B): RPC byte count (reliable network)...
  ... Passed --  time  0.9s #peers 3 #RPCs    50 #Ops    0
--- PASS: TestRPCBytes3B (0.89s)
=== RUN   TestFollowerFailure3B
Test (3B): test progressive failure of followers (reliable network)...
  ... Passed --  time  4.5s #peers 3 #RPCs   180 #Ops    0
--- PASS: TestFollowerFailure3B (4.46s)
=== RUN   TestLeaderFailure3B
Test (3B): test failure of leaders (reliable network)...
  ... Passed --  time  4.7s #peers 3 #RPCs   334 #Ops    0
--- PASS: TestLeaderFailure3B (4.72s)
=== RUN   TestFailAgree3B
Test (3B): agreement after follower reconnects (reliable network)...
  ... Passed --  time  5.1s #peers 3 #RPCs   216 #Ops    0
--- PASS: TestFailAgree3B (5.15s)
=== RUN   TestFailNoAgree3B
Test (3B): no agreement if too many followers disconnect (reliable network)...
  ... Passed --  time  3.4s #peers 5 #RPCs   284 #Ops    0
--- PASS: TestFailNoAgree3B (3.37s)
=== RUN   TestConcurrentStarts3B
Test (3B): concurrent Start()s (reliable network)...
  ... Passed --  time  0.5s #peers 3 #RPCs    24 #Ops    0
--- PASS: TestConcurrentStarts3B (0.51s)
=== RUN   TestRejoin3B
Test (3B): rejoin of partitioned leader (reliable network)...
  ... Passed --  time  5.8s #peers 3 #RPCs   338 #Ops    0
--- PASS: TestRejoin3B (5.80s)
=== RUN   TestBackup3B
Test (3B): leader backs up quickly over incorrect follower logs (reliable network)...
  ... Passed --  time 18.2s #peers 5 #RPCs  2760 #Ops    0
--- PASS: TestBackup3B (18.16s)
=== RUN   TestCount3B
Test (3B): RPC counts aren't too high (reliable network)...
  ... Passed --  time  1.9s #peers 3 #RPCs    92 #Ops    0
--- PASS: TestCount3B (1.93s)
=== RUN   TestPersist13C
Test (3C): basic persistence (reliable network)...
  ... Passed --  time  3.4s #peers 3 #RPCs   104 #Ops    0
--- PASS: TestPersist13C (3.38s)
=== RUN   TestPersist23C
Test (3C): more persistence (reliable network)...
  ... Passed --  time 36.7s #peers 5 #RPCs   492 #Ops    0
--- PASS: TestPersist23C (36.69s)
=== RUN   TestPersist33C
Test (3C): partitioned leader and one follower crash, leader restarts (reliable network)...
  ... Passed --  time  1.5s #peers 3 #RPCs    48 #Ops    0
--- PASS: TestPersist33C (1.49s)
=== RUN   TestFigure83C
Test (3C): Figure 8 (reliable network)...
  ... Passed --  time 31.6s #peers 5 #RPCs   835 #Ops    0
--- PASS: TestFigure83C (31.60s)
=== RUN   TestUnreliableAgree3C
Test (3C): unreliable agreement (unreliable network)...
  ... Passed --  time  1.5s #peers 5 #RPCs  1084 #Ops    0
--- PASS: TestUnreliableAgree3C (1.45s)
=== RUN   TestFigure8Unreliable3C
Test (3C): Figure 8 (unreliable) (unreliable network)...
  ... Passed --  time 33.6s #peers 5 #RPCs 10616 #Ops    0
--- PASS: TestFigure8Unreliable3C (33.63s)
=== RUN   TestReliableChurn3C
Test (3C): churn (reliable network)...
  ... Passed --  time 16.1s #peers 5 #RPCs  6971 #Ops    0
--- PASS: TestReliableChurn3C (16.15s)
=== RUN   TestUnreliableChurn3C
Test (3C): unreliable churn (unreliable network)...
  ... Passed --  time 16.1s #peers 5 #RPCs  4368 #Ops    0
--- PASS: TestUnreliableChurn3C (16.11s)
=== RUN   TestSnapshotBasic3D
Test (3D): snapshots basic (reliable network)...
  ... Passed --  time  2.3s #peers 3 #RPCs   518 #Ops    0
--- PASS: TestSnapshotBasic3D (2.33s)
=== RUN   TestSnapshotInstall3D
Test (3D): install snapshots (disconnect) (reliable network)...
  ... Passed --  time 31.0s #peers 3 #RPCs  1910 #Ops    0
--- PASS: TestSnapshotInstall3D (31.04s)
=== RUN   TestSnapshotInstallUnreliable3D
Test (3D): install snapshots (disconnect) (unreliable network)...
  ... Passed --  time 39.3s #peers 3 #RPCs  2346 #Ops    0
--- PASS: TestSnapshotInstallUnreliable3D (39.34s)
=== RUN   TestSnapshotInstallCrash3D
Test (3D): install snapshots (crash) (reliable network)...
  ... Passed --  time 23.3s #peers 3 #RPCs  1488 #Ops    0
--- PASS: TestSnapshotInstallCrash3D (23.27s)
=== RUN   TestSnapshotInstallUnCrash3D
Test (3D): install snapshots (crash) (unreliable network)...
  ... Passed --  time 33.5s #peers 3 #RPCs  1608 #Ops    0
--- PASS: TestSnapshotInstallUnCrash3D (33.46s)
=== RUN   TestSnapshotAllCrash3D
Test (3D): crash and restart all servers (unreliable network)...
  ... Passed --  time  6.3s #peers 3 #RPCs   288 #Ops    0
--- PASS: TestSnapshotAllCrash3D (6.32s)
=== RUN   TestSnapshotInit3D
Test (3D): snapshot initialization after crash (unreliable network)...
  ... Passed --  time  2.1s #peers 3 #RPCs    82 #Ops    0
--- PASS: TestSnapshotInit3D (2.11s)
PASS
ok  	6.5840/raft1	344.052s
