=== RUN   TestInitialElection3A
Test (3A): initial election (reliable network)...
  ... Passed --  time  3.1s #peers 3 #RPCs   112 #Ops    0
--- PASS: TestInitialElection3A (3.08s)
=== RUN   TestReElection3A
Test (3A): election after network failure (reliable network)...
  ... Passed --  time  6.5s #peers 3 #RPCs   270 #Ops    0
--- PASS: TestReElection3A (6.46s)
=== RUN   TestManyElections3A
Test (3A): multiple elections (reliable network)...
  ... Passed --  time  6.0s #peers 7 #RPCs   996 #Ops    0
--- PASS: TestManyElections3A (5.96s)
=== RUN   TestBasicAgree3B
Test (3B): basic agreement (reliable network)...
  ... Passed --  time  0.6s #peers 3 #RPCs    18 #Ops    0
--- PASS: TestBasicAgree3B (0.55s)
=== RUN   TestRPCBytes3B
Test (3B): RPC byte count (reliable network)...
  ... Passed --  time  0.9s #peers 3 #RPCs    52 #Ops    0
--- PASS: TestRPCBytes3B (0.94s)
=== RUN   TestFollowerFailure3B
Test (3B): test progressive failure of followers (reliable network)...
  ... Passed --  time  4.5s #peers 3 #RPCs   178 #Ops    0
--- PASS: TestFollowerFailure3B (4.46s)
=== RUN   TestLeaderFailure3B
Test (3B): test failure of leaders (reliable network)...
  ... Passed --  time  5.5s #peers 3 #RPCs   370 #Ops    0
--- PASS: TestLeaderFailure3B (5.48s)
=== RUN   TestFailAgree3B
Test (3B): agreement after follower reconnects (reliable network)...
  ... Passed --  time  5.3s #peers 3 #RPCs   220 #Ops    0
--- PASS: TestFailAgree3B (5.29s)
=== RUN   TestFailNoAgree3B
Test (3B): no agreement if too many followers disconnect (reliable network)...
  ... Passed --  time  3.9s #peers 5 #RPCs   304 #Ops    0
--- PASS: TestFailNoAgree3B (3.88s)
=== RUN   TestConcurrentStarts3B
Test (3B): concurrent Start()s (reliable network)...
  ... Passed --  time  0.6s #peers 3 #RPCs    28 #Ops    0
--- PASS: TestConcurrentStarts3B (0.63s)
=== RUN   TestRejoin3B
Test (3B): rejoin of partitioned leader (reliable network)...
  ... Passed --  time  5.8s #peers 3 #RPCs   340 #Ops    0
--- PASS: TestRejoin3B (5.83s)
=== RUN   TestBackup3B
Test (3B): leader backs up quickly over incorrect follower logs (reliable network)...
  ... Passed --  time 16.9s #peers 5 #RPCs  2676 #Ops    0
--- PASS: TestBackup3B (16.86s)
=== RUN   TestCount3B
Test (3B): RPC counts aren't too high (reliable network)...
  ... Passed --  time  2.0s #peers 3 #RPCs    92 #Ops    0
--- PASS: TestCount3B (2.03s)
=== RUN   TestPersist13C
Test (3C): basic persistence (reliable network)...
  ... Passed --  time  3.3s #peers 3 #RPCs   106 #Ops    0
--- PASS: TestPersist13C (3.28s)
=== RUN   TestPersist23C
Test (3C): more persistence (reliable network)...
  ... Passed --  time 36.2s #peers 5 #RPCs   480 #Ops    0
--- PASS: TestPersist23C (36.17s)
=== RUN   TestPersist33C
Test (3C): partitioned leader and one follower crash, leader restarts (reliable network)...
  ... Passed --  time  1.7s #peers 3 #RPCs    50 #Ops    0
--- PASS: TestPersist33C (1.69s)
=== RUN   TestFigure83C
Test (3C): Figure 8 (reliable network)...
  ... Passed --  time 31.6s #peers 5 #RPCs  1138 #Ops    0
--- PASS: TestFigure83C (31.58s)
=== RUN   TestUnreliableAgree3C
Test (3C): unreliable agreement (unreliable network)...
  ... Passed --  time  1.5s #peers 5 #RPCs  1084 #Ops    0
--- PASS: TestUnreliableAgree3C (1.48s)
=== RUN   TestFigure8Unreliable3C
Test (3C): Figure 8 (unreliable) (unreliable network)...
  ... Passed --  time 36.8s #peers 5 #RPCs 11691 #Ops    0
--- PASS: TestFigure8Unreliable3C (36.78s)
=== RUN   TestReliableChurn3C
Test (3C): churn (reliable network)...
  ... Passed --  time 16.2s #peers 5 #RPCs  7416 #Ops    0
--- PASS: TestReliableChurn3C (16.19s)
=== RUN   TestUnreliableChurn3C
Test (3C): unreliable churn (unreliable network)...
  ... Passed --  time 16.1s #peers 5 #RPCs  3844 #Ops    0
--- PASS: TestUnreliableChurn3C (16.15s)
=== RUN   TestSnapshotBasic3D
Test (3D): snapshots basic (reliable network)...
  ... Passed --  time  2.0s #peers 3 #RPCs   514 #Ops    0
--- PASS: TestSnapshotBasic3D (1.97s)
=== RUN   TestSnapshotInstall3D
Test (3D): install snapshots (disconnect) (reliable network)...
  ... Passed --  time 36.9s #peers 3 #RPCs  2224 #Ops    0
--- PASS: TestSnapshotInstall3D (36.91s)
=== RUN   TestSnapshotInstallUnreliable3D
Test (3D): install snapshots (disconnect) (unreliable network)...
  ... Passed --  time 41.9s #peers 3 #RPCs  2401 #Ops    0
--- PASS: TestSnapshotInstallUnreliable3D (41.87s)
=== RUN   TestSnapshotInstallCrash3D
Test (3D): install snapshots (crash) (reliable network)...
  ... Passed --  time 22.5s #peers 3 #RPCs  1440 #Ops    0
--- PASS: TestSnapshotInstallCrash3D (22.53s)
=== RUN   TestSnapshotInstallUnCrash3D
Test (3D): install snapshots (crash) (unreliable network)...
  ... Passed --  time 36.4s #peers 3 #RPCs  1660 #Ops    0
--- PASS: TestSnapshotInstallUnCrash3D (36.39s)
=== RUN   TestSnapshotAllCrash3D
Test (3D): crash and restart all servers (unreliable network)...
  ... Passed --  time  8.1s #peers 3 #RPCs   406 #Ops    0
--- PASS: TestSnapshotAllCrash3D (8.13s)
=== RUN   TestSnapshotInit3D
Test (3D): snapshot initialization after crash (unreliable network)...
  ... Passed --  time  2.2s #peers 3 #RPCs    84 #Ops    0
--- PASS: TestSnapshotInit3D (2.19s)
PASS
ok  	6.5840/raft1	355.826s
