=== RUN   TestInitialElection3A
Test (3A): initial election (reliable network)...
  ... Passed --  time  3.0s #peers 3 #RPCs   112 #Ops    0
--- PASS: TestInitialElection3A (3.03s)
=== RUN   TestReElection3A
Test (3A): election after network failure (reliable network)...
  ... Passed --  time  7.0s #peers 3 #RPCs   300 #Ops    0
--- PASS: TestReElection3A (7.05s)
=== RUN   TestManyElections3A
Test (3A): multiple elections (reliable network)...
  ... Passed --  time  9.3s #peers 7 #RPCs  1368 #Ops    0
--- PASS: TestManyElections3A (9.26s)
=== RUN   TestBasicAgree3B
Test (3B): basic agreement (reliable network)...
  ... Passed --  time  0.5s #peers 3 #RPCs    18 #Ops    0
--- PASS: TestBasicAgree3B (0.53s)
=== RUN   TestRPCBytes3B
Test (3B): RPC byte count (reliable network)...
  ... Passed --  time  0.9s #peers 3 #RPCs    48 #Ops    0
--- PASS: TestRPCBytes3B (0.93s)
=== RUN   TestFollowerFailure3B
Test (3B): test progressive failure of followers (reliable network)...
  ... Passed --  time  4.6s #peers 3 #RPCs   180 #Ops    0
--- PASS: TestFollowerFailure3B (4.60s)
=== RUN   TestLeaderFailure3B
Test (3B): test failure of leaders (reliable network)...
  ... Passed --  time  4.9s #peers 3 #RPCs   338 #Ops    0
--- PASS: TestLeaderFailure3B (4.92s)
=== RUN   TestFailAgree3B
Test (3B): agreement after follower reconnects (reliable network)...
  ... Passed --  time  5.2s #peers 3 #RPCs   218 #Ops    0
--- PASS: TestFailAgree3B (5.16s)
=== RUN   TestFailNoAgree3B
Test (3B): no agreement if too many followers disconnect (reliable network)...
  ... Passed --  time  3.4s #peers 5 #RPCs   288 #Ops    0
--- PASS: TestFailNoAgree3B (3.44s)
=== RUN   TestConcurrentStarts3B
Test (3B): concurrent Start()s (reliable network)...
  ... Passed --  time  0.6s #peers 3 #RPCs    26 #Ops    0
--- PASS: TestConcurrentStarts3B (0.56s)
=== RUN   TestRejoin3B
Test (3B): rejoin of partitioned leader (reliable network)...
  ... Passed --  time  3.8s #peers 3 #RPCs   252 #Ops    0
--- PASS: TestRejoin3B (3.84s)
=== RUN   TestBackup3B
Test (3B): leader backs up quickly over incorrect follower logs (reliable network)...
  ... Passed --  time 19.7s #peers 5 #RPCs  2912 #Ops    0
--- PASS: TestBackup3B (19.75s)
=== RUN   TestCount3B
Test (3B): RPC counts aren't too high (reliable network)...
  ... Passed --  time  2.0s #peers 3 #RPCs    96 #Ops    0
--- PASS: TestCount3B (2.05s)
=== RUN   TestPersist13C
Test (3C): basic persistence (reliable network)...
  ... Passed --  time  3.3s #peers 3 #RPCs   110 #Ops    0
--- PASS: TestPersist13C (3.28s)
=== RUN   TestPersist23C
Test (3C): more persistence (reliable network)...
  ... Passed --  time 35.1s #peers 5 #RPCs   468 #Ops    0
--- PASS: TestPersist23C (35.09s)
=== RUN   TestPersist33C
Test (3C): partitioned leader and one follower crash, leader restarts (reliable network)...
  ... Passed --  time  1.5s #peers 3 #RPCs    50 #Ops    0
--- PASS: TestPersist33C (1.52s)
=== RUN   TestFigure83C
Test (3C): Figure 8 (reliable network)...
  ... Passed --  time 34.5s #peers 5 #RPCs   917 #Ops    0
--- PASS: TestFigure83C (34.49s)
=== RUN   TestUnreliableAgree3C
Test (3C): unreliable agreement (unreliable network)...
  ... Passed --  time  1.5s #peers 5 #RPCs  1084 #Ops    0
--- PASS: TestUnreliableAgree3C (1.47s)
=== RUN   TestFigure8Unreliable3C
Test (3C): Figure 8 (unreliable) (unreliable network)...
  ... Passed --  time 36.7s #peers 5 #RPCs 12366 #Ops    0
--- PASS: TestFigure8Unreliable3C (36.75s)
=== RUN   TestReliableChurn3C
Test (3C): churn (reliable network)...
  ... Passed --  time 16.5s #peers 5 #RPCs  7233 #Ops    0
--- PASS: TestReliableChurn3C (16.51s)
=== RUN   TestUnreliableChurn3C
Test (3C): unreliable churn (unreliable network)...
  ... Passed --  time 16.1s #peers 5 #RPCs  5556 #Ops    0
--- PASS: TestUnreliableChurn3C (16.14s)
=== RUN   TestSnapshotBasic3D
Test (3D): snapshots basic (reliable network)...
  ... Passed --  time  1.9s #peers 3 #RPCs   482 #Ops    0
--- PASS: TestSnapshotBasic3D (1.92s)
=== RUN   TestSnapshotInstall3D
Test (3D): install snapshots (disconnect) (reliable network)...
  ... Passed --  time 33.5s #peers 3 #RPCs  2076 #Ops    0
--- PASS: TestSnapshotInstall3D (33.49s)
=== RUN   TestSnapshotInstallUnreliable3D
Test (3D): install snapshots (disconnect) (unreliable network)...
  ... Passed --  time 39.5s #peers 3 #RPCs  2362 #Ops    0
--- PASS: TestSnapshotInstallUnreliable3D (39.51s)
=== RUN   TestSnapshotInstallCrash3D
Test (3D): install snapshots (crash) (reliable network)...
  ... Passed --  time 22.9s #peers 3 #RPCs  1486 #Ops    0
--- PASS: TestSnapshotInstallCrash3D (22.88s)
=== RUN   TestSnapshotInstallUnCrash3D
Test (3D): install snapshots (crash) (unreliable network)...
  ... Passed --  time 36.8s #peers 3 #RPCs  1668 #Ops    0
--- PASS: TestSnapshotInstallUnCrash3D (36.76s)
=== RUN   TestSnapshotAllCrash3D
Test (3D): crash and restart all servers (unreliable network)...
  ... Passed --  time  7.5s #peers 3 #RPCs   360 #Ops    0
--- PASS: TestSnapshotAllCrash3D (7.46s)
=== RUN   TestSnapshotInit3D
Test (3D): snapshot initialization after crash (unreliable network)...
  ... Passed --  time  2.3s #peers 3 #RPCs    88 #Ops    0
--- PASS: TestSnapshotInit3D (2.33s)
PASS
ok  	6.5840/raft1	355.775s
