=== RUN   TestInitialElection3A
Test (3A): initial election (reliable network)...
  ... Passed --  time  3.0s #peers 3 #RPCs   112 #Ops    0
--- PASS: TestInitialElection3A (3.05s)
=== RUN   TestReElection3A
Test (3A): election after network failure (reliable network)...
  ... Passed --  time  9.0s #peers 3 #RPCs   382 #Ops    0
--- PASS: TestReElection3A (8.98s)
=== RUN   TestManyElections3A
Test (3A): multiple elections (reliable network)...
  ... Passed --  time 10.0s #peers 7 #RPCs  1662 #Ops    0
--- PASS: TestManyElections3A (10.04s)
=== RUN   TestBasicAgree3B
Test (3B): basic agreement (reliable network)...
  ... Passed --  time  0.6s #peers 3 #RPCs    18 #Ops    0
--- PASS: TestBasicAgree3B (0.55s)
=== RUN   TestRPCBytes3B
Test (3B): RPC byte count (reliable network)...
  ... Passed --  time  0.9s #peers 3 #RPCs    50 #Ops    0
--- PASS: TestRPCBytes3B (0.91s)
=== RUN   TestFollowerFailure3B
Test (3B): test progressive failure of followers (reliable network)...
  ... Passed --  time  4.5s #peers 3 #RPCs   178 #Ops    0
--- PASS: TestFollowerFailure3B (4.47s)
=== RUN   TestLeaderFailure3B
Test (3B): test failure of leaders (reliable network)...
  ... Passed --  time  4.8s #peers 3 #RPCs   340 #Ops    0
--- PASS: TestLeaderFailure3B (4.82s)
=== RUN   TestFailAgree3B
Test (3B): agreement after follower reconnects (reliable network)...
  ... Passed --  time  3.2s #peers 3 #RPCs   138 #Ops    0
--- PASS: TestFailAgree3B (3.24s)
=== RUN   TestFailNoAgree3B
Test (3B): no agreement if too many followers disconnect (reliable network)...
  ... Passed --  time  3.3s #peers 5 #RPCs   284 #Ops    0
--- PASS: TestFailNoAgree3B (3.35s)
=== RUN   TestConcurrentStarts3B
Test (3B): concurrent Start()s (reliable network)...
  ... Passed --  time  0.5s #peers 3 #RPCs    24 #Ops    0
--- PASS: TestConcurrentStarts3B (0.50s)
=== RUN   TestRejoin3B
Test (3B): rejoin of partitioned leader (reliable network)...
  ... Passed --  time  5.8s #peers 3 #RPCs   336 #Ops    0
--- PASS: TestRejoin3B (5.77s)
=== RUN   TestBackup3B
Test (3B): leader backs up quickly over incorrect follower logs (reliable network)...
  ... Passed --  time 19.7s #peers 5 #RPCs  2900 #Ops    0
--- PASS: TestBackup3B (19.70s)
=== RUN   TestCount3B
Test (3B): RPC counts aren't too high (reliable network)...
  ... Passed --  time  2.0s #peers 3 #RPCs    96 #Ops    0
--- PASS: TestCount3B (2.04s)
=== RUN   TestPersist13C
Test (3C): basic persistence (reliable network)...
  ... Passed --  time  3.6s #peers 3 #RPCs   112 #Ops    0
--- PASS: TestPersist13C (3.57s)
=== RUN   TestPersist23C
Test (3C): more persistence (reliable network)...
  ... Passed --  time 27.3s #peers 5 #RPCs   468 #Ops    0
--- PASS: TestPersist23C (27.34s)
=== RUN   TestPersist33C
Test (3C): partitioned leader and one follower crash, leader restarts (reliable network)...
  ... Passed --  time  1.6s #peers 3 #RPCs    50 #Ops    0
--- PASS: TestPersist33C (1.61s)
=== RUN   TestFigure83C
Test (3C): Figure 8 (reliable network)...
  ... Passed --  time 30.5s #peers 5 #RPCs   684 #Ops    0
--- PASS: TestFigure83C (30.51s)
=== RUN   TestUnreliableAgree3C
Test (3C): unreliable agreement (unreliable network)...
  ... Passed --  time  1.8s #peers 5 #RPCs  1096 #Ops    0
--- PASS: TestUnreliableAgree3C (1.84s)
=== RUN   TestFigure8Unreliable3C
Test (3C): Figure 8 (unreliable) (unreliable network)...
  ... Passed --  time 36.7s #peers 5 #RPCs 12868 #Ops    0
--- PASS: TestFigure8Unreliable3C (36.66s)
=== RUN   TestReliableChurn3C
Test (3C): churn (reliable network)...
  ... Passed --  time 16.2s #peers 5 #RPCs  8912 #Ops    0
--- PASS: TestReliableChurn3C (16.19s)
=== RUN   TestUnreliableChurn3C
Test (3C): unreliable churn (unreliable network)...
  ... Passed --  time 16.1s #peers 5 #RPCs  5632 #Ops    0
--- PASS: TestUnreliableChurn3C (16.14s)
=== RUN   TestSnapshotBasic3D
Test (3D): snapshots basic (reliable network)...
  ... Passed --  time  2.1s #peers 3 #RPCs   518 #Ops    0
--- PASS: TestSnapshotBasic3D (2.07s)
=== RUN   TestSnapshotInstall3D
Test (3D): install snapshots (disconnect) (reliable network)...
  ... Passed --  time 32.3s #peers 3 #RPCs  1938 #Ops    0
--- PASS: TestSnapshotInstall3D (32.29s)
=== RUN   TestSnapshotInstallUnreliable3D
Test (3D): install snapshots (disconnect) (unreliable network)...
  ... Passed --  time 42.0s #peers 3 #RPCs  2396 #Ops    0
--- PASS: TestSnapshotInstallUnreliable3D (41.96s)
=== RUN   TestSnapshotInstallCrash3D
Test (3D): install snapshots (crash) (reliable network)...
  ... Passed --  time 23.3s #peers 3 #RPCs  1510 #Ops    0
--- PASS: TestSnapshotInstallCrash3D (23.31s)
=== RUN   TestSnapshotInstallUnCrash3D
Test (3D): install snapshots (crash) (unreliable network)...
  ... Passed --  time 32.6s #peers 3 #RPCs  1610 #Ops    0
--- PASS: TestSnapshotInstallUnCrash3D (32.56s)
=== RUN   TestSnapshotAllCrash3D
Test (3D): crash and restart all servers (unreliable network)...
  ... Passed --  time  7.1s #peers 3 #RPCs   322 #Ops    0
--- PASS: TestSnapshotAllCrash3D (7.08s)
=== RUN   TestSnapshotInit3D
Test (3D): snapshot initialization after crash (unreliable network)...
  ... Passed --  time  2.2s #peers 3 #RPCs    88 #Ops    0
--- PASS: TestSnapshotInit3D (2.25s)
PASS
ok  	6.5840/raft1	343.879s
