=== RUN   TestInitialElection3A
Test (3A): initial election (reliable network)...
  ... Passed --  time  3.1s #peers 3 #RPCs   114 #Ops    0
--- PASS: TestInitialElection3A (3.11s)
=== RUN   TestReElection3A
Test (3A): election after network failure (reliable network)...
Fatal: expected one leader, got none
        /home/vector/MIT6_824/6.5840/src/raft1/test.go:100
        /home/vector/MIT6_824/6.5840/src/raft1/raft_test.go:93
info: wrote visualization to /tmp/porcupine-850364506.html
--- FAIL: TestReElection3A (8.56s)
=== RUN   TestManyElections3A
Test (3A): multiple elections (reliable network)...
  ... Passed --  time  5.2s #peers 7 #RPCs   864 #Ops    0
--- PASS: TestManyElections3A (5.22s)
=== RUN   TestBasicAgree3B
Test (3B): basic agreement (reliable network)...
  ... Passed --  time  0.5s #peers 3 #RPCs    16 #Ops    0
--- PASS: TestBasicAgree3B (0.48s)
=== RUN   TestRPCBytes3B
Test (3B): RPC byte count (reliable network)...
  ... Passed --  time  0.9s #peers 3 #RPCs    50 #Ops    0
--- PASS: TestRPCBytes3B (0.93s)
=== RUN   TestFollowerFailure3B
Test (3B): test progressive failure of followers (reliable network)...
  ... Passed --  time  4.5s #peers 3 #RPCs   182 #Ops    0
--- PASS: TestFollowerFailure3B (4.50s)
=== RUN   TestLeaderFailure3B
Test (3B): test failure of leaders (reliable network)...
  ... Passed --  time  4.8s #peers 3 #RPCs   340 #Ops    0
--- PASS: TestLeaderFailure3B (4.80s)
=== RUN   TestFailAgree3B
Test (3B): agreement after follower reconnects (reliable network)...
  ... Passed --  time  3.3s #peers 3 #RPCs   138 #Ops    0
--- PASS: TestFailAgree3B (3.29s)
=== RUN   TestFailNoAgree3B
Test (3B): no agreement if too many followers disconnect (reliable network)...
  ... Passed --  time  3.5s #peers 5 #RPCs   292 #Ops    0
--- PASS: TestFailNoAgree3B (3.48s)
=== RUN   TestConcurrentStarts3B
Test (3B): concurrent Start()s (reliable network)...
  ... Passed --  time  0.6s #peers 3 #RPCs    24 #Ops    0
--- PASS: TestConcurrentStarts3B (0.56s)
=== RUN   TestRejoin3B
Test (3B): rejoin of partitioned leader (reliable network)...
  ... Passed --  time  6.0s #peers 3 #RPCs   344 #Ops    0
--- PASS: TestRejoin3B (5.97s)
=== RUN   TestBackup3B
Test (3B): leader backs up quickly over incorrect follower logs (reliable network)...
  ... Passed --  time 17.9s #peers 5 #RPCs  2748 #Ops    0
--- PASS: TestBackup3B (17.86s)
=== RUN   TestCount3B
Test (3B): RPC counts aren't too high (reliable network)...
  ... Passed --  time  2.0s #peers 3 #RPCs    92 #Ops    0
--- PASS: TestCount3B (1.97s)
=== RUN   TestPersist13C
Test (3C): basic persistence (reliable network)...
  ... Passed --  time  3.5s #peers 3 #RPCs   114 #Ops    0
--- PASS: TestPersist13C (3.51s)
=== RUN   TestPersist23C
Test (3C): more persistence (reliable network)...
  ... Passed --  time 31.3s #peers 5 #RPCs   464 #Ops    0
--- PASS: TestPersist23C (31.26s)
=== RUN   TestPersist33C
Test (3C): partitioned leader and one follower crash, leader restarts (reliable network)...
  ... Passed --  time  1.6s #peers 3 #RPCs    50 #Ops    0
--- PASS: TestPersist33C (1.63s)
=== RUN   TestFigure83C
Test (3C): Figure 8 (reliable network)...
  ... Passed --  time 29.4s #peers 5 #RPCs   797 #Ops    0
--- PASS: TestFigure83C (29.44s)
=== RUN   TestUnreliableAgree3C
Test (3C): unreliable agreement (unreliable network)...
  ... Passed --  time  1.9s #peers 5 #RPCs  1100 #Ops    0
--- PASS: TestUnreliableAgree3C (1.86s)
=== RUN   TestFigure8Unreliable3C
Test (3C): Figure 8 (unreliable) (unreliable network)...
  ... Passed --  time 32.3s #peers 5 #RPCs 10149 #Ops    0
--- PASS: TestFigure8Unreliable3C (32.25s)
=== RUN   TestReliableChurn3C
Test (3C): churn (reliable network)...
  ... Passed --  time 16.5s #peers 5 #RPCs  7125 #Ops    0
--- PASS: TestReliableChurn3C (16.53s)
=== RUN   TestUnreliableChurn3C
Test (3C): unreliable churn (unreliable network)...
  ... Passed --  time 16.1s #peers 5 #RPCs  2892 #Ops    0
--- PASS: TestUnreliableChurn3C (16.13s)
=== RUN   TestSnapshotBasic3D
Test (3D): snapshots basic (reliable network)...
  ... Passed --  time  1.9s #peers 3 #RPCs   520 #Ops    0
--- PASS: TestSnapshotBasic3D (1.95s)
=== RUN   TestSnapshotInstall3D
Test (3D): install snapshots (disconnect) (reliable network)...
  ... Passed --  time 33.3s #peers 3 #RPCs  2006 #Ops    0
--- PASS: TestSnapshotInstall3D (33.25s)
=== RUN   TestSnapshotInstallUnreliable3D
Test (3D): install snapshots (disconnect) (unreliable network)...
  ... Passed --  time 52.4s #peers 3 #RPCs  2872 #Ops    0
--- PASS: TestSnapshotInstallUnreliable3D (52.44s)
=== RUN   TestSnapshotInstallCrash3D
Test (3D): install snapshots (crash) (reliable network)...
  ... Passed --  time 22.7s #peers 3 #RPCs  1431 #Ops    0
--- PASS: TestSnapshotInstallCrash3D (22.71s)
=== RUN   TestSnapshotInstallUnCrash3D
Test (3D): install snapshots (crash) (unreliable network)...
  ... Passed --  time 31.7s #peers 3 #RPCs  1572 #Ops    0
--- PASS: TestSnapshotInstallUnCrash3D (31.69s)
=== RUN   TestSnapshotAllCrash3D
Test (3D): crash and restart all servers (unreliable network)...
  ... Passed --  time  6.8s #peers 3 #RPCs   338 #Ops    0
--- PASS: TestSnapshotAllCrash3D (6.85s)
=== RUN   TestSnapshotInit3D
Test (3D): snapshot initialization after crash (unreliable network)...
  ... Passed --  time  2.0s #peers 3 #RPCs    80 #Ops    0
--- PASS: TestSnapshotInit3D (2.02s)
FAIL
exit status 1
FAIL	6.5840/raft1	344.317s
