=== RUN   TestInitialElection3A
Test (3A): initial election (reliable network)...
  ... Passed --  time  3.0s #peers 3 #RPCs   110 #Ops    0
--- PASS: TestInitialElection3A (3.05s)
=== RUN   TestReElection3A
Test (3A): election after network failure (reliable network)...
  ... Passed --  time  7.1s #peers 3 #RPCs   296 #Ops    0
--- PASS: TestReElection3A (7.06s)
=== RUN   TestManyElections3A
Test (3A): multiple elections (reliable network)...
  ... Passed --  time  8.0s #peers 7 #RPCs  1187 #Ops    0
--- PASS: TestManyElections3A (7.97s)
=== RUN   TestBasicAgree3B
Test (3B): basic agreement (reliable network)...
  ... Passed --  time  0.5s #peers 3 #RPCs    18 #Ops    0
--- PASS: TestBasicAgree3B (0.48s)
=== RUN   TestRPCBytes3B
Test (3B): RPC byte count (reliable network)...
  ... Passed --  time  0.9s #peers 3 #RPCs    50 #Ops    0
--- PASS: TestRPCBytes3B (0.93s)
=== RUN   TestFollowerFailure3B
Test (3B): test progressive failure of followers (reliable network)...
  ... Passed --  time  4.5s #peers 3 #RPCs   178 #Ops    0
--- PASS: TestFollowerFailure3B (4.50s)
=== RUN   TestLeaderFailure3B
Test (3B): test failure of leaders (reliable network)...
  ... Passed --  time  5.0s #peers 3 #RPCs   352 #Ops    0
--- PASS: TestLeaderFailure3B (4.99s)
=== RUN   TestFailAgree3B
Test (3B): agreement after follower reconnects (reliable network)...
  ... Passed --  time  3.2s #peers 3 #RPCs   138 #Ops    0
--- PASS: TestFailAgree3B (3.21s)
=== RUN   TestFailNoAgree3B
Test (3B): no agreement if too many followers disconnect (reliable network)...
  ... Passed --  time  3.4s #peers 5 #RPCs   292 #Ops    0
--- PASS: TestFailNoAgree3B (3.44s)
=== RUN   TestConcurrentStarts3B
Test (3B): concurrent Start()s (reliable network)...
  ... Passed --  time  0.5s #peers 3 #RPCs    22 #Ops    0
--- PASS: TestConcurrentStarts3B (0.49s)
=== RUN   TestRejoin3B
Test (3B): rejoin of partitioned leader (reliable network)...
  ... Passed --  time  3.9s #peers 3 #RPCs   258 #Ops    0
--- PASS: TestRejoin3B (3.90s)
=== RUN   TestBackup3B
Test (3B): leader backs up quickly over incorrect follower logs (reliable network)...
  ... Passed --  time 18.7s #peers 5 #RPCs  2824 #Ops    0
--- PASS: TestBackup3B (18.74s)
=== RUN   TestCount3B
Test (3B): RPC counts aren't too high (reliable network)...
  ... Passed --  time  2.0s #peers 3 #RPCs    94 #Ops    0
--- PASS: TestCount3B (1.99s)
=== RUN   TestPersist13C
Test (3C): basic persistence (reliable network)...
  ... Passed --  time  3.3s #peers 3 #RPCs   106 #Ops    0
--- PASS: TestPersist13C (3.28s)
=== RUN   TestPersist23C
Test (3C): more persistence (reliable network)...
  ... Passed --  time 37.2s #peers 5 #RPCs   476 #Ops    0
--- PASS: TestPersist23C (37.17s)
=== RUN   TestPersist33C
Test (3C): partitioned leader and one follower crash, leader restarts (reliable network)...
  ... Passed --  time  1.4s #peers 3 #RPCs    46 #Ops    0
--- PASS: TestPersist33C (1.40s)
=== RUN   TestFigure83C
Test (3C): Figure 8 (reliable network)...
  ... Passed --  time 30.6s #peers 5 #RPCs  1009 #Ops    0
--- PASS: TestFigure83C (30.55s)
=== RUN   TestUnreliableAgree3C
Test (3C): unreliable agreement (unreliable network)...
  ... Passed --  time  1.5s #peers 5 #RPCs  1088 #Ops    0
--- PASS: TestUnreliableAgree3C (1.50s)
=== RUN   TestFigure8Unreliable3C
Test (3C): Figure 8 (unreliable) (unreliable network)...
  ... Passed --  time 34.4s #peers 5 #RPCs 12168 #Ops    0
--- PASS: TestFigure8Unreliable3C (34.38s)
=== RUN   TestReliableChurn3C
Test (3C): churn (reliable network)...
  ... Passed --  time 16.2s #peers 5 #RPCs  8140 #Ops    0
--- PASS: TestReliableChurn3C (16.16s)
=== RUN   TestUnreliableChurn3C
Test (3C): unreliable churn (unreliable network)...
  ... Passed --  time 16.4s #peers 5 #RPCs  3764 #Ops    0
--- PASS: TestUnreliableChurn3C (16.36s)
=== RUN   TestSnapshotBasic3D
Test (3D): snapshots basic (reliable network)...
  ... Passed --  time  2.0s #peers 3 #RPCs   500 #Ops    0
--- PASS: TestSnapshotBasic3D (2.01s)
=== RUN   TestSnapshotInstall3D
Test (3D): install snapshots (disconnect) (reliable network)...
  ... Passed --  time 34.5s #peers 3 #RPCs  2248 #Ops    0
--- PASS: TestSnapshotInstall3D (34.49s)
=== RUN   TestSnapshotInstallUnreliable3D
Test (3D): install snapshots (disconnect) (unreliable network)...
  ... Passed --  time 44.1s #peers 3 #RPCs  2522 #Ops    0
--- PASS: TestSnapshotInstallUnreliable3D (44.10s)
=== RUN   TestSnapshotInstallCrash3D
Test (3D): install snapshots (crash) (reliable network)...
  ... Passed --  time 23.2s #peers 3 #RPCs  1458 #Ops    0
--- PASS: TestSnapshotInstallCrash3D (23.20s)
=== RUN   TestSnapshotInstallUnCrash3D
Test (3D): install snapshots (crash) (unreliable network)...
  ... Passed --  time 35.6s #peers 3 #RPCs  1573 #Ops    0
--- PASS: TestSnapshotInstallUnCrash3D (35.56s)
=== RUN   TestSnapshotAllCrash3D
Test (3D): crash and restart all servers (unreliable network)...
  ... Passed --  time  5.6s #peers 3 #RPCs   248 #Ops    0
--- PASS: TestSnapshotAllCrash3D (5.62s)
=== RUN   TestSnapshotInit3D
Test (3D): snapshot initialization after crash (unreliable network)...
  ... Passed --  time  2.5s #peers 3 #RPCs    90 #Ops    0
--- PASS: TestSnapshotInit3D (2.52s)
PASS
ok  	6.5840/raft1	350.132s
