=== RUN   TestInitialElection3A
Test (3A): initial election (reliable network)...
  ... Passed --  time  3.1s #peers 3 #RPCs   112 #Ops    0
--- PASS: TestInitialElection3A (3.10s)
=== RUN   TestReElection3A
Test (3A): election after network failure (reliable network)...
  ... Passed --  time  4.5s #peers 3 #RPCs   210 #Ops    0
--- PASS: TestReElection3A (4.47s)
=== RUN   TestManyElections3A
Test (3A): multiple elections (reliable network)...
  ... Passed --  time  5.4s #peers 7 #RPCs   912 #Ops    0
--- PASS: TestManyElections3A (5.45s)
=== RUN   TestBasicAgree3B
Test (3B): basic agreement (reliable network)...
  ... Passed --  time  0.5s #peers 3 #RPCs    18 #Ops    0
--- PASS: TestBasicAgree3B (0.50s)
=== RUN   TestRPCBytes3B
Test (3B): RPC byte count (reliable network)...
  ... Passed --  time  0.9s #peers 3 #RPCs    50 #Ops    0
--- PASS: TestRPCBytes3B (0.91s)
=== RUN   TestFollowerFailure3B
Test (3B): test progressive failure of followers (reliable network)...
  ... Passed --  time  4.4s #peers 3 #RPCs   196 #Ops    0
--- PASS: TestFollowerFailure3B (4.36s)
=== RUN   TestLeaderFailure3B
Test (3B): test failure of leaders (reliable network)...
  ... Passed --  time  4.9s #peers 3 #RPCs   348 #Ops    0
--- PASS: TestLeaderFailure3B (4.92s)
=== RUN   TestFailAgree3B
Test (3B): agreement after follower reconnects (reliable network)...
  ... Passed --  time  3.2s #peers 3 #RPCs   140 #Ops    0
--- PASS: TestFailAgree3B (3.17s)
=== RUN   TestFailNoAgree3B
Test (3B): no agreement if too many followers disconnect (reliable network)...
  ... Passed --  time  3.5s #peers 5 #RPCs   328 #Ops    0
--- PASS: TestFailNoAgree3B (3.49s)
=== RUN   TestConcurrentStarts3B
Test (3B): concurrent Start()s (reliable network)...
  ... Passed --  time  0.6s #peers 3 #RPCs    28 #Ops    0
--- PASS: TestConcurrentStarts3B (0.58s)
=== RUN   TestRejoin3B
Test (3B): rejoin of partitioned leader (reliable network)...
  ... Passed --  time  3.8s #peers 3 #RPCs   260 #Ops    0
--- PASS: TestRejoin3B (3.80s)
=== RUN   TestBackup3B
Test (3B): leader backs up quickly over incorrect follower logs (reliable network)...
  ... Passed --  time 11.7s #peers 5 #RPCs  2471 #Ops    0
--- PASS: TestBackup3B (11.74s)
=== RUN   TestCount3B
Test (3B): RPC counts aren't too high (reliable network)...
  ... Passed --  time  2.0s #peers 3 #RPCs    94 #Ops    0
--- PASS: TestCount3B (1.96s)
=== RUN   TestPersist13C
Test (3C): basic persistence (reliable network)...
  ... Passed --  time  3.4s #peers 3 #RPCs   110 #Ops    0
--- PASS: TestPersist13C (3.36s)
=== RUN   TestPersist23C
Test (3C): more persistence (reliable network)...
  ... Passed --  time 10.7s #peers 5 #RPCs   456 #Ops    0
--- PASS: TestPersist23C (10.67s)
=== RUN   TestPersist33C
Test (3C): partitioned leader and one follower crash, leader restarts (reliable network)...
  ... Passed --  time  1.6s #peers 3 #RPCs    48 #Ops    0
--- PASS: TestPersist33C (1.63s)
=== RUN   TestFigure83C
Test (3C): Figure 8 (reliable network)...
  ... Passed --  time 29.7s #peers 5 #RPCs  1517 #Ops    0
--- PASS: TestFigure83C (29.69s)
=== RUN   TestUnreliableAgree3C
Test (3C): unreliable agreement (unreliable network)...
  ... Passed --  time  1.9s #peers 5 #RPCs  1092 #Ops    0
--- PASS: TestUnreliableAgree3C (1.86s)
=== RUN   TestFigure8Unreliable3C
Test (3C): Figure 8 (unreliable) (unreliable network)...
  ... Passed --  time 36.2s #peers 5 #RPCs 13011 #Ops    0
--- PASS: TestFigure8Unreliable3C (36.19s)
=== RUN   TestReliableChurn3C
Test (3C): churn (reliable network)...
  ... Passed --  time 16.2s #peers 5 #RPCs  6864 #Ops    0
--- PASS: TestReliableChurn3C (16.19s)
=== RUN   TestUnreliableChurn3C
Test (3C): unreliable churn (unreliable network)...
  ... Passed --  time 16.1s #peers 5 #RPCs  5200 #Ops    0
--- PASS: TestUnreliableChurn3C (16.12s)
=== RUN   TestSnapshotBasic3D
Test (3D): snapshots basic (reliable network)...
  ... Passed --  time  2.0s #peers 3 #RPCs   478 #Ops    0
--- PASS: TestSnapshotBasic3D (1.96s)
=== RUN   TestSnapshotInstall3D
Test (3D): install snapshots (disconnect) (reliable network)...
  ... Passed --  time 33.3s #peers 3 #RPCs  1964 #Ops    0
--- PASS: TestSnapshotInstall3D (33.26s)
=== RUN   TestSnapshotInstallUnreliable3D
Test (3D): install snapshots (disconnect) (unreliable network)...
  ... Passed --  time 40.3s #peers 3 #RPCs  2430 #Ops    0
--- PASS: TestSnapshotInstallUnreliable3D (40.30s)
=== RUN   TestSnapshotInstallCrash3D
Test (3D): install snapshots (crash) (reliable network)...
  ... Passed --  time 23.8s #peers 3 #RPCs  1458 #Ops    0
--- PASS: TestSnapshotInstallCrash3D (23.76s)
=== RUN   TestSnapshotInstallUnCrash3D
Test (3D): install snapshots (crash) (unreliable network)...
  ... Passed --  time 30.0s #peers 3 #RPCs  1679 #Ops    0
--- PASS: TestSnapshotInstallUnCrash3D (30.02s)
=== RUN   TestSnapshotAllCrash3D
Test (3D): crash and restart all servers (unreliable network)...
  ... Passed --  time  6.5s #peers 3 #RPCs   316 #Ops    0
--- PASS: TestSnapshotAllCrash3D (6.52s)
=== RUN   TestSnapshotInit3D
Test (3D): snapshot initialization after crash (unreliable network)...
  ... Passed --  time  2.7s #peers 3 #RPCs    96 #Ops    0
--- PASS: TestSnapshotInit3D (2.69s)
PASS
ok  	6.5840/raft1	303.728s
