=== RUN   TestInitialElection3A
Test (3A): initial election (reliable network)...
  ... Passed --  time  3.1s #peers 3 #RPCs   112 #Ops    0
--- PASS: TestInitialElection3A (3.07s)
=== RUN   TestReElection3A
Test (3A): election after network failure (reliable network)...
  ... Passed --  time  4.4s #peers 3 #RPCs   216 #Ops    0
--- PASS: TestReElection3A (4.43s)
=== RUN   TestManyElections3A
Test (3A): multiple elections (reliable network)...
  ... Passed --  time  5.4s #peers 7 #RPCs   816 #Ops    0
--- PASS: TestManyElections3A (5.41s)
=== RUN   TestBasicAgree3B
Test (3B): basic agreement (reliable network)...
  ... Passed --  time  0.5s #peers 3 #RPCs    18 #Ops    0
--- PASS: TestBasicAgree3B (0.50s)
=== RUN   TestRPCBytes3B
Test (3B): RPC byte count (reliable network)...
  ... Passed --  time  0.9s #peers 3 #RPCs    48 #Ops    0
--- PASS: TestRPCBytes3B (0.94s)
=== RUN   TestFollowerFailure3B
Test (3B): test progressive failure of followers (reliable network)...
  ... Passed --  time  4.6s #peers 3 #RPCs   202 #Ops    0
--- PASS: TestFollowerFailure3B (4.56s)
=== RUN   TestLeaderFailure3B
Test (3B): test failure of leaders (reliable network)...
  ... Passed --  time  4.8s #peers 3 #RPCs   348 #Ops    0
--- PASS: TestLeaderFailure3B (4.82s)
=== RUN   TestFailAgree3B
Test (3B): agreement after follower reconnects (reliable network)...
  ... Passed --  time  5.2s #peers 3 #RPCs   224 #Ops    0
--- PASS: TestFailAgree3B (5.17s)
=== RUN   TestFailNoAgree3B
Test (3B): no agreement if too many followers disconnect (reliable network)...
  ... Passed --  time  3.4s #peers 5 #RPCs   332 #Ops    0
--- PASS: TestFailNoAgree3B (3.35s)
=== RUN   TestConcurrentStarts3B
Test (3B): concurrent Start()s (reliable network)...
  ... Passed --  time  0.5s #peers 3 #RPCs    24 #Ops    0
--- PASS: TestConcurrentStarts3B (0.51s)
=== RUN   TestRejoin3B
Test (3B): rejoin of partitioned leader (reliable network)...
  ... Passed --  time  3.8s #peers 3 #RPCs   258 #Ops    0
--- PASS: TestRejoin3B (3.81s)
=== RUN   TestBackup3B
Test (3B): leader backs up quickly over incorrect follower logs (reliable network)...
  ... Passed --  time 11.9s #peers 5 #RPCs  2504 #Ops    0
--- PASS: TestBackup3B (11.90s)
=== RUN   TestCount3B
Test (3B): RPC counts aren't too high (reliable network)...
  ... Passed --  time  2.0s #peers 3 #RPCs    94 #Ops    0
--- PASS: TestCount3B (2.00s)
=== RUN   TestPersist13C
Test (3C): basic persistence (reliable network)...
  ... Passed --  time  3.3s #peers 3 #RPCs   106 #Ops    0
--- PASS: TestPersist13C (3.28s)
=== RUN   TestPersist23C
Test (3C): more persistence (reliable network)...
  ... Passed --  time 10.7s #peers 5 #RPCs   460 #Ops    0
--- PASS: TestPersist23C (10.69s)
=== RUN   TestPersist33C
Test (3C): partitioned leader and one follower crash, leader restarts (reliable network)...
  ... Passed --  time  1.4s #peers 3 #RPCs    46 #Ops    0
--- PASS: TestPersist33C (1.44s)
=== RUN   TestFigure83C
Test (3C): Figure 8 (reliable network)...
  ... Passed --  time 26.3s #peers 5 #RPCs  1295 #Ops    0
--- PASS: TestFigure83C (26.35s)
=== RUN   TestUnreliableAgree3C
Test (3C): unreliable agreement (unreliable network)...
  ... Passed --  time  1.5s #peers 5 #RPCs  1088 #Ops    0
--- PASS: TestUnreliableAgree3C (1.52s)
=== RUN   TestFigure8Unreliable3C
Test (3C): Figure 8 (unreliable) (unreliable network)...
  ... Passed --  time 38.9s #peers 5 #RPCs 13557 #Ops    0
--- PASS: TestFigure8Unreliable3C (38.92s)
=== RUN   TestReliableChurn3C
Test (3C): churn (reliable network)...
  ... Passed --  time 16.1s #peers 5 #RPCs  6932 #Ops    0
--- PASS: TestReliableChurn3C (16.15s)
=== RUN   TestUnreliableChurn3C
Test (3C): unreliable churn (unreliable network)...
  ... Passed --  time 16.1s #peers 5 #RPCs  5119 #Ops    0
--- PASS: TestUnreliableChurn3C (16.13s)
=== RUN   TestSnapshotBasic3D
Test (3D): snapshots basic (reliable network)...
  ... Passed --  time  1.8s #peers 3 #RPCs   486 #Ops    0
--- PASS: TestSnapshotBasic3D (1.80s)
=== RUN   TestSnapshotInstall3D
Test (3D): install snapshots (disconnect) (reliable network)...
  ... Passed --  time 32.9s #peers 3 #RPCs  1984 #Ops    0
--- PASS: TestSnapshotInstall3D (32.85s)
=== RUN   TestSnapshotInstallUnreliable3D
Test (3D): install snapshots (disconnect) (unreliable network)...
  ... Passed --  time 40.5s #peers 3 #RPCs  2410 #Ops    0
--- PASS: TestSnapshotInstallUnreliable3D (40.52s)
=== RUN   TestSnapshotInstallCrash3D
Test (3D): install snapshots (crash) (reliable network)...
  ... Passed --  time 23.8s #peers 3 #RPCs  1508 #Ops    0
--- PASS: TestSnapshotInstallCrash3D (23.79s)
=== RUN   TestSnapshotInstallUnCrash3D
Test (3D): install snapshots (crash) (unreliable network)...
  ... Passed --  time 28.0s #peers 3 #RPCs  1580 #Ops    0
--- PASS: TestSnapshotInstallUnCrash3D (28.04s)
=== RUN   TestSnapshotAllCrash3D
Test (3D): crash and restart all servers (unreliable network)...
  ... Passed --  time  7.4s #peers 3 #RPCs   360 #Ops    0
--- PASS: TestSnapshotAllCrash3D (7.36s)
=== RUN   TestSnapshotInit3D
Test (3D): snapshot initialization after crash (unreliable network)...
  ... Passed --  time  2.8s #peers 3 #RPCs    98 #Ops    0
--- PASS: TestSnapshotInit3D (2.76s)
PASS
ok  	6.5840/raft1	303.111s
