=== RUN   TestInitialElection3A
Test (3A): initial election (reliable network)...
  ... Passed --  time  3.0s #peers 3 #RPCs   110 #Ops    0
--- PASS: TestInitialElection3A (3.04s)
=== RUN   TestReElection3A
Test (3A): election after network failure (reliable network)...
  ... Passed --  time  4.5s #peers 3 #RPCs   214 #Ops    0
--- PASS: TestReElection3A (4.55s)
=== RUN   TestManyElections3A
Test (3A): multiple elections (reliable network)...
  ... Passed --  time  5.5s #peers 7 #RPCs   864 #Ops    0
--- PASS: TestManyElections3A (5.46s)
=== RUN   TestBasicAgree3B
Test (3B): basic agreement (reliable network)...
  ... Passed --  time  0.5s #peers 3 #RPCs    18 #Ops    0
--- PASS: TestBasicAgree3B (0.50s)
=== RUN   TestRPCBytes3B
Test (3B): RPC byte count (reliable network)...
  ... Passed --  time  1.0s #peers 3 #RPCs    50 #Ops    0
--- PASS: TestRPCBytes3B (1.01s)
=== RUN   TestFollowerFailure3B
Test (3B): test progressive failure of followers (reliable network)...
  ... Passed --  time  4.5s #peers 3 #RPCs   204 #Ops    0
--- PASS: TestFollowerFailure3B (4.49s)
=== RUN   TestLeaderFailure3B
Test (3B): test failure of leaders (reliable network)...
  ... Passed --  time  4.9s #peers 3 #RPCs   348 #Ops    0
--- PASS: TestLeaderFailure3B (4.92s)
=== RUN   TestFailAgree3B
Test (3B): agreement after follower reconnects (reliable network)...
  ... Passed --  time  3.3s #peers 3 #RPCs   140 #Ops    0
--- PASS: TestFailAgree3B (3.29s)
=== RUN   TestFailNoAgree3B
Test (3B): no agreement if too many followers disconnect (reliable network)...
  ... Passed --  time  3.5s #peers 5 #RPCs   336 #Ops    0
--- PASS: TestFailNoAgree3B (3.46s)
=== RUN   TestConcurrentStarts3B
Test (3B): concurrent Start()s (reliable network)...
  ... Passed --  time  0.5s #peers 3 #RPCs    24 #Ops    0
--- PASS: TestConcurrentStarts3B (0.49s)
=== RUN   TestRejoin3B
Test (3B): rejoin of partitioned leader (reliable network)...
  ... Passed --  time  3.8s #peers 3 #RPCs   254 #Ops    0
--- PASS: TestRejoin3B (3.83s)
=== RUN   TestBackup3B
Test (3B): leader backs up quickly over incorrect follower logs (reliable network)...
  ... Passed --  time 11.9s #peers 5 #RPCs  2500 #Ops    0
--- PASS: TestBackup3B (11.92s)
=== RUN   TestCount3B
Test (3B): RPC counts aren't too high (reliable network)...
  ... Passed --  time  2.0s #peers 3 #RPCs    98 #Ops    0
--- PASS: TestCount3B (2.04s)
=== RUN   TestPersist13C
Test (3C): basic persistence (reliable network)...
  ... Passed --  time  3.2s #peers 3 #RPCs   104 #Ops    0
--- PASS: TestPersist13C (3.20s)
=== RUN   TestPersist23C
Test (3C): more persistence (reliable network)...
  ... Passed --  time 10.5s #peers 5 #RPCs   452 #Ops    0
--- PASS: TestPersist23C (10.51s)
=== RUN   TestPersist33C
Test (3C): partitioned leader and one follower crash, leader restarts (reliable network)...
  ... Passed --  time  1.6s #peers 3 #RPCs    50 #Ops    0
--- PASS: TestPersist33C (1.65s)
=== RUN   TestFigure83C
Test (3C): Figure 8 (reliable network)...
  ... Passed --  time 33.0s #peers 5 #RPCs  1617 #Ops    0
--- PASS: TestFigure83C (33.01s)
=== RUN   TestUnreliableAgree3C
Test (3C): unreliable agreement (unreliable network)...
  ... Passed --  time  1.5s #peers 5 #RPCs  1084 #Ops    0
--- PASS: TestUnreliableAgree3C (1.48s)
=== RUN   TestFigure8Unreliable3C
Test (3C): Figure 8 (unreliable) (unreliable network)...
  ... Passed --  time 35.5s #peers 5 #RPCs 11744 #Ops    0
--- PASS: TestFigure8Unreliable3C (35.48s)
=== RUN   TestReliableChurn3C
Test (3C): churn (reliable network)...
  ... Passed --  time 16.1s #peers 5 #RPCs  7132 #Ops    0
--- PASS: TestReliableChurn3C (16.12s)
=== RUN   TestUnreliableChurn3C
Test (3C): unreliable churn (unreliable network)...
  ... Passed --  time 16.1s #peers 5 #RPCs  5236 #Ops    0
--- PASS: TestUnreliableChurn3C (16.11s)
=== RUN   TestSnapshotBasic3D
Test (3D): snapshots basic (reliable network)...
  ... Passed --  time  2.0s #peers 3 #RPCs   536 #Ops    0
--- PASS: TestSnapshotBasic3D (1.97s)
=== RUN   TestSnapshotInstall3D
Test (3D): install snapshots (disconnect) (reliable network)...
  ... Passed --  time 35.8s #peers 3 #RPCs  2191 #Ops    0
--- PASS: TestSnapshotInstall3D (35.77s)
=== RUN   TestSnapshotInstallUnreliable3D
Test (3D): install snapshots (disconnect) (unreliable network)...
  ... Passed --  time 39.7s #peers 3 #RPCs  2334 #Ops    0
--- PASS: TestSnapshotInstallUnreliable3D (39.74s)
=== RUN   TestSnapshotInstallCrash3D
Test (3D): install snapshots (crash) (reliable network)...
  ... Passed --  time 23.4s #peers 3 #RPCs  1450 #Ops    0
--- PASS: TestSnapshotInstallCrash3D (23.39s)
=== RUN   TestSnapshotInstallUnCrash3D
Test (3D): install snapshots (crash) (unreliable network)...
  ... Passed --  time 31.7s #peers 3 #RPCs  1688 #Ops    0
--- PASS: TestSnapshotInstallUnCrash3D (31.71s)
=== RUN   TestSnapshotAllCrash3D
Test (3D): crash and restart all servers (unreliable network)...
  ... Passed --  time  6.6s #peers 3 #RPCs   312 #Ops    0
--- PASS: TestSnapshotAllCrash3D (6.63s)
=== RUN   TestSnapshotInit3D
Test (3D): snapshot initialization after crash (unreliable network)...
  ... Passed --  time  2.2s #peers 3 #RPCs    90 #Ops    0
--- PASS: TestSnapshotInit3D (2.24s)
PASS
ok  	6.5840/raft1	309.075s
