=== RUN   TestInitialElection3A
Test (3A): initial election (reliable network)...
  ... Passed --  time  3.1s #peers 3 #RPCs   112 #Ops    0
--- PASS: TestInitialElection3A (3.05s)
=== RUN   TestReElection3A
Test (3A): election after network failure (reliable network)...
  ... Passed --  time  5.1s #peers 3 #RPCs   244 #Ops    0
--- PASS: TestReElection3A (5.09s)
=== RUN   TestManyElections3A
Test (3A): multiple elections (reliable network)...
  ... Passed --  time  5.5s #peers 7 #RPCs   852 #Ops    0
--- PASS: TestManyElections3A (5.49s)
=== RUN   TestBasicAgree3B
Test (3B): basic agreement (reliable network)...
  ... Passed --  time  0.6s #peers 3 #RPCs    18 #Ops    0
--- PASS: TestBasicAgree3B (0.60s)
=== RUN   TestRPCBytes3B
Test (3B): RPC byte count (reliable network)...
  ... Passed --  time  0.9s #peers 3 #RPCs    50 #Ops    0
--- PASS: TestRPCBytes3B (0.91s)
=== RUN   TestFollowerFailure3B
Test (3B): test progressive failure of followers (reliable network)...
  ... Passed --  time  4.5s #peers 3 #RPCs   202 #Ops    0
--- PASS: TestFollowerFailure3B (4.50s)
=== RUN   TestLeaderFailure3B
Test (3B): test failure of leaders (reliable network)...
  ... Passed --  time  4.7s #peers 3 #RPCs   316 #Ops    0
--- PASS: TestLeaderFailure3B (4.73s)
=== RUN   TestFailAgree3B
Test (3B): agreement after follower reconnects (reliable network)...
  ... Passed --  time  3.2s #peers 3 #RPCs   136 #Ops    0
--- PASS: TestFailAgree3B (3.15s)
=== RUN   TestFailNoAgree3B
Test (3B): no agreement if too many followers disconnect (reliable network)...
  ... Passed --  time  3.4s #peers 5 #RPCs   336 #Ops    0
--- PASS: TestFailNoAgree3B (3.44s)
=== RUN   TestConcurrentStarts3B
Test (3B): concurrent Start()s (reliable network)...
  ... Passed --  time  0.5s #peers 3 #RPCs    24 #Ops    0
--- PASS: TestConcurrentStarts3B (0.54s)
=== RUN   TestRejoin3B
Test (3B): rejoin of partitioned leader (reliable network)...
  ... Passed --  time  6.4s #peers 3 #RPCs   366 #Ops    0
--- PASS: TestRejoin3B (6.42s)
=== RUN   TestBackup3B
Test (3B): leader backs up quickly over incorrect follower logs (reliable network)...
  ... Passed --  time 11.8s #peers 5 #RPCs  2496 #Ops    0
--- PASS: TestBackup3B (11.81s)
=== RUN   TestCount3B
Test (3B): RPC counts aren't too high (reliable network)...
  ... Passed --  time  2.0s #peers 3 #RPCs    96 #Ops    0
--- PASS: TestCount3B (2.03s)
=== RUN   TestPersist13C
Test (3C): basic persistence (reliable network)...
  ... Passed --  time  3.3s #peers 3 #RPCs   108 #Ops    0
--- PASS: TestPersist13C (3.28s)
=== RUN   TestPersist23C
Test (3C): more persistence (reliable network)...
  ... Passed --  time 11.5s #peers 5 #RPCs   472 #Ops    0
--- PASS: TestPersist23C (11.46s)
=== RUN   TestPersist33C
Test (3C): partitioned leader and one follower crash, leader restarts (reliable network)...
  ... Passed --  time  1.5s #peers 3 #RPCs    48 #Ops    0
--- PASS: TestPersist33C (1.53s)
=== RUN   TestFigure83C
Test (3C): Figure 8 (reliable network)...
  ... Passed --  time 35.8s #peers 5 #RPCs  1782 #Ops    0
--- PASS: TestFigure83C (35.82s)
=== RUN   TestUnreliableAgree3C
Test (3C): unreliable agreement (unreliable network)...
  ... Passed --  time  1.5s #peers 5 #RPCs  1088 #Ops    0
--- PASS: TestUnreliableAgree3C (1.45s)
=== RUN   TestFigure8Unreliable3C
Test (3C): Figure 8 (unreliable) (unreliable network)...
  ... Passed --  time 35.3s #peers 5 #RPCs 13175 #Ops    0
--- PASS: TestFigure8Unreliable3C (35.31s)
=== RUN   TestReliableChurn3C
Test (3C): churn (reliable network)...
  ... Passed --  time 16.1s #peers 5 #RPCs  7720 #Ops    0
--- PASS: TestReliableChurn3C (16.16s)
=== RUN   TestUnreliableChurn3C
Test (3C): unreliable churn (unreliable network)...
  ... Passed --  time 16.2s #peers 5 #RPCs  4456 #Ops    0
--- PASS: TestUnreliableChurn3C (16.19s)
=== RUN   TestSnapshotBasic3D
Test (3D): snapshots basic (reliable network)...
  ... Passed --  time  1.9s #peers 3 #RPCs   560 #Ops    0
--- PASS: TestSnapshotBasic3D (1.95s)
=== RUN   TestSnapshotInstall3D
Test (3D): install snapshots (disconnect) (reliable network)...
  ... Passed --  time 32.9s #peers 3 #RPCs  1958 #Ops    0
--- PASS: TestSnapshotInstall3D (32.94s)
=== RUN   TestSnapshotInstallUnreliable3D
Test (3D): install snapshots (disconnect) (unreliable network)...
  ... Passed --  time 39.5s #peers 3 #RPCs  2416 #Ops    0
--- PASS: TestSnapshotInstallUnreliable3D (39.48s)
=== RUN   TestSnapshotInstallCrash3D
Test (3D): install snapshots (crash) (reliable network)...
  ... Passed --  time 22.8s #peers 3 #RPCs  1430 #Ops    0
--- PASS: TestSnapshotInstallCrash3D (22.81s)
=== RUN   TestSnapshotInstallUnCrash3D
Test (3D): install snapshots (crash) (unreliable network)...
  ... Passed --  time 27.9s #peers 3 #RPCs  1596 #Ops    0
--- PASS: TestSnapshotInstallUnCrash3D (27.93s)
=== RUN   TestSnapshotAllCrash3D
Test (3D): crash and restart all servers (unreliable network)...
  ... Passed --  time  6.5s #peers 3 #RPCs   320 #Ops    0
--- PASS: TestSnapshotAllCrash3D (6.49s)
=== RUN   TestSnapshotInit3D
Test (3D): snapshot initialization after crash (unreliable network)...
  ... Passed --  time  2.3s #peers 3 #RPCs    92 #Ops    0
--- PASS: TestSnapshotInit3D (2.29s)
PASS
ok  	6.5840/raft1	307.944s
