=== RUN   TestInitialElection3A
Test (3A): initial election (reliable network)...
  ... Passed --  time  3.1s #peers 3 #RPCs   110 #Ops    0
--- PASS: TestInitialElection3A (3.06s)
=== RUN   TestReElection3A
Test (3A): election after network failure (reliable network)...
  ... Passed --  time  4.4s #peers 3 #RPCs   214 #Ops    0
--- PASS: TestReElection3A (4.42s)
=== RUN   TestManyElections3A
Test (3A): multiple elections (reliable network)...
  ... Passed --  time  5.4s #peers 7 #RPCs  1275 #Ops    0
--- PASS: TestManyElections3A (5.39s)
=== RUN   TestBasicAgree3B
Test (3B): basic agreement (reliable network)...
  ... Passed --  time  0.6s #peers 3 #RPCs    18 #Ops    0
--- PASS: TestBasicAgree3B (0.55s)
=== RUN   TestRPCBytes3B
Test (3B): RPC byte count (reliable network)...
  ... Passed --  time  1.0s #peers 3 #RPCs    52 #Ops    0
--- PASS: TestRPCBytes3B (0.95s)
=== RUN   TestFollowerFailure3B
Test (3B): test progressive failure of followers (reliable network)...
  ... Passed --  time  4.6s #peers 3 #RPCs   202 #Ops    0
--- PASS: TestFollowerFailure3B (4.58s)
=== RUN   TestLeaderFailure3B
Test (3B): test failure of leaders (reliable network)...
  ... Passed --  time  4.8s #peers 3 #RPCs   346 #Ops    0
--- PASS: TestLeaderFailure3B (4.80s)
=== RUN   TestFailAgree3B
Test (3B): agreement after follower reconnects (reliable network)...
  ... Passed --  time  5.2s #peers 3 #RPCs   220 #Ops    0
--- PASS: TestFailAgree3B (5.20s)
=== RUN   TestFailNoAgree3B
Test (3B): no agreement if too many followers disconnect (reliable network)...
  ... Passed --  time  3.5s #peers 5 #RPCs   336 #Ops    0
--- PASS: TestFailNoAgree3B (3.45s)
=== RUN   TestConcurrentStarts3B
Test (3B): concurrent Start()s (reliable network)...
  ... Passed --  time  0.6s #peers 3 #RPCs    26 #Ops    0
--- PASS: TestConcurrentStarts3B (0.62s)
=== RUN   TestRejoin3B
Test (3B): rejoin of partitioned leader (reliable network)...
  ... Passed --  time  4.0s #peers 3 #RPCs   264 #Ops    0
--- PASS: TestRejoin3B (3.99s)
=== RUN   TestBackup3B
Test (3B): leader backs up quickly over incorrect follower logs (reliable network)...
  ... Passed --  time  9.9s #peers 5 #RPCs  2336 #Ops    0
--- PASS: TestBackup3B (9.95s)
=== RUN   TestCount3B
Test (3B): RPC counts aren't too high (reliable network)...
  ... Passed --  time  2.0s #peers 3 #RPCs    94 #Ops    0
--- PASS: TestCount3B (1.98s)
=== RUN   TestPersist13C
Test (3C): basic persistence (reliable network)...
  ... Passed --  time  3.2s #peers 3 #RPCs   108 #Ops    0
--- PASS: TestPersist13C (3.25s)
=== RUN   TestPersist23C
Test (3C): more persistence (reliable network)...
  ... Passed --  time 11.0s #peers 5 #RPCs   468 #Ops    0
--- PASS: TestPersist23C (11.04s)
=== RUN   TestPersist33C
Test (3C): partitioned leader and one follower crash, leader restarts (reliable network)...
  ... Passed --  time  1.6s #peers 3 #RPCs    50 #Ops    0
--- PASS: TestPersist33C (1.55s)
=== RUN   TestFigure83C
Test (3C): Figure 8 (reliable network)...
  ... Passed --  time 28.4s #peers 5 #RPCs  1361 #Ops    0
--- PASS: TestFigure83C (28.44s)
=== RUN   TestUnreliableAgree3C
Test (3C): unreliable agreement (unreliable network)...
  ... Passed --  time  1.5s #peers 5 #RPCs  1084 #Ops    0
--- PASS: TestUnreliableAgree3C (1.49s)
=== RUN   TestFigure8Unreliable3C
Test (3C): Figure 8 (unreliable) (unreliable network)...
  ... Passed --  time 35.6s #peers 5 #RPCs 14375 #Ops    0
--- PASS: TestFigure8Unreliable3C (35.64s)
=== RUN   TestReliableChurn3C
Test (3C): churn (reliable network)...
  ... Passed --  time 16.5s #peers 5 #RPCs  7283 #Ops    0
--- PASS: TestReliableChurn3C (16.53s)
=== RUN   TestUnreliableChurn3C
Test (3C): unreliable churn (unreliable network)...
  ... Passed --  time 16.1s #peers 5 #RPCs  5217 #Ops    0
--- PASS: TestUnreliableChurn3C (16.14s)
=== RUN   TestSnapshotBasic3D
Test (3D): snapshots basic (reliable network)...
  ... Passed --  time  2.0s #peers 3 #RPCs   504 #Ops    0
--- PASS: TestSnapshotBasic3D (1.98s)
=== RUN   TestSnapshotInstall3D
Test (3D): install snapshots (disconnect) (reliable network)...
  ... Passed --  time 33.1s #peers 3 #RPCs  2004 #Ops    0
--- PASS: TestSnapshotInstall3D (33.07s)
=== RUN   TestSnapshotInstallUnreliable3D
Test (3D): install snapshots (disconnect) (unreliable network)...
  ... Passed --  time 41.3s #peers 3 #RPCs  2442 #Ops    0
--- PASS: TestSnapshotInstallUnreliable3D (41.30s)
=== RUN   TestSnapshotInstallCrash3D
Test (3D): install snapshots (crash) (reliable network)...
  ... Passed --  time 22.8s #peers 3 #RPCs  1516 #Ops    0
--- PASS: TestSnapshotInstallCrash3D (22.83s)
=== RUN   TestSnapshotInstallUnCrash3D
Test (3D): install snapshots (crash) (unreliable network)...
  ... Passed --  time 28.2s #peers 3 #RPCs  1632 #Ops    0
--- PASS: TestSnapshotInstallUnCrash3D (28.17s)
=== RUN   TestSnapshotAllCrash3D
Test (3D): crash and restart all servers (unreliable network)...
  ... Passed --  time  6.2s #peers 3 #RPCs   290 #Ops    0
--- PASS: TestSnapshotAllCrash3D (6.18s)
=== RUN   TestSnapshotInit3D
Test (3D): snapshot initialization after crash (unreliable network)...
  ... Passed --  time  2.4s #peers 3 #RPCs    94 #Ops    0
--- PASS: TestSnapshotInit3D (2.44s)
PASS
ok  	6.5840/raft1	300.062s
