=== RUN   TestInitialElection3A
Test (3A): initial election (reliable network)...
  ... Passed --  time  3.0s #peers 3 #RPCs   110 #Ops    0
--- PASS: TestInitialElection3A (3.04s)
=== RUN   TestReElection3A
Test (3A): election after network failure (reliable network)...
  ... Passed --  time  5.0s #peers 3 #RPCs   240 #Ops    0
--- PASS: TestReElection3A (4.97s)
=== RUN   TestManyElections3A
Test (3A): multiple elections (reliable network)...
  ... Passed --  time  5.4s #peers 7 #RPCs  1176 #Ops    0
--- PASS: TestManyElections3A (5.43s)
=== RUN   TestBasicAgree3B
Test (3B): basic agreement (reliable network)...
  ... Passed --  time  0.4s #peers 3 #RPCs    16 #Ops    0
--- PASS: TestBasicAgree3B (0.43s)
=== RUN   TestRPCBytes3B
Test (3B): RPC byte count (reliable network)...
  ... Passed --  time  0.9s #peers 3 #RPCs    48 #Ops    0
--- PASS: TestRPCBytes3B (0.94s)
=== RUN   TestFollowerFailure3B
Test (3B): test progressive failure of followers (reliable network)...
  ... Passed --  time  4.5s #peers 3 #RPCs   198 #Ops    0
--- PASS: TestFollowerFailure3B (4.51s)
=== RUN   TestLeaderFailure3B
Test (3B): test failure of leaders (reliable network)...
  ... Passed --  time  5.0s #peers 3 #RPCs   350 #Ops    0
--- PASS: TestLeaderFailure3B (4.97s)
=== RUN   TestFailAgree3B
Test (3B): agreement after follower reconnects (reliable network)...
  ... Passed --  time  3.1s #peers 3 #RPCs   136 #Ops    0
--- PASS: TestFailAgree3B (3.09s)
=== RUN   TestFailNoAgree3B
Test (3B): no agreement if too many followers disconnect (reliable network)...
  ... Passed --  time  3.4s #peers 5 #RPCs   340 #Ops    0
--- PASS: TestFailNoAgree3B (3.45s)
=== RUN   TestConcurrentStarts3B
Test (3B): concurrent Start()s (reliable network)...
  ... Passed --  time  0.5s #peers 3 #RPCs    24 #Ops    0
--- PASS: TestConcurrentStarts3B (0.54s)
=== RUN   TestRejoin3B
Test (3B): rejoin of partitioned leader (reliable network)...
  ... Passed --  time  4.0s #peers 3 #RPCs   268 #Ops    0
--- PASS: TestRejoin3B (3.96s)
=== RUN   TestBackup3B
Test (3B): leader backs up quickly over incorrect follower logs (reliable network)...
  ... Passed --  time 12.3s #peers 5 #RPCs  2548 #Ops    0
--- PASS: TestBackup3B (12.28s)
=== RUN   TestCount3B
Test (3B): RPC counts aren't too high (reliable network)...
  ... Passed --  time  2.0s #peers 3 #RPCs    92 #Ops    0
--- PASS: TestCount3B (1.97s)
=== RUN   TestPersist13C
Test (3C): basic persistence (reliable network)...
  ... Passed --  time  3.4s #peers 3 #RPCs   110 #Ops    0
--- PASS: TestPersist13C (3.40s)
=== RUN   TestPersist23C
Test (3C): more persistence (reliable network)...
  ... Passed --  time 10.5s #peers 5 #RPCs   456 #Ops    0
--- PASS: TestPersist23C (10.54s)
=== RUN   TestPersist33C
Test (3C): partitioned leader and one follower crash, leader restarts (reliable network)...
  ... Passed --  time  1.5s #peers 3 #RPCs    50 #Ops    0
--- PASS: TestPersist33C (1.54s)
=== RUN   TestFigure83C
Test (3C): Figure 8 (reliable network)...
  ... Passed --  time 31.3s #peers 5 #RPCs  1571 #Ops    0
--- PASS: TestFigure83C (31.31s)
=== RUN   TestUnreliableAgree3C
Test (3C): unreliable agreement (unreliable network)...
  ... Passed --  time  1.5s #peers 5 #RPCs  1084 #Ops    0
--- PASS: TestUnreliableAgree3C (1.46s)
=== RUN   TestFigure8Unreliable3C
Test (3C): Figure 8 (unreliable) (unreliable network)...
  ... Passed --  time 35.0s #peers 5 #RPCs 14148 #Ops    0
--- PASS: TestFigure8Unreliable3C (35.00s)
=== RUN   TestReliableChurn3C
Test (3C): churn (reliable network)...
  ... Passed --  time 16.2s #peers 5 #RPCs  7496 #Ops    0
--- PASS: TestReliableChurn3C (16.19s)
=== RUN   TestUnreliableChurn3C
Test (3C): unreliable churn (unreliable network)...
  ... Passed --  time 16.3s #peers 5 #RPCs  5134 #Ops    0
--- PASS: TestUnreliableChurn3C (16.33s)
=== RUN   TestSnapshotBasic3D
Test (3D): snapshots basic (reliable network)...
  ... Passed --  time  1.8s #peers 3 #RPCs   496 #Ops    0
--- PASS: TestSnapshotBasic3D (1.81s)
=== RUN   TestSnapshotInstall3D
Test (3D): install snapshots (disconnect) (reliable network)...
  ... Passed --  time 33.8s #peers 3 #RPCs  2078 #Ops    0
--- PASS: TestSnapshotInstall3D (33.78s)
=== RUN   TestSnapshotInstallUnreliable3D
Test (3D): install snapshots (disconnect) (unreliable network)...
  ... Passed --  time 41.0s #peers 3 #RPCs  2518 #Ops    0
--- PASS: TestSnapshotInstallUnreliable3D (40.97s)
=== RUN   TestSnapshotInstallCrash3D
Test (3D): install snapshots (crash) (reliable network)...
  ... Passed --  time 23.4s #peers 3 #RPCs  1462 #Ops    0
--- PASS: TestSnapshotInstallCrash3D (23.37s)
=== RUN   TestSnapshotInstallUnCrash3D
Test (3D): install snapshots (crash) (unreliable network)...
  ... Passed --  time 30.2s #peers 3 #RPCs  1636 #Ops    0
--- PASS: TestSnapshotInstallUnCrash3D (30.21s)
=== RUN   TestSnapshotAllCrash3D
Test (3D): crash and restart all servers (unreliable network)...
  ... Passed --  time  7.7s #peers 3 #RPCs   366 #Ops    0
--- PASS: TestSnapshotAllCrash3D (7.72s)
=== RUN   TestSnapshotInit3D
Test (3D): snapshot initialization after crash (unreliable network)...
  ... Passed --  time  2.9s #peers 3 #RPCs   100 #Ops    0
--- PASS: TestSnapshotInit3D (2.92s)
PASS
ok  	6.5840/raft1	307.181s
