=== RUN   TestInitialElection3A
Test (3A): initial election (reliable network)...
  ... Passed --  time  3.0s #peers 3 #RPCs   112 #Ops    0
--- PASS: TestInitialElection3A (3.05s)
=== RUN   TestReElection3A
Test (3A): election after network failure (reliable network)...
  ... Passed --  time  4.6s #peers 3 #RPCs   220 #Ops    0
--- PASS: TestReElection3A (4.58s)
=== RUN   TestManyElections3A
Test (3A): multiple elections (reliable network)...
  ... Passed --  time  5.7s #peers 7 #RPCs  1200 #Ops    0
--- PASS: TestManyElections3A (5.66s)
=== RUN   TestBasicAgree3B
Test (3B): basic agreement (reliable network)...
  ... Passed --  time  0.5s #peers 3 #RPCs    18 #Ops    0
--- PASS: TestBasicAgree3B (0.52s)
=== RUN   TestRPCBytes3B
Test (3B): RPC byte count (reliable network)...
  ... Passed --  time  1.0s #peers 3 #RPCs    50 #Ops    0
--- PASS: TestRPCBytes3B (0.96s)
=== RUN   TestFollowerFailure3B
Test (3B): test progressive failure of followers (reliable network)...
  ... Passed --  time  4.5s #peers 3 #RPCs   202 #Ops    0
--- PASS: TestFollowerFailure3B (4.52s)
=== RUN   TestLeaderFailure3B
Test (3B): test failure of leaders (reliable network)...
  ... Passed --  time  4.7s #peers 3 #RPCs   340 #Ops    0
--- PASS: TestLeaderFailure3B (4.72s)
=== RUN   TestFailAgree3B
Test (3B): agreement after follower reconnects (reliable network)...
  ... Passed --  time  5.1s #peers 3 #RPCs   220 #Ops    0
--- PASS: TestFailAgree3B (5.10s)
=== RUN   TestFailNoAgree3B
Test (3B): no agreement if too many followers disconnect (reliable network)...
  ... Passed --  time  3.6s #peers 5 #RPCs   340 #Ops    0
--- PASS: TestFailNoAgree3B (3.55s)
=== RUN   TestConcurrentStarts3B
Test (3B): concurrent Start()s (reliable network)...
  ... Passed --  time  0.6s #peers 3 #RPCs    28 #Ops    0
--- PASS: TestConcurrentStarts3B (0.61s)
=== RUN   TestRejoin3B
Test (3B): rejoin of partitioned leader (reliable network)...
  ... Passed --  time  5.8s #peers 3 #RPCs   340 #Ops    0
--- PASS: TestRejoin3B (5.83s)
=== RUN   TestBackup3B
Test (3B): leader backs up quickly over incorrect follower logs (reliable network)...
  ... Passed --  time  9.9s #peers 5 #RPCs  2316 #Ops    0
--- PASS: TestBackup3B (9.88s)
=== RUN   TestCount3B
Test (3B): RPC counts aren't too high (reliable network)...
  ... Passed --  time  2.0s #peers 3 #RPCs    98 #Ops    0
--- PASS: TestCount3B (2.02s)
=== RUN   TestPersist13C
Test (3C): basic persistence (reliable network)...
  ... Passed --  time  3.1s #peers 3 #RPCs   100 #Ops    0
--- PASS: TestPersist13C (3.07s)
=== RUN   TestPersist23C
Test (3C): more persistence (reliable network)...
  ... Passed --  time 11.0s #peers 5 #RPCs   472 #Ops    0
--- PASS: TestPersist23C (10.99s)
=== RUN   TestPersist33C
Test (3C): partitioned leader and one follower crash, leader restarts (reliable network)...
  ... Passed --  time  1.6s #peers 3 #RPCs    50 #Ops    0
--- PASS: TestPersist33C (1.62s)
=== RUN   TestFigure83C
Test (3C): Figure 8 (reliable network)...
  ... Passed --  time 35.4s #peers 5 #RPCs  1773 #Ops    0
--- PASS: TestFigure83C (35.43s)
=== RUN   TestUnreliableAgree3C
Test (3C): unreliable agreement (unreliable network)...
  ... Passed --  time  1.5s #peers 5 #RPCs  1084 #Ops    0
--- PASS: TestUnreliableAgree3C (1.47s)
=== RUN   TestFigure8Unreliable3C
Test (3C): Figure 8 (unreliable) (unreliable network)...
  ... Passed --  time 37.0s #peers 5 #RPCs 13253 #Ops    0
--- PASS: TestFigure8Unreliable3C (37.00s)
=== RUN   TestReliableChurn3C
Test (3C): churn (reliable network)...
  ... Passed --  time 16.2s #peers 5 #RPCs  8052 #Ops    0
--- PASS: TestReliableChurn3C (16.18s)
=== RUN   TestUnreliableChurn3C
Test (3C): unreliable churn (unreliable network)...
  ... Passed --  time 16.1s #peers 5 #RPCs  6256 #Ops    0
--- PASS: TestUnreliableChurn3C (16.14s)
=== RUN   TestSnapshotBasic3D
Test (3D): snapshots basic (reliable network)...
  ... Passed --  time  1.8s #peers 3 #RPCs   476 #Ops    0
--- PASS: TestSnapshotBasic3D (1.80s)
=== RUN   TestSnapshotInstall3D
Test (3D): install snapshots (disconnect) (reliable network)...
  ... Passed --  time 33.9s #peers 3 #RPCs  2018 #Ops    0
--- PASS: TestSnapshotInstall3D (33.88s)
=== RUN   TestSnapshotInstallUnreliable3D
Test (3D): install snapshots (disconnect) (unreliable network)...
  ... Passed --  time 37.4s #peers 3 #RPCs  2310 #Ops    0
--- PASS: TestSnapshotInstallUnreliable3D (37.35s)
=== RUN   TestSnapshotInstallCrash3D
Test (3D): install snapshots (crash) (reliable network)...
  ... Passed --  time 23.4s #peers 3 #RPCs  1456 #Ops    0
--- PASS: TestSnapshotInstallCrash3D (23.35s)
=== RUN   TestSnapshotInstallUnCrash3D
Test (3D): install snapshots (crash) (unreliable network)...
  ... Passed --  time 28.4s #peers 3 #RPCs  1579 #Ops    0
--- PASS: TestSnapshotInstallUnCrash3D (28.36s)
=== RUN   TestSnapshotAllCrash3D
Test (3D): crash and restart all servers (unreliable network)...
  ... Passed --  time  6.6s #peers 3 #RPCs   330 #Ops    0
--- PASS: TestSnapshotAllCrash3D (6.57s)
=== RUN   TestSnapshotInit3D
Test (3D): snapshot initialization after crash (unreliable network)...
  ... Passed --  time  3.6s #peers 3 #RPCs   100 #Ops    0
--- PASS: TestSnapshotInit3D (3.62s)
PASS
ok  	6.5840/raft1	308.895s
