=== RUN   TestInitialElection3A
Test (3A): initial election (reliable network)...
  ... Passed --  time  3.1s #peers 3 #RPCs   112 #Ops    0
--- PASS: TestInitialElection3A (3.08s)
=== RUN   TestReElection3A
Test (3A): election after network failure (reliable network)...
  ... Passed --  time  4.6s #peers 3 #RPCs   226 #Ops    0
--- PASS: TestReElection3A (4.62s)
=== RUN   TestManyElections3A
Test (3A): multiple elections (reliable network)...
  ... Passed --  time  5.6s #peers 7 #RPCs   996 #Ops    0
--- PASS: TestManyElections3A (5.64s)
=== RUN   TestBasicAgree3B
Test (3B): basic agreement (reliable network)...
  ... Passed --  time  0.5s #peers 3 #RPCs    18 #Ops    0
--- PASS: TestBasicAgree3B (0.48s)
=== RUN   TestRPCBytes3B
Test (3B): RPC byte count (reliable network)...
  ... Passed --  time  0.9s #peers 3 #RPCs    50 #Ops    0
--- PASS: TestRPCBytes3B (0.91s)
=== RUN   TestFollowerFailure3B
Test (3B): test progressive failure of followers (reliable network)...
  ... Passed --  time  4.5s #peers 3 #RPCs   202 #Ops    0
--- PASS: TestFollowerFailure3B (4.49s)
=== RUN   TestLeaderFailure3B
Test (3B): test failure of leaders (reliable network)...
  ... Passed --  time  5.0s #peers 3 #RPCs   354 #Ops    0
--- PASS: TestLeaderFailure3B (4.97s)
=== RUN   TestFailAgree3B
Test (3B): agreement after follower reconnects (reliable network)...
  ... Passed --  time  5.2s #peers 3 #RPCs   216 #Ops    0
--- PASS: TestFailAgree3B (5.21s)
=== RUN   TestFailNoAgree3B
Test (3B): no agreement if too many followers disconnect (reliable network)...
  ... Passed --  time  3.4s #peers 5 #RPCs   332 #Ops    0
--- PASS: TestFailNoAgree3B (3.40s)
=== RUN   TestConcurrentStarts3B
Test (3B): concurrent Start()s (reliable network)...
  ... Passed --  time  0.5s #peers 3 #RPCs    26 #Ops    0
--- PASS: TestConcurrentStarts3B (0.54s)
=== RUN   TestRejoin3B
Test (3B): rejoin of partitioned leader (reliable network)...
  ... Passed --  time  3.9s #peers 3 #RPCs   258 #Ops    0
--- PASS: TestRejoin3B (3.90s)
=== RUN   TestBackup3B
Test (3B): leader backs up quickly over incorrect follower logs (reliable network)...
  ... Passed --  time  9.9s #peers 5 #RPCs  2312 #Ops    0
--- PASS: TestBackup3B (9.87s)
=== RUN   TestCount3B
Test (3B): RPC counts aren't too high (reliable network)...
  ... Passed --  time  2.0s #peers 3 #RPCs    94 #Ops    0
--- PASS: TestCount3B (2.04s)
=== RUN   TestPersist13C
Test (3C): basic persistence (reliable network)...
  ... Passed --  time  3.3s #peers 3 #RPCs   110 #Ops    0
--- PASS: TestPersist13C (3.33s)
=== RUN   TestPersist23C
Test (3C): more persistence (reliable network)...
  ... Passed --  time 10.5s #peers 5 #RPCs   444 #Ops    0
--- PASS: TestPersist23C (10.55s)
=== RUN   TestPersist33C
Test (3C): partitioned leader and one follower crash, leader restarts (reliable network)...
  ... Passed --  time  1.7s #peers 3 #RPCs    50 #Ops    0
--- PASS: TestPersist33C (1.65s)
=== RUN   TestFigure83C
Test (3C): Figure 8 (reliable network)...
  ... Passed --  time 29.3s #peers 5 #RPCs  1445 #Ops    0
--- PASS: TestFigure83C (29.29s)
=== RUN   TestUnreliableAgree3C
Test (3C): unreliable agreement (unreliable network)...
  ... Passed --  time  1.5s #peers 5 #RPCs  1084 #Ops    0
--- PASS: TestUnreliableAgree3C (1.45s)
=== RUN   TestFigure8Unreliable3C
Test (3C): Figure 8 (unreliable) (unreliable network)...
  ... Passed --  time 34.1s #peers 5 #RPCs 11870 #Ops    0
--- PASS: TestFigure8Unreliable3C (34.11s)
=== RUN   TestReliableChurn3C
Test (3C): churn (reliable network)...
  ... Passed --  time 16.2s #peers 5 #RPCs  7642 #Ops    0
--- PASS: TestReliableChurn3C (16.22s)
=== RUN   TestUnreliableChurn3C
Test (3C): unreliable churn (unreliable network)...
  ... Passed --  time 16.1s #peers 5 #RPCs  4184 #Ops    0
--- PASS: TestUnreliableChurn3C (16.07s)
=== RUN   TestSnapshotBasic3D
Test (3D): snapshots basic (reliable network)...
  ... Passed --  time  2.1s #peers 3 #RPCs   516 #Ops    0
--- PASS: TestSnapshotBasic3D (2.09s)
=== RUN   TestSnapshotInstall3D
Test (3D): install snapshots (disconnect) (reliable network)...
  ... Passed --  time 33.1s #peers 3 #RPCs  2084 #Ops    0
--- PASS: TestSnapshotInstall3D (33.05s)
=== RUN   TestSnapshotInstallUnreliable3D
Test (3D): install snapshots (disconnect) (unreliable network)...
  ... Passed --  time 41.1s #peers 3 #RPCs  2487 #Ops    0
--- PASS: TestSnapshotInstallUnreliable3D (41.12s)
=== RUN   TestSnapshotInstallCrash3D
Test (3D): install snapshots (crash) (reliable network)...
  ... Passed --  time 23.3s #peers 3 #RPCs  1510 #Ops    0
--- PASS: TestSnapshotInstallCrash3D (23.33s)
=== RUN   TestSnapshotInstallUnCrash3D
Test (3D): install snapshots (crash) (unreliable network)...
  ... Passed --  time 29.4s #peers 3 #RPCs  1609 #Ops    0
--- PASS: TestSnapshotInstallUnCrash3D (29.43s)
=== RUN   TestSnapshotAllCrash3D
Test (3D): crash and restart all servers (unreliable network)...
  ... Passed --  time  5.8s #peers 3 #RPCs   278 #Ops    0
--- PASS: TestSnapshotAllCrash3D (5.81s)
=== RUN   TestSnapshotInit3D
Test (3D): snapshot initialization after crash (unreliable network)...
  ... Passed --  time  2.2s #peers 3 #RPCs    82 #Ops    0
--- PASS: TestSnapshotInit3D (2.17s)
PASS
ok  	6.5840/raft1	299.882s
