=== RUN   TestInitialElection3A
Test (3A): initial election (reliable network)...
  ... Passed --  time  3.0s #peers 3 #RPCs   110 #Ops    0
--- PASS: TestInitialElection3A (2.99s)
=== RUN   TestReElection3A
Test (3A): election after network failure (reliable network)...
  ... Passed --  time  4.5s #peers 3 #RPCs   210 #Ops    0
--- PASS: TestReElection3A (4.52s)
=== RUN   TestManyElections3A
Test (3A): multiple elections (reliable network)...
  ... Passed --  time  5.3s #peers 7 #RPCs   954 #Ops    0
--- PASS: TestManyElections3A (5.33s)
=== RUN   TestBasicAgree3B
Test (3B): basic agreement (reliable network)...
  ... Passed --  time  0.5s #peers 3 #RPCs    18 #Ops    0
--- PASS: TestBasicAgree3B (0.48s)
=== RUN   TestRPCBytes3B
Test (3B): RPC byte count (reliable network)...
  ... Passed --  time  0.9s #peers 3 #RPCs    50 #Ops    0
--- PASS: TestRPCBytes3B (0.93s)
=== RUN   TestFollowerFailure3B
Test (3B): test progressive failure of followers (reliable network)...
  ... Passed --  time  4.5s #peers 3 #RPCs   202 #Ops    0
--- PASS: TestFollowerFailure3B (4.50s)
=== RUN   TestLeaderFailure3B
Test (3B): test failure of leaders (reliable network)...
  ... Passed --  time  4.9s #peers 3 #RPCs   352 #Ops    0
--- PASS: TestLeaderFailure3B (4.95s)
=== RUN   TestFailAgree3B
Test (3B): agreement after follower reconnects (reliable network)...
  ... Passed --  time  5.1s #peers 3 #RPCs   216 #Ops    0
--- PASS: TestFailAgree3B (5.12s)
=== RUN   TestFailNoAgree3B
Test (3B): no agreement if too many followers disconnect (reliable network)...
  ... Passed --  time  3.5s #peers 5 #RPCs   336 #Ops    0
--- PASS: TestFailNoAgree3B (3.49s)
=== RUN   TestConcurrentStarts3B
Test (3B): concurrent Start()s (reliable network)...
  ... Passed --  time  0.5s #peers 3 #RPCs    24 #Ops    0
--- PASS: TestConcurrentStarts3B (0.49s)
=== RUN   TestRejoin3B
Test (3B): rejoin of partitioned leader (reliable network)...
  ... Passed --  time  4.0s #peers 3 #RPCs   264 #Ops    0
--- PASS: TestRejoin3B (4.02s)
=== RUN   TestBackup3B
Test (3B): leader backs up quickly over incorrect follower logs (reliable network)...
  ... Passed --  time 11.8s #peers 5 #RPCs  2459 #Ops    0
--- PASS: TestBackup3B (11.85s)
=== RUN   TestCount3B
Test (3B): RPC counts aren't too high (reliable network)...
  ... Passed --  time  2.0s #peers 3 #RPCs    94 #Ops    0
--- PASS: TestCount3B (2.01s)
=== RUN   TestPersist13C
Test (3C): basic persistence (reliable network)...
  ... Passed --  time  3.3s #peers 3 #RPCs   108 #Ops    0
--- PASS: TestPersist13C (3.26s)
=== RUN   TestPersist23C
Test (3C): more persistence (reliable network)...
  ... Passed --  time 10.6s #peers 5 #RPCs   464 #Ops    0
--- PASS: TestPersist23C (10.64s)
=== RUN   TestPersist33C
Test (3C): partitioned leader and one follower crash, leader restarts (reliable network)...
  ... Passed --  time  1.4s #peers 3 #RPCs    50 #Ops    0
--- PASS: TestPersist33C (1.38s)
=== RUN   TestFigure83C
Test (3C): Figure 8 (reliable network)...
  ... Passed --  time 36.4s #peers 5 #RPCs  1709 #Ops    0
--- PASS: TestFigure83C (36.41s)
=== RUN   TestUnreliableAgree3C
Test (3C): unreliable agreement (unreliable network)...
  ... Passed --  time  1.5s #peers 5 #RPCs  1084 #Ops    0
--- PASS: TestUnreliableAgree3C (1.54s)
=== RUN   TestFigure8Unreliable3C
Test (3C): Figure 8 (unreliable) (unreliable network)...
  ... Passed --  time 33.9s #peers 5 #RPCs 10401 #Ops    0
--- PASS: TestFigure8Unreliable3C (33.95s)
=== RUN   TestReliableChurn3C
Test (3C): churn (reliable network)...
  ... Passed --  time 16.2s #peers 5 #RPCs  7787 #Ops    0
--- PASS: TestReliableChurn3C (16.18s)
=== RUN   TestUnreliableChurn3C
Test (3C): unreliable churn (unreliable network)...
  ... Passed --  time 16.2s #peers 5 #RPCs  5142 #Ops    0
--- PASS: TestUnreliableChurn3C (16.16s)
=== RUN   TestSnapshotBasic3D
Test (3D): snapshots basic (reliable network)...
  ... Passed --  time  1.9s #peers 3 #RPCs   574 #Ops    0
--- PASS: TestSnapshotBasic3D (1.94s)
=== RUN   TestSnapshotInstall3D
Test (3D): install snapshots (disconnect) (reliable network)...
  ... Passed --  time 33.1s #peers 3 #RPCs  2082 #Ops    0
--- PASS: TestSnapshotInstall3D (33.08s)
=== RUN   TestSnapshotInstallUnreliable3D
Test (3D): install snapshots (disconnect) (unreliable network)...
  ... Passed --  time 39.5s #peers 3 #RPCs  2308 #Ops    0
--- PASS: TestSnapshotInstallUnreliable3D (39.54s)
=== RUN   TestSnapshotInstallCrash3D
Test (3D): install snapshots (crash) (reliable network)...
  ... Passed --  time 22.9s #peers 3 #RPCs  1456 #Ops    0
--- PASS: TestSnapshotInstallCrash3D (22.94s)
=== RUN   TestSnapshotInstallUnCrash3D
Test (3D): install snapshots (crash) (unreliable network)...
  ... Passed --  time 27.7s #peers 3 #RPCs  1625 #Ops    0
--- PASS: TestSnapshotInstallUnCrash3D (27.66s)
=== RUN   TestSnapshotAllCrash3D
Test (3D): crash and restart all servers (unreliable network)...
  ... Passed --  time  6.8s #peers 3 #RPCs   310 #Ops    0
--- PASS: TestSnapshotAllCrash3D (6.79s)
=== RUN   TestSnapshotInit3D
Test (3D): snapshot initialization after crash (unreliable network)...
  ... Passed --  time  2.1s #peers 3 #RPCs    84 #Ops    0
--- PASS: TestSnapshotInit3D (2.11s)
PASS
ok  	6.5840/raft1	305.314s
