=== RUN   TestInitialElection3A
Test (3A): initial election (reliable network)...
  ... Passed --  time  3.1s #peers 3 #RPCs   114 #Ops    0
--- PASS: TestInitialElection3A (3.10s)
=== RUN   TestReElection3A
Test (3A): election after network failure (reliable network)...
  ... Passed --  time  4.5s #peers 3 #RPCs   222 #Ops    0
--- PASS: TestReElection3A (4.51s)
=== RUN   TestManyElections3A
Test (3A): multiple elections (reliable network)...
  ... Passed --  time  5.6s #peers 7 #RPCs   984 #Ops    0
--- PASS: TestManyElections3A (5.62s)
=== RUN   TestBasicAgree3B
Test (3B): basic agreement (reliable network)...
  ... Passed --  time  0.5s #peers 3 #RPCs    18 #Ops    0
--- PASS: TestBasicAgree3B (0.49s)
=== RUN   TestRPCBytes3B
Test (3B): RPC byte count (reliable network)...
  ... Passed --  time  1.0s #peers 3 #RPCs    50 #Ops    0
--- PASS: TestRPCBytes3B (1.01s)
=== RUN   TestFollowerFailure3B
Test (3B): test progressive failure of followers (reliable network)...
  ... Passed --  time  4.6s #peers 3 #RPCs   206 #Ops    0
--- PASS: TestFollowerFailure3B (4.63s)
=== RUN   TestLeaderFailure3B
Test (3B): test failure of leaders (reliable network)...
  ... Passed --  time  5.0s #peers 3 #RPCs   350 #Ops    0
--- PASS: TestLeaderFailure3B (4.97s)
=== RUN   TestFailAgree3B
Test (3B): agreement after follower reconnects (reliable network)...
  ... Passed --  time  3.2s #peers 3 #RPCs   142 #Ops    0
--- PASS: TestFailAgree3B (3.24s)
=== RUN   TestFailNoAgree3B
Test (3B): no agreement if too many followers disconnect (reliable network)...
  ... Passed --  time  3.4s #peers 5 #RPCs   336 #Ops    0
--- PASS: TestFailNoAgree3B (3.42s)
=== RUN   TestConcurrentStarts3B
Test (3B): concurrent Start()s (reliable network)...
  ... Passed --  time  0.6s #peers 3 #RPCs    24 #Ops    0
--- PASS: TestConcurrentStarts3B (0.55s)
=== RUN   TestRejoin3B
Test (3B): rejoin of partitioned leader (reliable network)...
  ... Passed --  time  4.0s #peers 3 #RPCs   270 #Ops    0
--- PASS: TestRejoin3B (3.99s)
=== RUN   TestBackup3B
Test (3B): leader backs up quickly over incorrect follower logs (reliable network)...
  ... Passed --  time 11.8s #peers 5 #RPCs  2466 #Ops    0
--- PASS: TestBackup3B (11.82s)
=== RUN   TestCount3B
Test (3B): RPC counts aren't too high (reliable network)...
  ... Passed --  time  2.1s #peers 3 #RPCs    92 #Ops    0
--- PASS: TestCount3B (2.05s)
=== RUN   TestPersist13C
Test (3C): basic persistence (reliable network)...
  ... Passed --  time  3.2s #peers 3 #RPCs   104 #Ops    0
--- PASS: TestPersist13C (3.17s)
=== RUN   TestPersist23C
Test (3C): more persistence (reliable network)...
  ... Passed --  time 10.9s #peers 5 #RPCs   464 #Ops    0
--- PASS: TestPersist23C (10.88s)
=== RUN   TestPersist33C
Test (3C): partitioned leader and one follower crash, leader restarts (reliable network)...
  ... Passed --  time  1.5s #peers 3 #RPCs    48 #Ops    0
--- PASS: TestPersist33C (1.50s)
=== RUN   TestFigure83C
Test (3C): Figure 8 (reliable network)...
  ... Passed --  time 33.2s #peers 5 #RPCs  1662 #Ops    0
--- PASS: TestFigure83C (33.18s)
=== RUN   TestUnreliableAgree3C
Test (3C): unreliable agreement (unreliable network)...
  ... Passed --  time  1.4s #peers 5 #RPCs  1080 #Ops    0
--- PASS: TestUnreliableAgree3C (1.44s)
=== RUN   TestFigure8Unreliable3C
Test (3C): Figure 8 (unreliable) (unreliable network)...
  ... Passed --  time 34.4s #peers 5 #RPCs 11684 #Ops    0
--- PASS: TestFigure8Unreliable3C (34.37s)
=== RUN   TestReliableChurn3C
Test (3C): churn (reliable network)...
  ... Passed --  time 16.4s #peers 5 #RPCs  6963 #Ops    0
--- PASS: TestReliableChurn3C (16.37s)
=== RUN   TestUnreliableChurn3C
Test (3C): unreliable churn (unreliable network)...
  ... Passed --  time 16.1s #peers 5 #RPCs  6580 #Ops    0
--- PASS: TestUnreliableChurn3C (16.15s)
=== RUN   TestSnapshotBasic3D
Test (3D): snapshots basic (reliable network)...
  ... Passed --  time  2.0s #peers 3 #RPCs   518 #Ops    0
--- PASS: TestSnapshotBasic3D (1.99s)
=== RUN   TestSnapshotInstall3D
Test (3D): install snapshots (disconnect) (reliable network)...
  ... Passed --  time 34.8s #peers 3 #RPCs  2076 #Ops    0
--- PASS: TestSnapshotInstall3D (34.81s)
=== RUN   TestSnapshotInstallUnreliable3D
Test (3D): install snapshots (disconnect) (unreliable network)...
  ... Passed --  time 39.0s #peers 3 #RPCs  2340 #Ops    0
--- PASS: TestSnapshotInstallUnreliable3D (39.03s)
=== RUN   TestSnapshotInstallCrash3D
Test (3D): install snapshots (crash) (reliable network)...
  ... Passed --  time 22.9s #peers 3 #RPCs  1480 #Ops    0
--- PASS: TestSnapshotInstallCrash3D (22.88s)
=== RUN   TestSnapshotInstallUnCrash3D
Test (3D): install snapshots (crash) (unreliable network)...
  ... Passed --  time 27.0s #peers 3 #RPCs  1590 #Ops    0
--- PASS: TestSnapshotInstallUnCrash3D (27.04s)
=== RUN   TestSnapshotAllCrash3D
Test (3D): crash and restart all servers (unreliable network)...
  ... Passed --  time  7.0s #peers 3 #RPCs   338 #Ops    0
--- PASS: TestSnapshotAllCrash3D (7.03s)
=== RUN   TestSnapshotInit3D
Test (3D): snapshot initialization after crash (unreliable network)...
  ... Passed --  time  2.1s #peers 3 #RPCs    80 #Ops    0
--- PASS: TestSnapshotInit3D (2.05s)
PASS
ok  	6.5840/raft1	302.353s
