=== RUN   TestInitialElection3A
Test (3A): initial election (reliable network)...
  ... Passed --  time  3.0s #peers 3 #RPCs   110 #Ops    0
--- PASS: TestInitialElection3A (3.01s)
=== RUN   TestReElection3A
Test (3A): election after network failure (reliable network)...
  ... Passed --  time  4.5s #peers 3 #RPCs   220 #Ops    0
--- PASS: TestReElection3A (4.49s)
=== RUN   TestManyElections3A
Test (3A): multiple elections (reliable network)...
  ... Passed --  time  5.5s #peers 7 #RPCs   942 #Ops    0
--- PASS: TestManyElections3A (5.45s)
=== RUN   TestBasicAgree3B
Test (3B): basic agreement (reliable network)...
  ... Passed --  time  0.5s #peers 3 #RPCs    18 #Ops    0
--- PASS: TestBasicAgree3B (0.52s)
=== RUN   TestRPCBytes3B
Test (3B): RPC byte count (reliable network)...
  ... Passed --  time  0.9s #peers 3 #RPCs    50 #Ops    0
--- PASS: TestRPCBytes3B (0.91s)
=== RUN   TestFollowerFailure3B
Test (3B): test progressive failure of followers (reliable network)...
  ... Passed --  time  4.5s #peers 3 #RPCs   200 #Ops    0
--- PASS: TestFollowerFailure3B (4.52s)
=== RUN   TestLeaderFailure3B
Test (3B): test failure of leaders (reliable network)...
  ... Passed --  time  4.8s #peers 3 #RPCs   342 #Ops    0
--- PASS: TestLeaderFailure3B (4.80s)
=== RUN   TestFailAgree3B
Test (3B): agreement after follower reconnects (reliable network)...
  ... Passed --  time  3.3s #peers 3 #RPCs   140 #Ops    0
--- PASS: TestFailAgree3B (3.30s)
=== RUN   TestFailNoAgree3B
Test (3B): no agreement if too many followers disconnect (reliable network)...
  ... Passed --  time  3.6s #peers 5 #RPCs   336 #Ops    0
--- PASS: TestFailNoAgree3B (3.61s)
=== RUN   TestConcurrentStarts3B
Test (3B): concurrent Start()s (reliable network)...
  ... Passed --  time  0.5s #peers 3 #RPCs    24 #Ops    0
--- PASS: TestConcurrentStarts3B (0.51s)
=== RUN   TestRejoin3B
Test (3B): rejoin of partitioned leader (reliable network)...
  ... Passed --  time  6.0s #peers 3 #RPCs   354 #Ops    0
--- PASS: TestRejoin3B (6.03s)
=== RUN   TestBackup3B
Test (3B): leader backs up quickly over incorrect follower logs (reliable network)...
  ... Passed --  time 12.0s #peers 5 #RPCs  2496 #Ops    0
--- PASS: TestBackup3B (11.96s)
=== RUN   TestCount3B
Test (3B): RPC counts aren't too high (reliable network)...
  ... Passed --  time  2.0s #peers 3 #RPCs    92 #Ops    0
--- PASS: TestCount3B (1.95s)
=== RUN   TestPersist13C
Test (3C): basic persistence (reliable network)...
  ... Passed --  time  3.4s #peers 3 #RPCs   110 #Ops    0
--- PASS: TestPersist13C (3.40s)
=== RUN   TestPersist23C
Test (3C): more persistence (reliable network)...
  ... Passed --  time 10.6s #peers 5 #RPCs   456 #Ops    0
--- PASS: TestPersist23C (10.61s)
=== RUN   TestPersist33C
Test (3C): partitioned leader and one follower crash, leader restarts (reliable network)...
  ... Passed --  time  1.4s #peers 3 #RPCs    48 #Ops    0
--- PASS: TestPersist33C (1.43s)
=== RUN   TestFigure83C
Test (3C): Figure 8 (reliable network)...
  ... Passed --  time 32.0s #peers 5 #RPCs  1602 #Ops    0
--- PASS: TestFigure83C (31.98s)
=== RUN   TestUnreliableAgree3C
Test (3C): unreliable agreement (unreliable network)...
  ... Passed --  time  1.5s #peers 5 #RPCs  1084 #Ops    0
--- PASS: TestUnreliableAgree3C (1.47s)
=== RUN   TestFigure8Unreliable3C
Test (3C): Figure 8 (unreliable) (unreliable network)...
  ... Passed --  time 34.0s #peers 5 #RPCs 12117 #Ops    0
--- PASS: TestFigure8Unreliable3C (34.01s)
=== RUN   TestReliableChurn3C
Test (3C): churn (reliable network)...
  ... Passed --  time 16.2s #peers 5 #RPCs  7469 #Ops    0
--- PASS: TestReliableChurn3C (16.16s)
=== RUN   TestUnreliableChurn3C
Test (3C): unreliable churn (unreliable network)...
  ... Passed --  time 16.5s #peers 5 #RPCs  4964 #Ops    0
--- PASS: TestUnreliableChurn3C (16.48s)
=== RUN   TestSnapshotBasic3D
Test (3D): snapshots basic (reliable network)...
  ... Passed --  time  2.0s #peers 3 #RPCs   554 #Ops    0
--- PASS: TestSnapshotBasic3D (2.03s)
=== RUN   TestSnapshotInstall3D
Test (3D): install snapshots (disconnect) (reliable network)...
  ... Passed --  time 33.1s #peers 3 #RPCs  2042 #Ops    0
--- PASS: TestSnapshotInstall3D (33.14s)
=== RUN   TestSnapshotInstallUnreliable3D
Test (3D): install snapshots (disconnect) (unreliable network)...
  ... Passed --  time 38.5s #peers 3 #RPCs  2330 #Ops    0
--- PASS: TestSnapshotInstallUnreliable3D (38.52s)
=== RUN   TestSnapshotInstallCrash3D
Test (3D): install snapshots (crash) (reliable network)...
  ... Passed --  time 23.1s #peers 3 #RPCs  1462 #Ops    0
--- PASS: TestSnapshotInstallCrash3D (23.08s)
=== RUN   TestSnapshotInstallUnCrash3D
Test (3D): install snapshots (crash) (unreliable network)...
  ... Passed --  time 28.1s #peers 3 #RPCs  1608 #Ops    0
--- PASS: TestSnapshotInstallUnCrash3D (28.08s)
=== RUN   TestSnapshotAllCrash3D
Test (3D): crash and restart all servers (unreliable network)...
  ... Passed --  time  7.4s #peers 3 #RPCs   364 #Ops    0
--- PASS: TestSnapshotAllCrash3D (7.43s)
=== RUN   TestSnapshotInit3D
Test (3D): snapshot initialization after crash (unreliable network)...
  ... Passed --  time  2.6s #peers 3 #RPCs    92 #Ops    0
--- PASS: TestSnapshotInit3D (2.65s)
PASS
ok  	6.5840/raft1	302.607s
