=== RUN   TestInitialElection3A
Test (3A): initial election (reliable network)...
  ... Passed --  time  3.0s #peers 3 #RPCs   108 #Ops    0
--- PASS: TestInitialElection3A (2.98s)
=== RUN   TestReElection3A
Test (3A): election after network failure (reliable network)...
  ... Passed --  time  4.5s #peers 3 #RPCs   216 #Ops    0
--- PASS: TestReElection3A (4.51s)
=== RUN   TestManyElections3A
Test (3A): multiple elections (reliable network)...
  ... Passed --  time  5.5s #peers 7 #RPCs   990 #Ops    0
--- PASS: TestManyElections3A (5.53s)
=== RUN   TestBasicAgree3B
Test (3B): basic agreement (reliable network)...
  ... Passed --  time  0.5s #peers 3 #RPCs    18 #Ops    0
--- PASS: TestBasicAgree3B (0.53s)
=== RUN   TestRPCBytes3B
Test (3B): RPC byte count (reliable network)...
  ... Passed --  time  1.0s #peers 3 #RPCs    52 #Ops    0
--- PASS: TestRPCBytes3B (1.02s)
=== RUN   TestFollowerFailure3B
Test (3B): test progressive failure of followers (reliable network)...
  ... Passed --  time  4.5s #peers 3 #RPCs   202 #Ops    0
--- PASS: TestFollowerFailure3B (4.51s)
=== RUN   TestLeaderFailure3B
Test (3B): test failure of leaders (reliable network)...
  ... Passed --  time  4.8s #peers 3 #RPCs   346 #Ops    0
--- PASS: TestLeaderFailure3B (4.85s)
=== RUN   TestFailAgree3B
Test (3B): agreement after follower reconnects (reliable network)...
  ... Passed --  time  5.1s #peers 3 #RPCs   216 #Ops    0
--- PASS: TestFailAgree3B (5.12s)
=== RUN   TestFailNoAgree3B
Test (3B): no agreement if too many followers disconnect (reliable network)...
  ... Passed --  time  3.4s #peers 5 #RPCs   332 #Ops    0
--- PASS: TestFailNoAgree3B (3.39s)
=== RUN   TestConcurrentStarts3B
Test (3B): concurrent Start()s (reliable network)...
  ... Passed --  time  0.6s #peers 3 #RPCs    22 #Ops    0
--- PASS: TestConcurrentStarts3B (0.58s)
=== RUN   TestRejoin3B
Test (3B): rejoin of partitioned leader (reliable network)...
  ... Passed --  time  4.0s #peers 3 #RPCs   252 #Ops    0
--- PASS: TestRejoin3B (3.97s)
=== RUN   TestBackup3B
Test (3B): leader backs up quickly over incorrect follower logs (reliable network)...
  ... Passed --  time 11.7s #peers 5 #RPCs  2472 #Ops    0
--- PASS: TestBackup3B (11.73s)
=== RUN   TestCount3B
Test (3B): RPC counts aren't too high (reliable network)...
  ... Passed --  time  2.0s #peers 3 #RPCs    92 #Ops    0
--- PASS: TestCount3B (1.97s)
=== RUN   TestPersist13C
Test (3C): basic persistence (reliable network)...
  ... Passed --  time  3.5s #peers 3 #RPCs   110 #Ops    0
--- PASS: TestPersist13C (3.46s)
=== RUN   TestPersist23C
Test (3C): more persistence (reliable network)...
  ... Passed --  time 10.9s #peers 5 #RPCs   464 #Ops    0
--- PASS: TestPersist23C (10.95s)
=== RUN   TestPersist33C
Test (3C): partitioned leader and one follower crash, leader restarts (reliable network)...
  ... Passed --  time  1.4s #peers 3 #RPCs    48 #Ops    0
--- PASS: TestPersist33C (1.40s)
=== RUN   TestFigure83C
Test (3C): Figure 8 (reliable network)...
  ... Passed --  time 27.6s #peers 5 #RPCs  1366 #Ops    0
--- PASS: TestFigure83C (27.60s)
=== RUN   TestUnreliableAgree3C
Test (3C): unreliable agreement (unreliable network)...
  ... Passed --  time  1.9s #peers 5 #RPCs  1100 #Ops    0
--- PASS: TestUnreliableAgree3C (1.89s)
=== RUN   TestFigure8Unreliable3C
Test (3C): Figure 8 (unreliable) (unreliable network)...
  ... Passed --  time 41.3s #peers 5 #RPCs 12936 #Ops    0
--- PASS: TestFigure8Unreliable3C (41.27s)
=== RUN   TestReliableChurn3C
Test (3C): churn (reliable network)...
  ... Passed --  time 16.2s #peers 5 #RPCs  7763 #Ops    0
--- PASS: TestReliableChurn3C (16.18s)
=== RUN   TestUnreliableChurn3C
Test (3C): unreliable churn (unreliable network)...
  ... Passed --  time 16.1s #peers 5 #RPCs  4244 #Ops    0
--- PASS: TestUnreliableChurn3C (16.12s)
=== RUN   TestSnapshotBasic3D
Test (3D): snapshots basic (reliable network)...
  ... Passed --  time  2.0s #peers 3 #RPCs   538 #Ops    0
--- PASS: TestSnapshotBasic3D (1.99s)
=== RUN   TestSnapshotInstall3D
Test (3D): install snapshots (disconnect) (reliable network)...
  ... Passed --  time 35.3s #peers 3 #RPCs  2166 #Ops    0
--- PASS: TestSnapshotInstall3D (35.28s)
=== RUN   TestSnapshotInstallUnreliable3D
Test (3D): install snapshots (disconnect) (unreliable network)...
  ... Passed --  time 38.9s #peers 3 #RPCs  2334 #Ops    0
--- PASS: TestSnapshotInstallUnreliable3D (38.85s)
=== RUN   TestSnapshotInstallCrash3D
Test (3D): install snapshots (crash) (reliable network)...
  ... Passed --  time 22.7s #peers 3 #RPCs  1452 #Ops    0
--- PASS: TestSnapshotInstallCrash3D (22.71s)
=== RUN   TestSnapshotInstallUnCrash3D
Test (3D): install snapshots (crash) (unreliable network)...
  ... Passed --  time 28.0s #peers 3 #RPCs  1628 #Ops    0
--- PASS: TestSnapshotInstallUnCrash3D (27.97s)
=== RUN   TestSnapshotAllCrash3D
Test (3D): crash and restart all servers (unreliable network)...
  ... Passed --  time  6.7s #peers 3 #RPCs   328 #Ops    0
--- PASS: TestSnapshotAllCrash3D (6.67s)
=== RUN   TestSnapshotInit3D
Test (3D): snapshot initialization after crash (unreliable network)...
  ... Passed --  time  2.2s #peers 3 #RPCs    88 #Ops    0
--- PASS: TestSnapshotInit3D (2.18s)
PASS
ok  	6.5840/raft1	306.262s
