=== RUN   TestInitialElection3A
Test (3A): initial election (reliable network)...
  ... Passed --  time  3.1s #peers 3 #RPCs   114 #Ops    0
--- PASS: TestInitialElection3A (3.08s)
=== RUN   TestReElection3A
Test (3A): election after network failure (reliable network)...
  ... Passed --  time  4.6s #peers 3 #RPCs   230 #Ops    0
--- PASS: TestReElection3A (4.64s)
=== RUN   TestManyElections3A
Test (3A): multiple elections (reliable network)...
  ... Passed --  time  5.6s #peers 7 #RPCs   924 #Ops    0
--- PASS: TestManyElections3A (5.60s)
=== RUN   TestBasicAgree3B
Test (3B): basic agreement (reliable network)...
  ... Passed --  time  0.5s #peers 3 #RPCs    16 #Ops    0
--- PASS: TestBasicAgree3B (0.53s)
=== RUN   TestRPCBytes3B
Test (3B): RPC byte count (reliable network)...
  ... Passed --  time  0.9s #peers 3 #RPCs    50 #Ops    0
--- PASS: TestRPCBytes3B (0.93s)
=== RUN   TestFollowerFailure3B
Test (3B): test progressive failure of followers (reliable network)...
  ... Passed --  time  4.5s #peers 3 #RPCs   200 #Ops    0
--- PASS: TestFollowerFailure3B (4.46s)
=== RUN   TestLeaderFailure3B
Test (3B): test failure of leaders (reliable network)...
  ... Passed --  time  5.0s #peers 3 #RPCs   352 #Ops    0
--- PASS: TestLeaderFailure3B (4.97s)
=== RUN   TestFailAgree3B
Test (3B): agreement after follower reconnects (reliable network)...
  ... Passed --  time  5.3s #peers 3 #RPCs   222 #Ops    0
--- PASS: TestFailAgree3B (5.27s)
=== RUN   TestFailNoAgree3B
Test (3B): no agreement if too many followers disconnect (reliable network)...
  ... Passed --  time  3.4s #peers 5 #RPCs   336 #Ops    0
--- PASS: TestFailNoAgree3B (3.45s)
=== RUN   TestConcurrentStarts3B
Test (3B): concurrent Start()s (reliable network)...
  ... Passed --  time  0.6s #peers 3 #RPCs    26 #Ops    0
--- PASS: TestConcurrentStarts3B (0.59s)
=== RUN   TestRejoin3B
Test (3B): rejoin of partitioned leader (reliable network)...
  ... Passed --  time  4.0s #peers 3 #RPCs   266 #Ops    0
--- PASS: TestRejoin3B (4.02s)
=== RUN   TestBackup3B
Test (3B): leader backs up quickly over incorrect follower logs (reliable network)...
  ... Passed --  time  9.9s #peers 5 #RPCs  2332 #Ops    0
--- PASS: TestBackup3B (9.89s)
=== RUN   TestCount3B
Test (3B): RPC counts aren't too high (reliable network)...
  ... Passed --  time  2.0s #peers 3 #RPCs    96 #Ops    0
--- PASS: TestCount3B (2.04s)
=== RUN   TestPersist13C
Test (3C): basic persistence (reliable network)...
  ... Passed --  time  3.4s #peers 3 #RPCs   108 #Ops    0
--- PASS: TestPersist13C (3.36s)
=== RUN   TestPersist23C
Test (3C): more persistence (reliable network)...
  ... Passed --  time 10.9s #peers 5 #RPCs   460 #Ops    0
--- PASS: TestPersist23C (10.85s)
=== RUN   TestPersist33C
Test (3C): partitioned leader and one follower crash, leader restarts (reliable network)...
  ... Passed --  time  1.5s #peers 3 #RPCs    48 #Ops    0
--- PASS: TestPersist33C (1.48s)
=== RUN   TestFigure83C
Test (3C): Figure 8 (reliable network)...
==================
WARNING: DATA RACE
Write at 0x00c0003062f8 by goroutine 17624:
  6.5840/tester1.(*Annotation).annotateContinuousColor()
      /home/vector/MIT6_824/6.5840/src/tester1/annotation.go:468 +0x384
  6.5840/tester1.AnnotateContinuousColor()
      /home/vector/MIT6_824/6.5840/src/tester1/annotation.go:107 +0x10fd
  6.5840/tester1.annotateFault()
      /home/vector/MIT6_824/6.5840/src/tester1/annotation.go:275 +0x10b9
  6.5840/tester1.AnnotateRestart()
      /home/vector/MIT6_824/6.5840/src/tester1/annotation.go:352 +0x213
  6.5840/raft1.TestFigure83C()
      /home/vector/MIT6_824/6.5840/src/raft1/raft_test.go:946 +0x3a4
  testing.tRunner()
      /usr/local/go/src/testing/testing.go:1934 +0x21c
  testing.(*T).Run.gowrap1()
      /usr/local/go/src/testing/testing.go:1997 +0x44

Previous read at 0x00c0003062f8 by goroutine 19963:
  github.com/anishathalye/porcupine.(*LinearizationInfo).AddAnnotations()
      /home/vector/go/pkg/mod/github.com/anishathalye/porcupine@v1.0.3/visualization.go:81 +0x4f6
  6.5840/tester1.(*Annotation).cleanup()
      /home/vector/MIT6_824/6.5840/src/tester1/annotation.go:545 +0x2df
  6.5840/tester1.AnnotateCheckerFailureBeforeExit()
      /home/vector/MIT6_824/6.5840/src/tester1/annotation.go:209 +0x84
  6.5840/raft1.(*rfsrv).applier()
      /home/vector/MIT6_824/6.5840/src/raft1/server.go:110 +0x29b
  6.5840/raft1.newRfsrv.gowrap2()
      /home/vector/MIT6_824/6.5840/src/raft1/server.go:60 +0x44

Goroutine 17624 (running) created at:
  testing.(*T).Run()
      /usr/local/go/src/testing/testing.go:1997 +0x9d2
  testing.runTests.func1()
      /usr/local/go/src/testing/testing.go:2477 +0x85
  testing.tRunner()
      /usr/local/go/src/testing/testing.go:1934 +0x21c
  testing.runTests()
      /usr/local/go/src/testing/testing.go:2475 +0x96c
  testing.(*M).Run()
      /usr/local/go/src/testing/testing.go:2337 +0xed4
  main.main()
      _testmain.go:99 +0x164

Goroutine 19963 (running) created at:
  6.5840/raft1.newRfsrv()
      /home/vector/MIT6_824/6.5840/src/raft1/server.go:60 +0x499
  6.5840/raft1.(*Test).mksrv()
      /home/vector/MIT6_824/6.5840/src/raft1/test.go:52 +0x8f
  6.5840/raft1.(*Test).mksrv-fm()
      <autogenerated>:1 +0x89
  6.5840/tester1.(*ServerGrp).StartServer()
      /home/vector/MIT6_824/6.5840/src/tester1/group.go:239 +0x242
  6.5840/raft1.(*Test).restart()
      /home/vector/MIT6_824/6.5840/src/raft1/test.go:60 +0x48
  6.5840/raft1.TestFigure83C()
      /home/vector/MIT6_824/6.5840/src/raft1/raft_test.go:945 +0x364
  testing.tRunner()
      /usr/local/go/src/testing/testing.go:1934 +0x21c
  testing.(*T).Run.gowrap1()
      /usr/local/go/src/testing/testing.go:1997 +0x44
==================
info: wrote visualization to /tmp/porcupine-2268587136.html
2025/12/01 10:19:57 apply error: server 0 apply out of order 11
exit status 1
FAIL	6.5840/raft1	80.885s
