=== RUN   TestInitialElection3A
Test (3A): initial election (reliable network)...
  ... Passed --  time  3.0s #peers 3 #RPCs   110 #Ops    0
--- PASS: TestInitialElection3A (3.02s)
=== RUN   TestReElection3A
Test (3A): election after network failure (reliable network)...
  ... Passed --  time  4.5s #peers 3 #RPCs   220 #Ops    0
--- PASS: TestReElection3A (4.50s)
=== RUN   TestManyElections3A
Test (3A): multiple elections (reliable network)...
  ... Passed --  time  6.1s #peers 7 #RPCs  1158 #Ops    0
--- PASS: TestManyElections3A (6.08s)
=== RUN   TestBasicAgree3B
Test (3B): basic agreement (reliable network)...
  ... Passed --  time  0.5s #peers 3 #RPCs    18 #Ops    0
--- PASS: TestBasicAgree3B (0.48s)
=== RUN   TestRPCBytes3B
Test (3B): RPC byte count (reliable network)...
  ... Passed --  time  1.0s #peers 3 #RPCs    50 #Ops    0
--- PASS: TestRPCBytes3B (1.01s)
=== RUN   TestFollowerFailure3B
Test (3B): test progressive failure of followers (reliable network)...
  ... Passed --  time  4.5s #peers 3 #RPCs   200 #Ops    0
--- PASS: TestFollowerFailure3B (4.47s)
=== RUN   TestLeaderFailure3B
Test (3B): test failure of leaders (reliable network)...
  ... Passed --  time  4.9s #peers 3 #RPCs   350 #Ops    0
--- PASS: TestLeaderFailure3B (4.91s)
=== RUN   TestFailAgree3B
Test (3B): agreement after follower reconnects (reliable network)...
  ... Passed --  time  5.2s #peers 3 #RPCs   218 #Ops    0
--- PASS: TestFailAgree3B (5.22s)
=== RUN   TestFailNoAgree3B
Test (3B): no agreement if too many followers disconnect (reliable network)...
  ... Passed --  time  3.5s #peers 5 #RPCs   344 #Ops    0
--- PASS: TestFailNoAgree3B (3.48s)
=== RUN   TestConcurrentStarts3B
Test (3B): concurrent Start()s (reliable network)...
  ... Passed --  time  0.6s #peers 3 #RPCs    26 #Ops    0
--- PASS: TestConcurrentStarts3B (0.56s)
=== RUN   TestRejoin3B
Test (3B): rejoin of partitioned leader (reliable network)...
  ... Passed --  time  4.0s #peers 3 #RPCs   264 #Ops    0
--- PASS: TestRejoin3B (4.02s)
=== RUN   TestBackup3B
Test (3B): leader backs up quickly over incorrect follower logs (reliable network)...
  ... Passed --  time 11.9s #peers 5 #RPCs  2484 #Ops    0
--- PASS: TestBackup3B (11.90s)
=== RUN   TestCount3B
Test (3B): RPC counts aren't too high (reliable network)...
  ... Passed --  time  1.9s #peers 3 #RPCs    90 #Ops    0
--- PASS: TestCount3B (1.94s)
=== RUN   TestPersist13C
Test (3C): basic persistence (reliable network)...
  ... Passed --  time  3.4s #peers 3 #RPCs   106 #Ops    0
--- PASS: TestPersist13C (3.36s)
=== RUN   TestPersist23C
Test (3C): more persistence (reliable network)...
  ... Passed --  time 11.8s #peers 5 #RPCs   492 #Ops    0
--- PASS: TestPersist23C (11.78s)
=== RUN   TestPersist33C
Test (3C): partitioned leader and one follower crash, leader restarts (reliable network)...
  ... Passed --  time  1.4s #peers 3 #RPCs    48 #Ops    0
--- PASS: TestPersist33C (1.40s)
=== RUN   TestFigure83C
Test (3C): Figure 8 (reliable network)...
  ... Passed --  time 29.0s #peers 5 #RPCs  1397 #Ops    0
--- PASS: TestFigure83C (28.95s)
=== RUN   TestUnreliableAgree3C
Test (3C): unreliable agreement (unreliable network)...
  ... Passed --  time  1.5s #peers 5 #RPCs  1084 #Ops    0
--- PASS: TestUnreliableAgree3C (1.47s)
=== RUN   TestFigure8Unreliable3C
Test (3C): Figure 8 (unreliable) (unreliable network)...
  ... Passed --  time 36.6s #peers 5 #RPCs 13173 #Ops    0
--- PASS: TestFigure8Unreliable3C (36.64s)
=== RUN   TestReliableChurn3C
Test (3C): churn (reliable network)...
  ... Passed --  time 16.2s #peers 5 #RPCs  7572 #Ops    0
--- PASS: TestReliableChurn3C (16.19s)
=== RUN   TestUnreliableChurn3C
Test (3C): unreliable churn (unreliable network)...
  ... Passed --  time 16.1s #peers 5 #RPCs  6420 #Ops    0
--- PASS: TestUnreliableChurn3C (16.10s)
=== RUN   TestSnapshotBasic3D
Test (3D): snapshots basic (reliable network)...
  ... Passed --  time  1.9s #peers 3 #RPCs   486 #Ops    0
--- PASS: TestSnapshotBasic3D (1.93s)
=== RUN   TestSnapshotInstall3D
Test (3D): install snapshots (disconnect) (reliable network)...
  ... Passed --  time 31.8s #peers 3 #RPCs  1962 #Ops    0
--- PASS: TestSnapshotInstall3D (31.78s)
=== RUN   TestSnapshotInstallUnreliable3D
Test (3D): install snapshots (disconnect) (unreliable network)...
  ... Passed --  time 40.7s #peers 3 #RPCs  2416 #Ops    0
--- PASS: TestSnapshotInstallUnreliable3D (40.72s)
=== RUN   TestSnapshotInstallCrash3D
Test (3D): install snapshots (crash) (reliable network)...
  ... Passed --  time 22.8s #peers 3 #RPCs  1522 #Ops    0
--- PASS: TestSnapshotInstallCrash3D (22.78s)
=== RUN   TestSnapshotInstallUnCrash3D
Test (3D): install snapshots (crash) (unreliable network)...
  ... Passed --  time 26.9s #peers 3 #RPCs  1584 #Ops    0
--- PASS: TestSnapshotInstallUnCrash3D (26.91s)
=== RUN   TestSnapshotAllCrash3D
Test (3D): crash and restart all servers (unreliable network)...
  ... Passed --  time  6.7s #peers 3 #RPCs   318 #Ops    0
--- PASS: TestSnapshotAllCrash3D (6.74s)
=== RUN   TestSnapshotInit3D
Test (3D): snapshot initialization after crash (unreliable network)...
  ... Passed --  time  2.2s #peers 3 #RPCs    84 #Ops    0
--- PASS: TestSnapshotInit3D (2.19s)
PASS
ok  	6.5840/raft1	301.612s
