=== RUN   TestInitialElection3A
Test (3A): initial election (reliable network)...
  ... Passed --  time  3.0s #peers 3 #RPCs   112 #Ops    0
--- PASS: TestInitialElection3A (3.02s)
=== RUN   TestReElection3A
Test (3A): election after network failure (reliable network)...
  ... Passed --  time  4.5s #peers 3 #RPCs   218 #Ops    0
--- PASS: TestReElection3A (4.54s)
=== RUN   TestManyElections3A
Test (3A): multiple elections (reliable network)...
  ... Passed --  time  5.6s #peers 7 #RPCs  1097 #Ops    0
--- PASS: TestManyElections3A (5.58s)
=== RUN   TestBasicAgree3B
Test (3B): basic agreement (reliable network)...
  ... Passed --  time  0.6s #peers 3 #RPCs    18 #Ops    0
--- PASS: TestBasicAgree3B (0.58s)
=== RUN   TestRPCBytes3B
Test (3B): RPC byte count (reliable network)...
  ... Passed --  time  0.9s #peers 3 #RPCs    48 #Ops    0
--- PASS: TestRPCBytes3B (0.89s)
=== RUN   TestFollowerFailure3B
Test (3B): test progressive failure of followers (reliable network)...
  ... Passed --  time  4.5s #peers 3 #RPCs   204 #Ops    0
--- PASS: TestFollowerFailure3B (4.53s)
=== RUN   TestLeaderFailure3B
Test (3B): test failure of leaders (reliable network)...
  ... Passed --  time  4.9s #peers 3 #RPCs   344 #Ops    0
--- PASS: TestLeaderFailure3B (4.88s)
=== RUN   TestFailAgree3B
Test (3B): agreement after follower reconnects (reliable network)...
  ... Passed --  time  5.1s #peers 3 #RPCs   218 #Ops    0
--- PASS: TestFailAgree3B (5.13s)
=== RUN   TestFailNoAgree3B
Test (3B): no agreement if too many followers disconnect (reliable network)...
  ... Passed --  time  3.5s #peers 5 #RPCs   344 #Ops    0
--- PASS: TestFailNoAgree3B (3.50s)
=== RUN   TestConcurrentStarts3B
Test (3B): concurrent Start()s (reliable network)...
  ... Passed --  time  0.5s #peers 3 #RPCs    24 #Ops    0
--- PASS: TestConcurrentStarts3B (0.48s)
=== RUN   TestRejoin3B
Test (3B): rejoin of partitioned leader (reliable network)...
  ... Passed --  time  5.8s #peers 3 #RPCs   346 #Ops    0
--- PASS: TestRejoin3B (5.80s)
=== RUN   TestBackup3B
Test (3B): leader backs up quickly over incorrect follower logs (reliable network)...
  ... Passed --  time  9.9s #peers 5 #RPCs  2320 #Ops    0
--- PASS: TestBackup3B (9.89s)
=== RUN   TestCount3B
Test (3B): RPC counts aren't too high (reliable network)...
  ... Passed --  time  2.0s #peers 3 #RPCs    94 #Ops    0
--- PASS: TestCount3B (2.03s)
=== RUN   TestPersist13C
Test (3C): basic persistence (reliable network)...
  ... Passed --  time  3.4s #peers 3 #RPCs   106 #Ops    0
--- PASS: TestPersist13C (3.38s)
=== RUN   TestPersist23C
Test (3C): more persistence (reliable network)...
  ... Passed --  time 11.0s #peers 5 #RPCs   460 #Ops    0
--- PASS: TestPersist23C (11.02s)
=== RUN   TestPersist33C
Test (3C): partitioned leader and one follower crash, leader restarts (reliable network)...
  ... Passed --  time  1.5s #peers 3 #RPCs    48 #Ops    0
--- PASS: TestPersist33C (1.54s)
=== RUN   TestFigure83C
Test (3C): Figure 8 (reliable network)...
  ... Passed --  time 28.5s #peers 5 #RPCs  1368 #Ops    0
--- PASS: TestFigure83C (28.48s)
=== RUN   TestUnreliableAgree3C
Test (3C): unreliable agreement (unreliable network)...
  ... Passed --  time  1.5s #peers 5 #RPCs  1084 #Ops    0
--- PASS: TestUnreliableAgree3C (1.47s)
=== RUN   TestFigure8Unreliable3C
Test (3C): Figure 8 (unreliable) (unreliable network)...
  ... Passed --  time 34.4s #peers 5 #RPCs 10370 #Ops    0
--- PASS: TestFigure8Unreliable3C (34.37s)
=== RUN   TestReliableChurn3C
Test (3C): churn (reliable network)...
  ... Passed --  time 16.3s #peers 5 #RPCs  6080 #Ops    0
--- PASS: TestReliableChurn3C (16.28s)
=== RUN   TestUnreliableChurn3C
Test (3C): unreliable churn (unreliable network)...
  ... Passed --  time 16.1s #peers 5 #RPCs  6364 #Ops    0
--- PASS: TestUnreliableChurn3C (16.12s)
=== RUN   TestSnapshotBasic3D
Test (3D): snapshots basic (reliable network)...
  ... Passed --  time  2.0s #peers 3 #RPCs   502 #Ops    0
--- PASS: TestSnapshotBasic3D (2.01s)
=== RUN   TestSnapshotInstall3D
Test (3D): install snapshots (disconnect) (reliable network)...
  ... Passed --  time 33.4s #peers 3 #RPCs  2066 #Ops    0
--- PASS: TestSnapshotInstall3D (33.38s)
=== RUN   TestSnapshotInstallUnreliable3D
Test (3D): install snapshots (disconnect) (unreliable network)...
  ... Passed --  time 40.1s #peers 3 #RPCs  2382 #Ops    0
--- PASS: TestSnapshotInstallUnreliable3D (40.15s)
=== RUN   TestSnapshotInstallCrash3D
Test (3D): install snapshots (crash) (reliable network)...
  ... Passed --  time 23.3s #peers 3 #RPCs  1466 #Ops    0
--- PASS: TestSnapshotInstallCrash3D (23.33s)
=== RUN   TestSnapshotInstallUnCrash3D
Test (3D): install snapshots (crash) (unreliable network)...
  ... Passed --  time 28.2s #peers 3 #RPCs  1652 #Ops    0
--- PASS: TestSnapshotInstallUnCrash3D (28.19s)
=== RUN   TestSnapshotAllCrash3D
Test (3D): crash and restart all servers (unreliable network)...
  ... Passed --  time  7.0s #peers 3 #RPCs   338 #Ops    0
--- PASS: TestSnapshotAllCrash3D (7.04s)
=== RUN   TestSnapshotInit3D
Test (3D): snapshot initialization after crash (unreliable network)...
  ... Passed --  time  2.1s #peers 3 #RPCs    84 #Ops    0
--- PASS: TestSnapshotInit3D (2.12s)
PASS
ok  	6.5840/raft1	300.790s
