=== RUN   TestInitialElection3A
Test (3A): initial election (reliable network)...
  ... Passed --  time  3.0s #peers 3 #RPCs   108 #Ops    0
--- PASS: TestInitialElection3A (2.97s)
=== RUN   TestReElection3A
Test (3A): election after network failure (reliable network)...
  ... Passed --  time  4.5s #peers 3 #RPCs   220 #Ops    0
--- PASS: TestReElection3A (4.51s)
=== RUN   TestManyElections3A
Test (3A): multiple elections (reliable network)...
  ... Passed --  time  5.6s #peers 7 #RPCs  1176 #Ops    0
--- PASS: TestManyElections3A (5.56s)
=== RUN   TestBasicAgree3B
Test (3B): basic agreement (reliable network)...
  ... Passed --  time  0.5s #peers 3 #RPCs    20 #Ops    0
--- PASS: TestBasicAgree3B (0.53s)
=== RUN   TestRPCBytes3B
Test (3B): RPC byte count (reliable network)...
  ... Passed --  time  0.9s #peers 3 #RPCs    50 #Ops    0
--- PASS: TestRPCBytes3B (0.91s)
=== RUN   TestFollowerFailure3B
Test (3B): test progressive failure of followers (reliable network)...
  ... Passed --  time  4.5s #peers 3 #RPCs   204 #Ops    0
--- PASS: TestFollowerFailure3B (4.47s)
=== RUN   TestLeaderFailure3B
Test (3B): test failure of leaders (reliable network)...
  ... Passed --  time  5.2s #peers 3 #RPCs   366 #Ops    0
--- PASS: TestLeaderFailure3B (5.23s)
=== RUN   TestFailAgree3B
Test (3B): agreement after follower reconnects (reliable network)...
  ... Passed --  time  5.2s #peers 3 #RPCs   218 #Ops    0
--- PASS: TestFailAgree3B (5.19s)
=== RUN   TestFailNoAgree3B
Test (3B): no agreement if too many followers disconnect (reliable network)...
  ... Passed --  time  3.4s #peers 5 #RPCs   332 #Ops    0
--- PASS: TestFailNoAgree3B (3.42s)
=== RUN   TestConcurrentStarts3B
Test (3B): concurrent Start()s (reliable network)...
  ... Passed --  time  0.6s #peers 3 #RPCs    22 #Ops    0
--- PASS: TestConcurrentStarts3B (0.57s)
=== RUN   TestRejoin3B
Test (3B): rejoin of partitioned leader (reliable network)...
  ... Passed --  time  5.9s #peers 3 #RPCs   340 #Ops    0
--- PASS: TestRejoin3B (5.88s)
=== RUN   TestBackup3B
Test (3B): leader backs up quickly over incorrect follower logs (reliable network)...
  ... Passed --  time 11.7s #peers 5 #RPCs  2484 #Ops    0
--- PASS: TestBackup3B (11.73s)
=== RUN   TestCount3B
Test (3B): RPC counts aren't too high (reliable network)...
  ... Passed --  time  2.0s #peers 3 #RPCs    94 #Ops    0
--- PASS: TestCount3B (2.00s)
=== RUN   TestPersist13C
Test (3C): basic persistence (reliable network)...
  ... Passed --  time  3.5s #peers 3 #RPCs   110 #Ops    0
--- PASS: TestPersist13C (3.48s)
=== RUN   TestPersist23C
Test (3C): more persistence (reliable network)...
  ... Passed --  time 10.7s #peers 5 #RPCs   460 #Ops    0
--- PASS: TestPersist23C (10.74s)
=== RUN   TestPersist33C
Test (3C): partitioned leader and one follower crash, leader restarts (reliable network)...
  ... Passed --  time  1.6s #peers 3 #RPCs    52 #Ops    0
--- PASS: TestPersist33C (1.63s)
=== RUN   TestFigure83C
Test (3C): Figure 8 (reliable network)...
  ... Passed --  time 30.6s #peers 5 #RPCs  1588 #Ops    0
--- PASS: TestFigure83C (30.56s)
=== RUN   TestUnreliableAgree3C
Test (3C): unreliable agreement (unreliable network)...
  ... Passed --  time  1.5s #peers 5 #RPCs  1084 #Ops    0
--- PASS: TestUnreliableAgree3C (1.46s)
=== RUN   TestFigure8Unreliable3C
Test (3C): Figure 8 (unreliable) (unreliable network)...
  ... Passed --  time 32.7s #peers 5 #RPCs 11622 #Ops    0
--- PASS: TestFigure8Unreliable3C (32.68s)
=== RUN   TestReliableChurn3C
Test (3C): churn (reliable network)...
  ... Passed --  time 16.2s #peers 5 #RPCs  6852 #Ops    0
--- PASS: TestReliableChurn3C (16.19s)
=== RUN   TestUnreliableChurn3C
Test (3C): unreliable churn (unreliable network)...
  ... Passed --  time 16.1s #peers 5 #RPCs  5328 #Ops    0
--- PASS: TestUnreliableChurn3C (16.12s)
=== RUN   TestSnapshotBasic3D
Test (3D): snapshots basic (reliable network)...
  ... Passed --  time  2.2s #peers 3 #RPCs   506 #Ops    0
--- PASS: TestSnapshotBasic3D (2.25s)
=== RUN   TestSnapshotInstall3D
Test (3D): install snapshots (disconnect) (reliable network)...
  ... Passed --  time 37.8s #peers 3 #RPCs  2246 #Ops    0
--- PASS: TestSnapshotInstall3D (37.84s)
=== RUN   TestSnapshotInstallUnreliable3D
Test (3D): install snapshots (disconnect) (unreliable network)...
  ... Passed --  time 37.7s #peers 3 #RPCs  2306 #Ops    0
--- PASS: TestSnapshotInstallUnreliable3D (37.69s)
=== RUN   TestSnapshotInstallCrash3D
Test (3D): install snapshots (crash) (reliable network)...
  ... Passed --  time 22.7s #peers 3 #RPCs  1456 #Ops    0
--- PASS: TestSnapshotInstallCrash3D (22.65s)
=== RUN   TestSnapshotInstallUnCrash3D
Test (3D): install snapshots (crash) (unreliable network)...
  ... Passed --  time 28.2s #peers 3 #RPCs  1612 #Ops    0
--- PASS: TestSnapshotInstallUnCrash3D (28.16s)
=== RUN   TestSnapshotAllCrash3D
Test (3D): crash and restart all servers (unreliable network)...
  ... Passed --  time  6.4s #peers 3 #RPCs   306 #Ops    0
--- PASS: TestSnapshotAllCrash3D (6.42s)
=== RUN   TestSnapshotInit3D
Test (3D): snapshot initialization after crash (unreliable network)...
  ... Passed --  time  2.6s #peers 3 #RPCs    88 #Ops    0
--- PASS: TestSnapshotInit3D (2.59s)
PASS
ok  	6.5840/raft1	304.484s
