=== RUN   TestInitialElection3A
Test (3A): initial election (reliable network)...
  ... Passed --  time  3.1s #peers 3 #RPCs   110 #Ops    0
--- PASS: TestInitialElection3A (3.09s)
=== RUN   TestReElection3A
Test (3A): election after network failure (reliable network)...
  ... Passed --  time  4.6s #peers 3 #RPCs   208 #Ops    0
--- PASS: TestReElection3A (4.65s)
=== RUN   TestManyElections3A
Test (3A): multiple elections (reliable network)...
  ... Passed --  time  5.6s #peers 7 #RPCs   936 #Ops    0
--- PASS: TestManyElections3A (5.56s)
=== RUN   TestBasicAgree3B
Test (3B): basic agreement (reliable network)...
  ... Passed --  time  0.7s #peers 3 #RPCs    18 #Ops    0
--- PASS: TestBasicAgree3B (0.66s)
=== RUN   TestRPCBytes3B
Test (3B): RPC byte count (reliable network)...
  ... Passed --  time  0.9s #peers 3 #RPCs    50 #Ops    0
--- PASS: TestRPCBytes3B (0.91s)
=== RUN   TestFollowerFailure3B
Test (3B): test progressive failure of followers (reliable network)...
  ... Passed --  time  4.5s #peers 3 #RPCs   200 #Ops    0
--- PASS: TestFollowerFailure3B (4.46s)
=== RUN   TestLeaderFailure3B
Test (3B): test failure of leaders (reliable network)...
  ... Passed --  time  4.9s #peers 3 #RPCs   346 #Ops    0
--- PASS: TestLeaderFailure3B (4.94s)
=== RUN   TestFailAgree3B
Test (3B): agreement after follower reconnects (reliable network)...
  ... Passed --  time  5.1s #peers 3 #RPCs   218 #Ops    0
--- PASS: TestFailAgree3B (5.12s)
=== RUN   TestFailNoAgree3B
Test (3B): no agreement if too many followers disconnect (reliable network)...
  ... Passed --  time  3.4s #peers 5 #RPCs   336 #Ops    0
--- PASS: TestFailNoAgree3B (3.44s)
=== RUN   TestConcurrentStarts3B
Test (3B): concurrent Start()s (reliable network)...
  ... Passed --  time  0.5s #peers 3 #RPCs    26 #Ops    0
--- PASS: TestConcurrentStarts3B (0.53s)
=== RUN   TestRejoin3B
Test (3B): rejoin of partitioned leader (reliable network)...
  ... Passed --  time  5.9s #peers 3 #RPCs   348 #Ops    0
--- PASS: TestRejoin3B (5.87s)
=== RUN   TestBackup3B
Test (3B): leader backs up quickly over incorrect follower logs (reliable network)...
  ... Passed --  time 11.8s #peers 5 #RPCs  2476 #Ops    0
--- PASS: TestBackup3B (11.85s)
=== RUN   TestCount3B
Test (3B): RPC counts aren't too high (reliable network)...
  ... Passed --  time  2.0s #peers 3 #RPCs    94 #Ops    0
--- PASS: TestCount3B (1.95s)
=== RUN   TestPersist13C
Test (3C): basic persistence (reliable network)...
  ... Passed --  time  3.3s #peers 3 #RPCs   106 #Ops    0
--- PASS: TestPersist13C (3.27s)
=== RUN   TestPersist23C
Test (3C): more persistence (reliable network)...
  ... Passed --  time 10.9s #peers 5 #RPCs   472 #Ops    0
--- PASS: TestPersist23C (10.85s)
=== RUN   TestPersist33C
Test (3C): partitioned leader and one follower crash, leader restarts (reliable network)...
  ... Passed --  time  1.3s #peers 3 #RPCs    46 #Ops    0
--- PASS: TestPersist33C (1.32s)
=== RUN   TestFigure83C
Test (3C): Figure 8 (reliable network)...
  ... Passed --  time 29.0s #peers 5 #RPCs  1424 #Ops    0
--- PASS: TestFigure83C (29.01s)
=== RUN   TestUnreliableAgree3C
Test (3C): unreliable agreement (unreliable network)...
  ... Passed --  time  1.5s #peers 5 #RPCs  1084 #Ops    0
--- PASS: TestUnreliableAgree3C (1.52s)
=== RUN   TestFigure8Unreliable3C
Test (3C): Figure 8 (unreliable) (unreliable network)...
  ... Passed --  time 36.1s #peers 5 #RPCs 12249 #Ops    0
--- PASS: TestFigure8Unreliable3C (36.13s)
=== RUN   TestReliableChurn3C
Test (3C): churn (reliable network)...
  ... Passed --  time 16.2s #peers 5 #RPCs  5449 #Ops    0
--- PASS: TestReliableChurn3C (16.24s)
=== RUN   TestUnreliableChurn3C
Test (3C): unreliable churn (unreliable network)...
  ... Passed --  time 16.4s #peers 5 #RPCs  5636 #Ops    0
--- PASS: TestUnreliableChurn3C (16.42s)
=== RUN   TestSnapshotBasic3D
Test (3D): snapshots basic (reliable network)...
  ... Passed --  time  1.9s #peers 3 #RPCs   458 #Ops    0
--- PASS: TestSnapshotBasic3D (1.94s)
=== RUN   TestSnapshotInstall3D
Test (3D): install snapshots (disconnect) (reliable network)...
  ... Passed --  time 33.3s #peers 3 #RPCs  2038 #Ops    0
--- PASS: TestSnapshotInstall3D (33.27s)
=== RUN   TestSnapshotInstallUnreliable3D
Test (3D): install snapshots (disconnect) (unreliable network)...
  ... Passed --  time 38.9s #peers 3 #RPCs  2352 #Ops    0
--- PASS: TestSnapshotInstallUnreliable3D (38.87s)
=== RUN   TestSnapshotInstallCrash3D
Test (3D): install snapshots (crash) (reliable network)...
  ... Passed --  time 23.3s #peers 3 #RPCs  1402 #Ops    0
--- PASS: TestSnapshotInstallCrash3D (23.33s)
=== RUN   TestSnapshotInstallUnCrash3D
Test (3D): install snapshots (crash) (unreliable network)...
  ... Passed --  time 27.1s #peers 3 #RPCs  1668 #Ops    0
--- PASS: TestSnapshotInstallUnCrash3D (27.08s)
=== RUN   TestSnapshotAllCrash3D
Test (3D): crash and restart all servers (unreliable network)...
  ... Passed --  time  6.8s #peers 3 #RPCs   340 #Ops    0
--- PASS: TestSnapshotAllCrash3D (6.84s)
=== RUN   TestSnapshotInit3D
Test (3D): snapshot initialization after crash (unreliable network)...
  ... Passed --  time  2.4s #peers 3 #RPCs    90 #Ops    0
--- PASS: TestSnapshotInit3D (2.37s)
PASS
ok  	6.5840/raft1	302.555s
