=== RUN   TestSnapshotRPC4C
Test: snapshots, one client (4C SnapshotsRPC) (reliable network)...
Test: InstallSnapshot RPC (4C) (reliable network)...
  ... Passed --  time  2.2s #peers 3 #RPCs  2592 #Ops   63
--- PASS: TestSnapshotRPC4C (2.22s)
=== RUN   TestSnapshotSize4C
Test: snapshots, one client (4C snapshot size is reasonable) (reliable network)...
  ... Passed --  time  1.4s #peers 3 #RPCs  3702 #Ops  800
--- PASS: TestSnapshotSize4C (1.43s)
=== RUN   TestSpeed4C
Test: snapshots, one client (4C speed) (reliable network)...
  ... Passed --  time  1.6s #peers 3 #RPCs  4230 #Ops    0
--- PASS: TestSpeed4C (1.58s)
=== RUN   TestSnapshotRecover4C
Test: restarts, snapshots, one client (4C restarts, snapshots, one client) (reliable network)...
  ... Passed --  time  6.0s #peers 5 #RPCs 10231 #Ops 1283
--- PASS: TestSnapshotRecover4C (6.04s)
=== RUN   TestSnapshotRecoverManyClients4C
Test: restarts, snapshots, many clients (4C restarts, snapshots, many clients ) (reliable network)...
info: linearizability check timed out, assuming history is ok
info: linearizability check timed out, assuming history is ok
info: linearizability check timed out, assuming history is ok
  ... Passed --  time 10.1s #peers 5 #RPCs 19547 #Ops 1711
--- PASS: TestSnapshotRecoverManyClients4C (10.09s)
=== RUN   TestSnapshotUnreliable4C
Test: snapshots, many clients (4C unreliable net, snapshots, many clients) (unreliable network)...
  ... Passed --  time  4.4s #peers 5 #RPCs  2763 #Ops  327
--- PASS: TestSnapshotUnreliable4C (4.45s)
=== RUN   TestSnapshotUnreliableRecover4C
Test: restarts, snapshots, many clients (4C unreliable net, restarts, snapshots, many clients) (unreliable network)...
  ... Passed --  time  7.1s #peers 5 #RPCs  2469 #Ops  263
--- PASS: TestSnapshotUnreliableRecover4C (7.15s)
=== RUN   TestSnapshotUnreliableRecoverConcurrentPartition4C
Test: restarts, partitions, snapshots, many clients (4C unreliable net, restarts, partitions, snapshots, many clients) (unreliable network)...
  ... Passed --  time 12.4s #peers 5 #RPCs  2841 #Ops  251
--- PASS: TestSnapshotUnreliableRecoverConcurrentPartition4C (12.35s)
=== RUN   TestSnapshotUnreliableRecoverConcurrentPartitionLinearizable4C
Test: restarts, partitions, snapshots, random keys, many clients (4C unreliable net, restarts, partitions, snapshots, random keys, many clients) (unreliable network)...
  ... Passed --  time 14.4s #peers 7 #RPCs  8298 #Ops  580
--- PASS: TestSnapshotUnreliableRecoverConcurrentPartitionLinearizable4C (14.42s)
PASS
ok  	6.5840/kvraft1	60.774s
