=== RUN   TestSnapshotRPC4C
Test: snapshots, one client (4C SnapshotsRPC) (reliable network)...
Test: InstallSnapshot RPC (4C) (reliable network)...
  ... Passed --  time  1.7s #peers 3 #RPCs  1482 #Ops   63
--- PASS: TestSnapshotRPC4C (1.74s)
=== RUN   TestSnapshotSize4C
Test: snapshots, one client (4C snapshot size is reasonable) (reliable network)...
  ... Passed --  time  1.4s #peers 3 #RPCs  3741 #Ops  800
--- PASS: TestSnapshotSize4C (1.43s)
=== RUN   TestSpeed4C
Test: snapshots, one client (4C speed) (reliable network)...
  ... Passed --  time  1.7s #peers 3 #RPCs  4533 #Ops    0
--- PASS: TestSpeed4C (1.69s)
=== RUN   TestSnapshotRecover4C
Test: restarts, snapshots, one client (4C restarts, snapshots, one client) (reliable network)...
  ... Passed --  time  6.0s #peers 5 #RPCs 10137 #Ops 1247
--- PASS: TestSnapshotRecover4C (6.04s)
=== RUN   TestSnapshotRecoverManyClients4C
Test: restarts, snapshots, many clients (4C restarts, snapshots, many clients ) (reliable network)...
info: linearizability check timed out, assuming history is ok
info: linearizability check timed out, assuming history is ok
info: linearizability check timed out, assuming history is ok
  ... Passed --  time 10.1s #peers 5 #RPCs 19222 #Ops 1661
--- PASS: TestSnapshotRecoverManyClients4C (10.11s)
=== RUN   TestSnapshotUnreliable4C
Test: snapshots, many clients (4C unreliable net, snapshots, many clients) (unreliable network)...
  ... Passed --  time  4.1s #peers 5 #RPCs  2879 #Ops  369
--- PASS: TestSnapshotUnreliable4C (4.13s)
=== RUN   TestSnapshotUnreliableRecover4C
Test: restarts, snapshots, many clients (4C unreliable net, restarts, snapshots, many clients) (unreliable network)...
  ... Passed --  time  7.2s #peers 5 #RPCs  2412 #Ops  247
--- PASS: TestSnapshotUnreliableRecover4C (7.21s)
=== RUN   TestSnapshotUnreliableRecoverConcurrentPartition4C
Test: restarts, partitions, snapshots, many clients (4C unreliable net, restarts, partitions, snapshots, many clients) (unreliable network)...
  ... Passed --  time 12.4s #peers 5 #RPCs  2883 #Ops  269
--- PASS: TestSnapshotUnreliableRecoverConcurrentPartition4C (12.37s)
=== RUN   TestSnapshotUnreliableRecoverConcurrentPartitionLinearizable4C
Test: restarts, partitions, snapshots, random keys, many clients (4C unreliable net, restarts, partitions, snapshots, random keys, many clients) (unreliable network)...
  ... Passed --  time 16.5s #peers 7 #RPCs  9476 #Ops  566
--- PASS: TestSnapshotUnreliableRecoverConcurrentPartitionLinearizable4C (16.50s)
PASS
ok  	6.5840/kvraft1	62.254s
