=== RUN   TestSnapshotRPC4C
Test: snapshots, one client (4C SnapshotsRPC) (reliable network)...
Test: InstallSnapshot RPC (4C) (reliable network)...
  ... Passed --  time  2.3s #peers 3 #RPCs  2596 #Ops   63
--- PASS: TestSnapshotRPC4C (2.30s)
=== RUN   TestSnapshotSize4C
Test: snapshots, one client (4C snapshot size is reasonable) (reliable network)...
  ... Passed --  time  1.4s #peers 3 #RPCs  3561 #Ops  800
--- PASS: TestSnapshotSize4C (1.39s)
=== RUN   TestSpeed4C
Test: snapshots, one client (4C speed) (reliable network)...
  ... Passed --  time  1.7s #peers 3 #RPCs  4510 #Ops    0
--- PASS: TestSpeed4C (1.71s)
=== RUN   TestSnapshotRecover4C
Test: restarts, snapshots, one client (4C restarts, snapshots, one client) (reliable network)...
  ... Passed --  time  6.0s #peers 5 #RPCs  9812 #Ops 1231
--- PASS: TestSnapshotRecover4C (6.04s)
=== RUN   TestSnapshotRecoverManyClients4C
Test: restarts, snapshots, many clients (4C restarts, snapshots, many clients ) (reliable network)...
info: linearizability check timed out, assuming history is ok
info: linearizability check timed out, assuming history is ok
info: linearizability check timed out, assuming history is ok
  ... Passed --  time 10.4s #peers 5 #RPCs 18780 #Ops 1581
--- PASS: TestSnapshotRecoverManyClients4C (10.37s)
=== RUN   TestSnapshotUnreliable4C
Test: snapshots, many clients (4C unreliable net, snapshots, many clients) (unreliable network)...
