=== RUN   TestSnapshotRPC4C
Test: snapshots, one client (4C SnapshotsRPC) (reliable network)...
Test: InstallSnapshot RPC (4C) (reliable network)...
  ... Passed --  time  2.8s #peers 3 #RPCs  1555 #Ops   63
--- PASS: TestSnapshotRPC4C (2.83s)
=== RUN   TestSnapshotSize4C
Test: snapshots, one client (4C snapshot size is reasonable) (reliable network)...
  ... Passed --  time  1.6s #peers 3 #RPCs  3894 #Ops  800
--- PASS: TestSnapshotSize4C (1.55s)
=== RUN   TestSpeed4C
Test: snapshots, one client (4C speed) (reliable network)...
  ... Passed --  time  1.8s #peers 3 #RPCs  4186 #Ops    0
--- PASS: TestSpeed4C (1.84s)
=== RUN   TestSnapshotRecover4C
Test: restarts, snapshots, one client (4C restarts, snapshots, one client) (reliable network)...
  ... Passed --  time  6.0s #peers 5 #RPCs  9466 #Ops 1221
--- PASS: TestSnapshotRecover4C (6.03s)
=== RUN   TestSnapshotRecoverManyClients4C
Test: restarts, snapshots, many clients (4C restarts, snapshots, many clients ) (reliable network)...
info: linearizability check timed out, assuming history is ok
info: linearizability check timed out, assuming history is ok
info: linearizability check timed out, assuming history is ok
  ... Passed --  time 10.2s #peers 5 #RPCs 18283 #Ops 1625
--- PASS: TestSnapshotRecoverManyClients4C (10.18s)
=== RUN   TestSnapshotUnreliable4C
Test: snapshots, many clients (4C unreliable net, snapshots, many clients) (unreliable network)...
  ... Passed --  time  4.4s #peers 5 #RPCs  2524 #Ops  267
--- PASS: TestSnapshotUnreliable4C (4.35s)
=== RUN   TestSnapshotUnreliableRecover4C
Test: restarts, snapshots, many clients (4C unreliable net, restarts, snapshots, many clients) (unreliable network)...
  ... Passed --  time  7.2s #peers 5 #RPCs  2347 #Ops  245
--- PASS: TestSnapshotUnreliableRecover4C (7.17s)
=== RUN   TestSnapshotUnreliableRecoverConcurrentPartition4C
Test: restarts, partitions, snapshots, many clients (4C unreliable net, restarts, partitions, snapshots, many clients) (unreliable network)...
  ... Passed --  time 12.2s #peers 5 #RPCs  2863 #Ops  261
--- PASS: TestSnapshotUnreliableRecoverConcurrentPartition4C (12.17s)
=== RUN   TestSnapshotUnreliableRecoverConcurrentPartitionLinearizable4C
Test: restarts, partitions, snapshots, random keys, many clients (4C unreliable net, restarts, partitions, snapshots, random keys, many clients) (unreliable network)...
  ... Passed --  time 12.4s #peers 7 #RPCs  7956 #Ops  588
--- PASS: TestSnapshotUnreliableRecoverConcurrentPartitionLinearizable4C (12.38s)
PASS
ok  	6.5840/kvraft1	59.546s
