=== RUN   TestBasic4B
Test: one client (4B basic) (reliable network)...
  ... Passed --  time  3.1s #peers 5 #RPCs  3132 #Ops  361
--- PASS: TestBasic4B (3.08s)
=== RUN   TestSpeed4B
Test: one client (4B speed) (reliable network)...
  ... Passed --  time 29.7s #peers 3 #RPCs  5264 #Ops    0
--- PASS: TestSpeed4B (29.73s)
=== RUN   TestConcurrent4B
Test: many clients (4B many clients) (reliable network)...
  ... Passed --  time  3.8s #peers 5 #RPCs  6291 #Ops  451
--- PASS: TestConcurrent4B (3.78s)
=== RUN   TestUnreliable4B
Test: many clients (4B many clients) (unreliable network)...
  ... Passed --  time  4.2s #peers 5 #RPCs  1681 #Ops  189
--- PASS: TestUnreliable4B (4.20s)
=== RUN   TestOnePartition4B
Test: one client (4B progress in majority) (unreliable network)...
  ... Passed --  time  1.6s #peers 5 #RPCs   187 #Ops    3
Test: no progress in minority (4B) (unreliable network)...
  ... Passed --  time  1.9s #peers 5 #RPCs   327 #Ops    3
Test: completion after heal (4B) (unreliable network)...
  ... Passed --  time  1.0s #peers 5 #RPCs   114 #Ops    4
--- PASS: TestOnePartition4B (4.49s)
=== RUN   TestManyPartitionsOneClient4B
Test: partitions, one client (4B partitions, one client) (reliable network)...
  ... Passed --  time  9.3s #peers 5 #RPCs  3704 #Ops  363
--- PASS: TestManyPartitionsOneClient4B (9.35s)
=== RUN   TestManyPartitionsManyClients4B
Test: partitions, many clients (4B partitions, many clients (4B)) (reliable network)...
  ... Passed --  time 14.6s #peers 5 #RPCs  8378 #Ops  461
--- PASS: TestManyPartitionsManyClients4B (14.64s)
=== RUN   TestPersistOneClient4B
Test: restarts, one client (4B restarts, one client 4B ) (reliable network)...
  ... Passed --  time  6.1s #peers 5 #RPCs  5642 #Ops  313
--- PASS: TestPersistOneClient4B (6.11s)
=== RUN   TestPersistConcurrent4B
Test: restarts, many clients (4B restarts, many clients) (reliable network)...
  ... Passed --  time  6.6s #peers 5 #RPCs 14772 #Ops  413
--- PASS: TestPersistConcurrent4B (6.65s)
=== RUN   TestPersistConcurrentUnreliable4B
Test: restarts, many clients (4B restarts, many clients ) (unreliable network)...
  ... Passed --  time  7.4s #peers 5 #RPCs  1379 #Ops  127
--- PASS: TestPersistConcurrentUnreliable4B (7.37s)
=== RUN   TestPersistPartition4B
Test: restarts, partitions, many clients (4B restarts, partitions, many clients) (reliable network)...
  ... Passed --  time 14.5s #peers 5 #RPCs 15451 #Ops  417
--- PASS: TestPersistPartition4B (14.55s)
=== RUN   TestPersistPartitionUnreliable4B
Test: restarts, partitions, many clients (4B restarts, partitions, many clients) (unreliable network)...
  ... Passed --  time 12.4s #peers 5 #RPCs  2186 #Ops  173
--- PASS: TestPersistPartitionUnreliable4B (12.37s)
=== RUN   TestPersistPartitionUnreliableLinearizable4B
Test: restarts, partitions, random keys, many clients (4B restarts, partitions, random keys, many clients) (unreliable network)...
  ... Passed --  time 17.0s #peers 7 #RPCs  6250 #Ops  306
--- PASS: TestPersistPartitionUnreliableLinearizable4B (16.98s)
PASS
ok  	6.5840/kvraft1	134.339s
