=== RUN   TestBasic4B
Test: one client (4B basic) (reliable network)...
  ... Passed --  time  3.1s #peers 5 #RPCs  3182 #Ops  359
--- PASS: TestBasic4B (3.10s)
=== RUN   TestSpeed4B
Test: one client (4B speed) (reliable network)...
  ... Passed --  time 31.1s #peers 3 #RPCs  5164 #Ops    0
--- PASS: TestSpeed4B (31.14s)
=== RUN   TestConcurrent4B
Test: many clients (4B many clients) (reliable network)...
  ... Passed --  time  3.7s #peers 5 #RPCs  6061 #Ops  431
--- PASS: TestConcurrent4B (3.69s)
=== RUN   TestUnreliable4B
Test: many clients (4B many clients) (unreliable network)...
  ... Passed --  time  4.7s #peers 5 #RPCs  1805 #Ops  179
--- PASS: TestUnreliable4B (4.71s)
=== RUN   TestOnePartition4B
Test: one client (4B progress in majority) (unreliable network)...
  ... Passed --  time  2.2s #peers 5 #RPCs   265 #Ops    3
Test: no progress in minority (4B) (unreliable network)...
  ... Passed --  time  1.8s #peers 5 #RPCs   311 #Ops    3
Test: completion after heal (4B) (unreliable network)...
  ... Passed --  time  1.1s #peers 5 #RPCs   154 #Ops    4
--- PASS: TestOnePartition4B (5.03s)
=== RUN   TestManyPartitionsOneClient4B
Test: partitions, one client (4B partitions, one client) (reliable network)...
  ... Passed --  time 11.7s #peers 5 #RPCs  3996 #Ops  351
--- PASS: TestManyPartitionsOneClient4B (11.73s)
=== RUN   TestManyPartitionsManyClients4B
Test: partitions, many clients (4B partitions, many clients (4B)) (reliable network)...
  ... Passed --  time 12.8s #peers 5 #RPCs  8069 #Ops  453
--- PASS: TestManyPartitionsManyClients4B (12.82s)
=== RUN   TestPersistOneClient4B
Test: restarts, one client (4B restarts, one client 4B ) (reliable network)...
  ... Passed --  time  6.1s #peers 5 #RPCs  5734 #Ops  317
--- PASS: TestPersistOneClient4B (6.12s)
=== RUN   TestPersistConcurrent4B
Test: restarts, many clients (4B restarts, many clients) (reliable network)...
  ... Passed --  time  6.7s #peers 5 #RPCs 16184 #Ops  415
--- PASS: TestPersistConcurrent4B (6.72s)
=== RUN   TestPersistConcurrentUnreliable4B
Test: restarts, many clients (4B restarts, many clients ) (unreliable network)...
  ... Passed --  time  7.5s #peers 5 #RPCs  1659 #Ops  179
--- PASS: TestPersistConcurrentUnreliable4B (7.51s)
=== RUN   TestPersistPartition4B
Test: restarts, partitions, many clients (4B restarts, partitions, many clients) (reliable network)...
  ... Passed --  time 16.8s #peers 5 #RPCs 15209 #Ops  425
--- PASS: TestPersistPartition4B (16.79s)
=== RUN   TestPersistPartitionUnreliable4B
Test: restarts, partitions, many clients (4B restarts, partitions, many clients) (unreliable network)...
  ... Passed --  time 19.0s #peers 5 #RPCs  3074 #Ops  175
--- PASS: TestPersistPartitionUnreliable4B (19.01s)
=== RUN   TestPersistPartitionUnreliableLinearizable4B
Test: restarts, partitions, random keys, many clients (4B restarts, partitions, random keys, many clients) (unreliable network)...
  ... Passed --  time 14.6s #peers 7 #RPCs  5204 #Ops  300
--- PASS: TestPersistPartitionUnreliableLinearizable4B (14.57s)
PASS
ok  	6.5840/kvraft1	143.993s
