=== RUN   TestBasic4B
Test: one client (4B basic) (reliable network)...
  ... Passed --  time  3.1s #peers 5 #RPCs  3280 #Ops  361
--- PASS: TestBasic4B (3.07s)
=== RUN   TestSpeed4B
Test: one client (4B speed) (reliable network)...
  ... Passed --  time 28.0s #peers 3 #RPCs  5364 #Ops    0
--- PASS: TestSpeed4B (28.07s)
=== RUN   TestConcurrent4B
Test: many clients (4B many clients) (reliable network)...
  ... Passed --  time  3.6s #peers 5 #RPCs  6944 #Ops  443
--- PASS: TestConcurrent4B (3.57s)
=== RUN   TestUnreliable4B
Test: many clients (4B many clients) (unreliable network)...
  ... Passed --  time  5.0s #peers 5 #RPCs  1912 #Ops  229
--- PASS: TestUnreliable4B (5.05s)
=== RUN   TestOnePartition4B
Test: one client (4B progress in majority) (unreliable network)...
  ... Passed --  time  3.4s #peers 5 #RPCs   403 #Ops    3
Test: no progress in minority (4B) (unreliable network)...
  ... Passed --  time  1.1s #peers 5 #RPCs   211 #Ops    3
Test: completion after heal (4B) (unreliable network)...
  ... Passed --  time  1.0s #peers 5 #RPCs   125 #Ops    4
--- PASS: TestOnePartition4B (5.63s)
=== RUN   TestManyPartitionsOneClient4B
Test: partitions, one client (4B partitions, one client) (reliable network)...
  ... Passed --  time 10.2s #peers 5 #RPCs  3883 #Ops  363
--- PASS: TestManyPartitionsOneClient4B (10.17s)
=== RUN   TestManyPartitionsManyClients4B
Test: partitions, many clients (4B partitions, many clients (4B)) (reliable network)...
  ... Passed --  time 12.7s #peers 5 #RPCs  7835 #Ops  457
--- PASS: TestManyPartitionsManyClients4B (12.69s)
=== RUN   TestPersistOneClient4B
Test: restarts, one client (4B restarts, one client 4B ) (reliable network)...
  ... Passed --  time  6.1s #peers 5 #RPCs  5436 #Ops  323
--- PASS: TestPersistOneClient4B (6.10s)
=== RUN   TestPersistConcurrent4B
Test: restarts, many clients (4B restarts, many clients) (reliable network)...
  ... Passed --  time  6.7s #peers 5 #RPCs 16318 #Ops  421
--- PASS: TestPersistConcurrent4B (6.69s)
=== RUN   TestPersistConcurrentUnreliable4B
Test: restarts, many clients (4B restarts, many clients ) (unreliable network)...
  ... Passed --  time  7.7s #peers 5 #RPCs  1370 #Ops  115
--- PASS: TestPersistConcurrentUnreliable4B (7.71s)
=== RUN   TestPersistPartition4B
Test: restarts, partitions, many clients (4B restarts, partitions, many clients) (reliable network)...
  ... Passed --  time 12.4s #peers 5 #RPCs 15536 #Ops  449
--- PASS: TestPersistPartition4B (12.36s)
=== RUN   TestPersistPartitionUnreliable4B
Test: restarts, partitions, many clients (4B restarts, partitions, many clients) (unreliable network)...
  ... Passed --  time 13.4s #peers 5 #RPCs  2266 #Ops  171
--- PASS: TestPersistPartitionUnreliable4B (13.43s)
=== RUN   TestPersistPartitionUnreliableLinearizable4B
Test: restarts, partitions, random keys, many clients (4B restarts, partitions, random keys, many clients) (unreliable network)...
  ... Passed --  time 14.7s #peers 7 #RPCs  5508 #Ops  330
--- PASS: TestPersistPartitionUnreliableLinearizable4B (14.68s)
PASS
ok  	6.5840/kvraft1	130.252s
