=== RUN   TestBasic4B
Test: one client (4B basic) (reliable network)...
  ... Passed --  time  3.1s #peers 5 #RPCs  3070 #Ops  363
--- PASS: TestBasic4B (3.09s)
=== RUN   TestSpeed4B
Test: one client (4B speed) (reliable network)...
  ... Passed --  time 29.0s #peers 3 #RPCs  5091 #Ops    0
--- PASS: TestSpeed4B (29.00s)
=== RUN   TestConcurrent4B
Test: many clients (4B many clients) (reliable network)...
  ... Passed --  time  3.7s #peers 5 #RPCs  6781 #Ops  445
--- PASS: TestConcurrent4B (3.69s)
=== RUN   TestUnreliable4B
Test: many clients (4B many clients) (unreliable network)...
  ... Passed --  time  4.7s #peers 5 #RPCs  1907 #Ops  209
--- PASS: TestUnreliable4B (4.66s)
=== RUN   TestOnePartition4B
Test: one client (4B progress in majority) (unreliable network)...
  ... Passed --  time  2.0s #peers 5 #RPCs   292 #Ops    3
Test: no progress in minority (4B) (unreliable network)...
  ... Passed --  time  1.1s #peers 5 #RPCs   212 #Ops    3
Test: completion after heal (4B) (unreliable network)...
  ... Passed --  time  1.1s #peers 5 #RPCs   116 #Ops    4
--- PASS: TestOnePartition4B (4.15s)
=== RUN   TestManyPartitionsOneClient4B
Test: partitions, one client (4B partitions, one client) (reliable network)...
  ... Passed --  time 10.5s #peers 5 #RPCs  3955 #Ops  355
--- PASS: TestManyPartitionsOneClient4B (10.51s)
=== RUN   TestManyPartitionsManyClients4B
Test: partitions, many clients (4B partitions, many clients (4B)) (reliable network)...
  ... Passed --  time 10.4s #peers 5 #RPCs  6948 #Ops  447
--- PASS: TestManyPartitionsManyClients4B (10.37s)
=== RUN   TestPersistOneClient4B
Test: restarts, one client (4B restarts, one client 4B ) (reliable network)...
  ... Passed --  time  6.1s #peers 5 #RPCs  5620 #Ops  315
--- PASS: TestPersistOneClient4B (6.12s)
=== RUN   TestPersistConcurrent4B
Test: restarts, many clients (4B restarts, many clients) (reliable network)...
  ... Passed --  time  6.6s #peers 5 #RPCs 14703 #Ops  407
--- PASS: TestPersistConcurrent4B (6.56s)
=== RUN   TestPersistConcurrentUnreliable4B
Test: restarts, many clients (4B restarts, many clients ) (unreliable network)...
  ... Passed --  time  8.5s #peers 5 #RPCs  1678 #Ops  153
--- PASS: TestPersistConcurrentUnreliable4B (8.45s)
=== RUN   TestPersistPartition4B
Test: restarts, partitions, many clients (4B restarts, partitions, many clients) (reliable network)...
  ... Passed --  time 15.7s #peers 5 #RPCs 15908 #Ops  405
--- PASS: TestPersistPartition4B (15.69s)
=== RUN   TestPersistPartitionUnreliable4B
Test: restarts, partitions, many clients (4B restarts, partitions, many clients) (unreliable network)...
  ... Passed --  time 13.3s #peers 5 #RPCs  2275 #Ops  189
--- PASS: TestPersistPartitionUnreliable4B (13.31s)
=== RUN   TestPersistPartitionUnreliableLinearizable4B
Test: restarts, partitions, random keys, many clients (4B restarts, partitions, random keys, many clients) (unreliable network)...
  ... Passed --  time 14.5s #peers 7 #RPCs  5062 #Ops  294
--- PASS: TestPersistPartitionUnreliableLinearizable4B (14.52s)
PASS
ok  	6.5840/kvraft1	131.150s
