=== RUN   TestBasic4B
Test: one client (4B basic) (reliable network)...
  ... Passed --  time  3.1s #peers 5 #RPCs  3132 #Ops  367
--- PASS: TestBasic4B (3.09s)
=== RUN   TestSpeed4B
Test: one client (4B speed) (reliable network)...
  ... Passed --  time 29.2s #peers 3 #RPCs  5147 #Ops    0
--- PASS: TestSpeed4B (29.29s)
=== RUN   TestConcurrent4B
Test: many clients (4B many clients) (reliable network)...
  ... Passed --  time  3.7s #peers 5 #RPCs  6566 #Ops  447
--- PASS: TestConcurrent4B (3.70s)
=== RUN   TestUnreliable4B
Test: many clients (4B many clients) (unreliable network)...
  ... Passed --  time  4.5s #peers 5 #RPCs  2011 #Ops  233
--- PASS: TestUnreliable4B (4.53s)
=== RUN   TestOnePartition4B
Test: one client (4B progress in majority) (unreliable network)...
  ... Passed --  time  1.6s #peers 5 #RPCs   224 #Ops    3
Test: no progress in minority (4B) (unreliable network)...
  ... Passed --  time  1.6s #peers 5 #RPCs   288 #Ops    3
Test: completion after heal (4B) (unreliable network)...
  ... Passed --  time  1.0s #peers 5 #RPCs   112 #Ops    4
--- PASS: TestOnePartition4B (4.23s)
=== RUN   TestManyPartitionsOneClient4B
Test: partitions, one client (4B partitions, one client) (reliable network)...
  ... Passed --  time  9.3s #peers 5 #RPCs  3753 #Ops  365
--- PASS: TestManyPartitionsOneClient4B (9.27s)
=== RUN   TestManyPartitionsManyClients4B
Test: partitions, many clients (4B partitions, many clients (4B)) (reliable network)...
  ... Passed --  time 12.8s #peers 5 #RPCs  8175 #Ops  475
--- PASS: TestManyPartitionsManyClients4B (12.85s)
=== RUN   TestPersistOneClient4B
Test: restarts, one client (4B restarts, one client 4B ) (reliable network)...
  ... Passed --  time  6.1s #peers 5 #RPCs  5402 #Ops  329
--- PASS: TestPersistOneClient4B (6.10s)
=== RUN   TestPersistConcurrent4B
Test: restarts, many clients (4B restarts, many clients) (reliable network)...
  ... Passed --  time  6.7s #peers 5 #RPCs 14861 #Ops  429
--- PASS: TestPersistConcurrent4B (6.67s)
=== RUN   TestPersistConcurrentUnreliable4B
Test: restarts, many clients (4B restarts, many clients ) (unreliable network)...
  ... Passed --  time  7.0s #peers 5 #RPCs  1510 #Ops  157
--- PASS: TestPersistConcurrentUnreliable4B (7.03s)
=== RUN   TestPersistPartition4B
Test: restarts, partitions, many clients (4B restarts, partitions, many clients) (reliable network)...
  ... Passed --  time 19.1s #peers 5 #RPCs 16805 #Ops  427
--- PASS: TestPersistPartition4B (19.08s)
=== RUN   TestPersistPartitionUnreliable4B
Test: restarts, partitions, many clients (4B restarts, partitions, many clients) (unreliable network)...
  ... Passed --  time 14.3s #peers 5 #RPCs  2404 #Ops  167
--- PASS: TestPersistPartitionUnreliable4B (14.33s)
=== RUN   TestPersistPartitionUnreliableLinearizable4B
Test: restarts, partitions, random keys, many clients (4B restarts, partitions, random keys, many clients) (unreliable network)...
  ... Passed --  time 13.7s #peers 7 #RPCs  5274 #Ops  324
--- PASS: TestPersistPartitionUnreliableLinearizable4B (13.66s)
PASS
ok  	6.5840/kvraft1	134.865s
