=== RUN   TestBasic4B
Test: one client (4B basic) (reliable network)...
  ... Passed --  time  3.1s #peers 5 #RPCs  3183 #Ops  355
--- PASS: TestBasic4B (3.08s)
=== RUN   TestSpeed4B
Test: one client (4B speed) (reliable network)...
  ... Passed --  time 30.5s #peers 3 #RPCs  5349 #Ops    0
--- PASS: TestSpeed4B (30.59s)
=== RUN   TestConcurrent4B
Test: many clients (4B many clients) (reliable network)...
  ... Passed --  time  3.8s #peers 5 #RPCs  6619 #Ops  459
--- PASS: TestConcurrent4B (3.83s)
=== RUN   TestUnreliable4B
Test: many clients (4B many clients) (unreliable network)...
  ... Passed --  time  4.1s #peers 5 #RPCs  1868 #Ops  219
--- PASS: TestUnreliable4B (4.09s)
=== RUN   TestOnePartition4B
Test: one client (4B progress in majority) (unreliable network)...
  ... Passed --  time  1.4s #peers 5 #RPCs   198 #Ops    3
Test: no progress in minority (4B) (unreliable network)...
  ... Passed --  time  1.3s #peers 5 #RPCs   234 #Ops    3
Test: completion after heal (4B) (unreliable network)...
  ... Passed --  time  1.1s #peers 5 #RPCs   114 #Ops    4
--- PASS: TestOnePartition4B (3.75s)
=== RUN   TestManyPartitionsOneClient4B
Test: partitions, one client (4B partitions, one client) (reliable network)...
  ... Passed --  time 11.6s #peers 5 #RPCs  4106 #Ops  361
--- PASS: TestManyPartitionsOneClient4B (11.57s)
=== RUN   TestManyPartitionsManyClients4B
Test: partitions, many clients (4B partitions, many clients (4B)) (reliable network)...
  ... Passed --  time 11.4s #peers 5 #RPCs  7187 #Ops  477
--- PASS: TestManyPartitionsManyClients4B (11.37s)
=== RUN   TestPersistOneClient4B
Test: restarts, one client (4B restarts, one client 4B ) (reliable network)...
  ... Passed --  time  6.1s #peers 5 #RPCs  5485 #Ops  321
--- PASS: TestPersistOneClient4B (6.09s)
=== RUN   TestPersistConcurrent4B
Test: restarts, many clients (4B restarts, many clients) (reliable network)...
  ... Passed --  time  6.6s #peers 5 #RPCs 15037 #Ops  411
--- PASS: TestPersistConcurrent4B (6.57s)
=== RUN   TestPersistConcurrentUnreliable4B
Test: restarts, many clients (4B restarts, many clients ) (unreliable network)...
  ... Passed --  time  7.8s #peers 5 #RPCs  1538 #Ops  155
--- PASS: TestPersistConcurrentUnreliable4B (7.80s)
=== RUN   TestPersistPartition4B
Test: restarts, partitions, many clients (4B restarts, partitions, many clients) (reliable network)...
  ... Passed --  time 13.4s #peers 5 #RPCs 15076 #Ops  423
--- PASS: TestPersistPartition4B (13.44s)
=== RUN   TestPersistPartitionUnreliable4B
Test: restarts, partitions, many clients (4B restarts, partitions, many clients) (unreliable network)...
  ... Passed --  time 12.3s #peers 5 #RPCs  2023 #Ops  147
--- PASS: TestPersistPartitionUnreliable4B (12.32s)
=== RUN   TestPersistPartitionUnreliableLinearizable4B
Test: restarts, partitions, random keys, many clients (4B restarts, partitions, random keys, many clients) (unreliable network)...
  ... Passed --  time 13.5s #peers 7 #RPCs  4527 #Ops  222
--- PASS: TestPersistPartitionUnreliableLinearizable4B (13.46s)
PASS
ok  	6.5840/kvraft1	129.013s
