=== RUN   TestBasic4B
Test: one client (4B basic) (reliable network)...
  ... Passed --  time  3.1s #peers 5 #RPCs  3149 #Ops  363
--- PASS: TestBasic4B (3.08s)
=== RUN   TestSpeed4B
Test: one client (4B speed) (reliable network)...
  ... Passed --  time 29.6s #peers 3 #RPCs  5089 #Ops    0
--- PASS: TestSpeed4B (29.67s)
=== RUN   TestConcurrent4B
Test: many clients (4B many clients) (reliable network)...
  ... Passed --  time  3.7s #peers 5 #RPCs  6602 #Ops  425
--- PASS: TestConcurrent4B (3.67s)
=== RUN   TestUnreliable4B
Test: many clients (4B many clients) (unreliable network)...
  ... Passed --  time  4.5s #peers 5 #RPCs  1861 #Ops  209
--- PASS: TestUnreliable4B (4.46s)
=== RUN   TestOnePartition4B
Test: one client (4B progress in majority) (unreliable network)...
  ... Passed --  time  1.2s #peers 5 #RPCs   169 #Ops    3
Test: no progress in minority (4B) (unreliable network)...
  ... Passed --  time  1.8s #peers 5 #RPCs   331 #Ops    3
Test: completion after heal (4B) (unreliable network)...
  ... Passed --  time  1.3s #peers 5 #RPCs   153 #Ops    4
--- PASS: TestOnePartition4B (4.31s)
=== RUN   TestManyPartitionsOneClient4B
Test: partitions, one client (4B partitions, one client) (reliable network)...
  ... Passed --  time  9.3s #peers 5 #RPCs  3643 #Ops  361
--- PASS: TestManyPartitionsOneClient4B (9.28s)
=== RUN   TestManyPartitionsManyClients4B
Test: partitions, many clients (4B partitions, many clients (4B)) (reliable network)...
  ... Passed --  time 15.0s #peers 5 #RPCs  8942 #Ops  467
--- PASS: TestManyPartitionsManyClients4B (14.97s)
=== RUN   TestPersistOneClient4B
Test: restarts, one client (4B restarts, one client 4B ) (reliable network)...
  ... Passed --  time  6.1s #peers 5 #RPCs  5779 #Ops  311
--- PASS: TestPersistOneClient4B (6.12s)
=== RUN   TestPersistConcurrent4B
Test: restarts, many clients (4B restarts, many clients) (reliable network)...
  ... Passed --  time  6.6s #peers 5 #RPCs 14658 #Ops  415
--- PASS: TestPersistConcurrent4B (6.63s)
=== RUN   TestPersistConcurrentUnreliable4B
Test: restarts, many clients (4B restarts, many clients ) (unreliable network)...
  ... Passed --  time  7.6s #peers 5 #RPCs  1648 #Ops  167
--- PASS: TestPersistConcurrentUnreliable4B (7.61s)
=== RUN   TestPersistPartition4B
Test: restarts, partitions, many clients (4B restarts, partitions, many clients) (reliable network)...
  ... Passed --  time 15.7s #peers 5 #RPCs 16284 #Ops  427
--- PASS: TestPersistPartition4B (15.72s)
=== RUN   TestPersistPartitionUnreliable4B
Test: restarts, partitions, many clients (4B restarts, partitions, many clients) (unreliable network)...
  ... Passed --  time 19.6s #peers 5 #RPCs  2965 #Ops  115
--- PASS: TestPersistPartitionUnreliable4B (19.57s)
=== RUN   TestPersistPartitionUnreliableLinearizable4B
Test: restarts, partitions, random keys, many clients (4B restarts, partitions, random keys, many clients) (unreliable network)...
  ... Passed --  time 13.5s #peers 7 #RPCs  4771 #Ops  302
--- PASS: TestPersistPartitionUnreliableLinearizable4B (13.53s)
PASS
ok  	6.5840/kvraft1	139.663s
