=== RUN   TestBasic4B
Test: one client (4B basic) (reliable network)...
  ... Passed --  time  3.1s #peers 5 #RPCs  3145 #Ops  363
--- PASS: TestBasic4B (3.07s)
=== RUN   TestSpeed4B
Test: one client (4B speed) (reliable network)...
  ... Passed --  time 29.6s #peers 3 #RPCs  5133 #Ops    0
--- PASS: TestSpeed4B (29.68s)
=== RUN   TestConcurrent4B
Test: many clients (4B many clients) (reliable network)...
  ... Passed --  time  3.6s #peers 5 #RPCs  6924 #Ops  429
--- PASS: TestConcurrent4B (3.64s)
=== RUN   TestUnreliable4B
Test: many clients (4B many clients) (unreliable network)...
  ... Passed --  time  4.6s #peers 5 #RPCs  1690 #Ops  183
--- PASS: TestUnreliable4B (4.61s)
=== RUN   TestOnePartition4B
Test: one client (4B progress in majority) (unreliable network)...
  ... Passed --  time  1.1s #peers 5 #RPCs   122 #Ops    3
Test: no progress in minority (4B) (unreliable network)...
  ... Passed --  time  1.3s #peers 5 #RPCs   240 #Ops    3
Test: completion after heal (4B) (unreliable network)...
  ... Passed --  time  1.0s #peers 5 #RPCs   108 #Ops    4
--- PASS: TestOnePartition4B (3.36s)
=== RUN   TestManyPartitionsOneClient4B
Test: partitions, one client (4B partitions, one client) (reliable network)...
  ... Passed --  time  9.4s #peers 5 #RPCs  3677 #Ops  355
--- PASS: TestManyPartitionsOneClient4B (9.38s)
=== RUN   TestManyPartitionsManyClients4B
Test: partitions, many clients (4B partitions, many clients (4B)) (reliable network)...
  ... Passed --  time 15.2s #peers 5 #RPCs  7751 #Ops  461
--- PASS: TestManyPartitionsManyClients4B (15.22s)
=== RUN   TestPersistOneClient4B
Test: restarts, one client (4B restarts, one client 4B ) (reliable network)...
  ... Passed --  time  6.1s #peers 5 #RPCs  5489 #Ops  317
--- PASS: TestPersistOneClient4B (6.10s)
=== RUN   TestPersistConcurrent4B
Test: restarts, many clients (4B restarts, many clients) (reliable network)...
  ... Passed --  time  6.8s #peers 5 #RPCs 20801 #Ops  377
--- PASS: TestPersistConcurrent4B (6.78s)
=== RUN   TestPersistConcurrentUnreliable4B
Test: restarts, many clients (4B restarts, many clients ) (unreliable network)...
  ... Passed --  time  7.2s #peers 5 #RPCs  1367 #Ops  121
--- PASS: TestPersistConcurrentUnreliable4B (7.20s)
=== RUN   TestPersistPartition4B
Test: restarts, partitions, many clients (4B restarts, partitions, many clients) (reliable network)...
  ... Passed --  time 13.3s #peers 5 #RPCs 16510 #Ops  423
--- PASS: TestPersistPartition4B (13.32s)
=== RUN   TestPersistPartitionUnreliable4B
Test: restarts, partitions, many clients (4B restarts, partitions, many clients) (unreliable network)...
  ... Passed --  time 22.2s #peers 5 #RPCs  3533 #Ops  163
--- PASS: TestPersistPartitionUnreliable4B (22.18s)
=== RUN   TestPersistPartitionUnreliableLinearizable4B
Test: restarts, partitions, random keys, many clients (4B restarts, partitions, random keys, many clients) (unreliable network)...
  ... Passed --  time 12.4s #peers 7 #RPCs  4614 #Ops  312
--- PASS: TestPersistPartitionUnreliableLinearizable4B (12.35s)
PASS
ok  	6.5840/kvraft1	137.939s
