=== RUN   TestBasic4B
Test: one client (4B basic) (reliable network)...
  ... Passed --  time  3.0s #peers 5 #RPCs  3214 #Ops  357
--- PASS: TestBasic4B (3.05s)
=== RUN   TestSpeed4B
Test: one client (4B speed) (reliable network)...
  ... Passed --  time 29.8s #peers 3 #RPCs  5412 #Ops    0
--- PASS: TestSpeed4B (29.78s)
=== RUN   TestConcurrent4B
Test: many clients (4B many clients) (reliable network)...
  ... Passed --  time  4.0s #peers 5 #RPCs  6753 #Ops  443
--- PASS: TestConcurrent4B (3.98s)
=== RUN   TestUnreliable4B
Test: many clients (4B many clients) (unreliable network)...
  ... Passed --  time  4.1s #peers 5 #RPCs  1794 #Ops  199
--- PASS: TestUnreliable4B (4.09s)
=== RUN   TestOnePartition4B
Test: one client (4B progress in majority) (unreliable network)...
  ... Passed --  time  1.4s #peers 5 #RPCs   164 #Ops    3
Test: no progress in minority (4B) (unreliable network)...
  ... Passed --  time  1.1s #peers 5 #RPCs   195 #Ops    3
Test: completion after heal (4B) (unreliable network)...
  ... Passed --  time  1.1s #peers 5 #RPCs   131 #Ops    4
--- PASS: TestOnePartition4B (3.56s)
=== RUN   TestManyPartitionsOneClient4B
Test: partitions, one client (4B partitions, one client) (reliable network)...
  ... Passed --  time  9.3s #peers 5 #RPCs  3747 #Ops  359
--- PASS: TestManyPartitionsOneClient4B (9.33s)
=== RUN   TestManyPartitionsManyClients4B
Test: partitions, many clients (4B partitions, many clients (4B)) (reliable network)...
  ... Passed --  time 11.7s #peers 5 #RPCs  7412 #Ops  463
--- PASS: TestManyPartitionsManyClients4B (11.69s)
=== RUN   TestPersistOneClient4B
Test: restarts, one client (4B restarts, one client 4B ) (reliable network)...
  ... Passed --  time  6.1s #peers 5 #RPCs  5695 #Ops  319
--- PASS: TestPersistOneClient4B (6.11s)
=== RUN   TestPersistConcurrent4B
Test: restarts, many clients (4B restarts, many clients) (reliable network)...
  ... Passed --  time  6.8s #peers 5 #RPCs 14548 #Ops  423
--- PASS: TestPersistConcurrent4B (6.76s)
=== RUN   TestPersistConcurrentUnreliable4B
Test: restarts, many clients (4B restarts, many clients ) (unreliable network)...
  ... Passed --  time  7.5s #peers 5 #RPCs  1510 #Ops  133
--- PASS: TestPersistConcurrentUnreliable4B (7.52s)
=== RUN   TestPersistPartition4B
Test: restarts, partitions, many clients (4B restarts, partitions, many clients) (reliable network)...
  ... Passed --  time 12.3s #peers 5 #RPCs 16476 #Ops  403
--- PASS: TestPersistPartition4B (12.35s)
=== RUN   TestPersistPartitionUnreliable4B
Test: restarts, partitions, many clients (4B restarts, partitions, many clients) (unreliable network)...
  ... Passed --  time 15.6s #peers 5 #RPCs  2761 #Ops  177
--- PASS: TestPersistPartitionUnreliable4B (15.57s)
=== RUN   TestPersistPartitionUnreliableLinearizable4B
Test: restarts, partitions, random keys, many clients (4B restarts, partitions, random keys, many clients) (unreliable network)...
  ... Passed --  time 13.5s #peers 7 #RPCs  5315 #Ops  318
--- PASS: TestPersistPartitionUnreliableLinearizable4B (13.55s)
PASS
ok  	6.5840/kvraft1	128.382s
