=== RUN   TestBasic4B
Test: one client (4B basic) (reliable network)...
  ... Passed --  time  3.1s #peers 5 #RPCs  3266 #Ops  347
--- PASS: TestBasic4B (3.07s)
=== RUN   TestSpeed4B
Test: one client (4B speed) (reliable network)...
  ... Passed --  time 29.2s #peers 3 #RPCs  5043 #Ops    0
--- PASS: TestSpeed4B (29.27s)
=== RUN   TestConcurrent4B
Test: many clients (4B many clients) (reliable network)...
  ... Passed --  time  3.8s #peers 5 #RPCs  6604 #Ops  457
--- PASS: TestConcurrent4B (3.79s)
=== RUN   TestUnreliable4B
Test: many clients (4B many clients) (unreliable network)...
  ... Passed --  time  4.5s #peers 5 #RPCs  1648 #Ops  159
--- PASS: TestUnreliable4B (4.53s)
=== RUN   TestOnePartition4B
Test: one client (4B progress in majority) (unreliable network)...
  ... Passed --  time  3.3s #peers 5 #RPCs   413 #Ops    3
Test: no progress in minority (4B) (unreliable network)...
  ... Passed --  time  1.1s #peers 5 #RPCs   207 #Ops    3
Test: completion after heal (4B) (unreliable network)...
  ... Passed --  time  1.1s #peers 5 #RPCs   121 #Ops    4
--- PASS: TestOnePartition4B (5.56s)
=== RUN   TestManyPartitionsOneClient4B
Test: partitions, one client (4B partitions, one client) (reliable network)...
  ... Passed --  time  9.4s #peers 5 #RPCs  3763 #Ops  365
--- PASS: TestManyPartitionsOneClient4B (9.40s)
=== RUN   TestManyPartitionsManyClients4B
Test: partitions, many clients (4B partitions, many clients (4B)) (reliable network)...
  ... Passed --  time 11.4s #peers 5 #RPCs  7251 #Ops  461
--- PASS: TestManyPartitionsManyClients4B (11.39s)
=== RUN   TestPersistOneClient4B
Test: restarts, one client (4B restarts, one client 4B ) (reliable network)...
  ... Passed --  time  6.1s #peers 5 #RPCs  5414 #Ops  321
--- PASS: TestPersistOneClient4B (6.10s)
=== RUN   TestPersistConcurrent4B
Test: restarts, many clients (4B restarts, many clients) (reliable network)...
  ... Passed --  time  6.7s #peers 5 #RPCs 15125 #Ops  409
--- PASS: TestPersistConcurrent4B (6.67s)
=== RUN   TestPersistConcurrentUnreliable4B
Test: restarts, many clients (4B restarts, many clients ) (unreliable network)...
  ... Passed --  time  7.0s #peers 5 #RPCs  1318 #Ops  131
--- PASS: TestPersistConcurrentUnreliable4B (7.01s)
=== RUN   TestPersistPartition4B
Test: restarts, partitions, many clients (4B restarts, partitions, many clients) (reliable network)...
  ... Passed --  time 13.3s #peers 5 #RPCs 15343 #Ops  421
--- PASS: TestPersistPartition4B (13.29s)
=== RUN   TestPersistPartitionUnreliable4B
Test: restarts, partitions, many clients (4B restarts, partitions, many clients) (unreliable network)...
  ... Passed --  time 12.2s #peers 5 #RPCs  1965 #Ops  151
--- PASS: TestPersistPartitionUnreliable4B (12.22s)
=== RUN   TestPersistPartitionUnreliableLinearizable4B
Test: restarts, partitions, random keys, many clients (4B restarts, partitions, random keys, many clients) (unreliable network)...
  ... Passed --  time 15.9s #peers 7 #RPCs  5644 #Ops  298
--- PASS: TestPersistPartitionUnreliableLinearizable4B (15.95s)
PASS
ok  	6.5840/kvraft1	129.296s
