=== RUN   TestBasic4B
Test: one client (4B basic) (reliable network)...
  ... Passed --  time  3.1s #peers 5 #RPCs  3161 #Ops  361
--- PASS: TestBasic4B (3.07s)
=== RUN   TestSpeed4B
Test: one client (4B speed) (reliable network)...
  ... Passed --  time 28.9s #peers 3 #RPCs  5288 #Ops    0
--- PASS: TestSpeed4B (28.98s)
=== RUN   TestConcurrent4B
Test: many clients (4B many clients) (reliable network)...
  ... Passed --  time  3.9s #peers 5 #RPCs  6607 #Ops  455
--- PASS: TestConcurrent4B (3.92s)
=== RUN   TestUnreliable4B
Test: many clients (4B many clients) (unreliable network)...
  ... Passed --  time  3.9s #peers 5 #RPCs  1698 #Ops  189
--- PASS: TestUnreliable4B (3.90s)
=== RUN   TestOnePartition4B
Test: one client (4B progress in majority) (unreliable network)...
  ... Passed --  time  1.1s #peers 5 #RPCs   155 #Ops    3
Test: no progress in minority (4B) (unreliable network)...
  ... Passed --  time  1.3s #peers 5 #RPCs   249 #Ops    3
Test: completion after heal (4B) (unreliable network)...
  ... Passed --  time  1.3s #peers 5 #RPCs   155 #Ops    4
--- PASS: TestOnePartition4B (3.73s)
=== RUN   TestManyPartitionsOneClient4B
Test: partitions, one client (4B partitions, one client) (reliable network)...
  ... Passed --  time  9.2s #peers 5 #RPCs  3627 #Ops  355
--- PASS: TestManyPartitionsOneClient4B (9.19s)
=== RUN   TestManyPartitionsManyClients4B
Test: partitions, many clients (4B partitions, many clients (4B)) (reliable network)...
  ... Passed --  time  9.5s #peers 5 #RPCs  7273 #Ops  467
--- PASS: TestManyPartitionsManyClients4B (9.46s)
=== RUN   TestPersistOneClient4B
Test: restarts, one client (4B restarts, one client 4B ) (reliable network)...
  ... Passed --  time  6.1s #peers 5 #RPCs  5348 #Ops  319
--- PASS: TestPersistOneClient4B (6.11s)
=== RUN   TestPersistConcurrent4B
Test: restarts, many clients (4B restarts, many clients) (reliable network)...
  ... Passed --  time  6.6s #peers 5 #RPCs 14405 #Ops  415
--- PASS: TestPersistConcurrent4B (6.59s)
=== RUN   TestPersistConcurrentUnreliable4B
Test: restarts, many clients (4B restarts, many clients ) (unreliable network)...
  ... Passed --  time  7.6s #peers 5 #RPCs  1700 #Ops  171
--- PASS: TestPersistConcurrentUnreliable4B (7.60s)
=== RUN   TestPersistPartition4B
Test: restarts, partitions, many clients (4B restarts, partitions, many clients) (reliable network)...
  ... Passed --  time 12.6s #peers 5 #RPCs 15315 #Ops  417
--- PASS: TestPersistPartition4B (12.55s)
=== RUN   TestPersistPartitionUnreliable4B
Test: restarts, partitions, many clients (4B restarts, partitions, many clients) (unreliable network)...
  ... Passed --  time 13.5s #peers 5 #RPCs  2323 #Ops  181
--- PASS: TestPersistPartitionUnreliable4B (13.55s)
=== RUN   TestPersistPartitionUnreliableLinearizable4B
Test: restarts, partitions, random keys, many clients (4B restarts, partitions, random keys, many clients) (unreliable network)...
  ... Passed --  time 15.5s #peers 7 #RPCs  5642 #Ops  314
--- PASS: TestPersistPartitionUnreliableLinearizable4B (15.52s)
PASS
ok  	6.5840/kvraft1	125.206s
