=== RUN   TestBasic4B
Test: one client (4B basic) (reliable network)...
  ... Passed --  time  3.1s #peers 5 #RPCs  3382 #Ops  361
--- PASS: TestBasic4B (3.08s)
=== RUN   TestSpeed4B
Test: one client (4B speed) (reliable network)...
  ... Passed --  time 29.6s #peers 3 #RPCs  5279 #Ops    0
--- PASS: TestSpeed4B (29.62s)
=== RUN   TestConcurrent4B
Test: many clients (4B many clients) (reliable network)...
  ... Passed --  time  3.8s #peers 5 #RPCs  7343 #Ops  455
--- PASS: TestConcurrent4B (3.80s)
=== RUN   TestUnreliable4B
Test: many clients (4B many clients) (unreliable network)...
  ... Passed --  time  5.2s #peers 5 #RPCs  1943 #Ops  219
--- PASS: TestUnreliable4B (5.17s)
=== RUN   TestOnePartition4B
Test: one client (4B progress in majority) (unreliable network)...
  ... Passed --  time  1.6s #peers 5 #RPCs   187 #Ops    3
Test: no progress in minority (4B) (unreliable network)...
  ... Passed --  time  1.2s #peers 5 #RPCs   215 #Ops    3
Test: completion after heal (4B) (unreliable network)...
  ... Passed --  time  1.2s #peers 5 #RPCs   133 #Ops    4
--- PASS: TestOnePartition4B (3.91s)
=== RUN   TestManyPartitionsOneClient4B
Test: partitions, one client (4B partitions, one client) (reliable network)...
  ... Passed --  time  9.1s #peers 5 #RPCs  3943 #Ops  371
--- PASS: TestManyPartitionsOneClient4B (9.06s)
=== RUN   TestManyPartitionsManyClients4B
Test: partitions, many clients (4B partitions, many clients (4B)) (reliable network)...
  ... Passed --  time 10.3s #peers 5 #RPCs  7441 #Ops  477
--- PASS: TestManyPartitionsManyClients4B (10.30s)
=== RUN   TestPersistOneClient4B
Test: restarts, one client (4B restarts, one client 4B ) (reliable network)...
  ... Passed --  time  6.1s #peers 5 #RPCs  5541 #Ops  323
--- PASS: TestPersistOneClient4B (6.09s)
=== RUN   TestPersistConcurrent4B
Test: restarts, many clients (4B restarts, many clients) (reliable network)...
  ... Passed --  time  6.6s #peers 5 #RPCs 14335 #Ops  419
--- PASS: TestPersistConcurrent4B (6.62s)
=== RUN   TestPersistConcurrentUnreliable4B
Test: restarts, many clients (4B restarts, many clients ) (unreliable network)...
  ... Passed --  time  7.8s #peers 5 #RPCs  1488 #Ops  137
--- PASS: TestPersistConcurrentUnreliable4B (7.80s)
=== RUN   TestPersistPartition4B
Test: restarts, partitions, many clients (4B restarts, partitions, many clients) (reliable network)...
  ... Passed --  time 15.5s #peers 5 #RPCs 16499 #Ops  431
--- PASS: TestPersistPartition4B (15.54s)
=== RUN   TestPersistPartitionUnreliable4B
Test: restarts, partitions, many clients (4B restarts, partitions, many clients) (unreliable network)...
  ... Passed --  time 13.4s #peers 5 #RPCs  1854 #Ops  107
--- PASS: TestPersistPartitionUnreliable4B (13.43s)
=== RUN   TestPersistPartitionUnreliableLinearizable4B
Test: restarts, partitions, random keys, many clients (4B restarts, partitions, random keys, many clients) (unreliable network)...
  ... Passed --  time 20.4s #peers 7 #RPCs  6817 #Ops  260
--- PASS: TestPersistPartitionUnreliableLinearizable4B (20.44s)
PASS
ok  	6.5840/kvraft1	135.920s
