=== RUN   TestBasic4B
Test: one client (4B basic) (reliable network)...
  ... Passed --  time  3.1s #peers 5 #RPCs  3166 #Ops  363
--- PASS: TestBasic4B (3.10s)
=== RUN   TestSpeed4B
Test: one client (4B speed) (reliable network)...
  ... Passed --  time 29.8s #peers 3 #RPCs  5137 #Ops    0
--- PASS: TestSpeed4B (29.84s)
=== RUN   TestConcurrent4B
Test: many clients (4B many clients) (reliable network)...
  ... Passed --  time  3.8s #peers 5 #RPCs  5938 #Ops  449
--- PASS: TestConcurrent4B (3.80s)
=== RUN   TestUnreliable4B
Test: many clients (4B many clients) (unreliable network)...
  ... Passed --  time  4.3s #peers 5 #RPCs  1865 #Ops  203
--- PASS: TestUnreliable4B (4.33s)
=== RUN   TestOnePartition4B
Test: one client (4B progress in majority) (unreliable network)...
  ... Passed --  time  2.1s #peers 5 #RPCs   303 #Ops    3
Test: no progress in minority (4B) (unreliable network)...
  ... Passed --  time  1.1s #peers 5 #RPCs   200 #Ops    3
Test: completion after heal (4B) (unreliable network)...
  ... Passed --  time  1.0s #peers 5 #RPCs   133 #Ops    4
--- PASS: TestOnePartition4B (4.18s)
=== RUN   TestManyPartitionsOneClient4B
Test: partitions, one client (4B partitions, one client) (reliable network)...
  ... Passed --  time 11.5s #peers 5 #RPCs  4267 #Ops  361
--- PASS: TestManyPartitionsOneClient4B (11.51s)
=== RUN   TestManyPartitionsManyClients4B
Test: partitions, many clients (4B partitions, many clients (4B)) (reliable network)...
  ... Passed --  time 11.6s #peers 5 #RPCs  7710 #Ops  465
--- PASS: TestManyPartitionsManyClients4B (11.57s)
=== RUN   TestPersistOneClient4B
Test: restarts, one client (4B restarts, one client 4B ) (reliable network)...
  ... Passed --  time  6.1s #peers 5 #RPCs  5679 #Ops  315
--- PASS: TestPersistOneClient4B (6.09s)
=== RUN   TestPersistConcurrent4B
Test: restarts, many clients (4B restarts, many clients) (reliable network)...
  ... Passed --  time  6.5s #peers 5 #RPCs 14822 #Ops  405
--- PASS: TestPersistConcurrent4B (6.50s)
=== RUN   TestPersistConcurrentUnreliable4B
Test: restarts, many clients (4B restarts, many clients ) (unreliable network)...
  ... Passed --  time  7.2s #peers 5 #RPCs  1443 #Ops  147
--- PASS: TestPersistConcurrentUnreliable4B (7.20s)
=== RUN   TestPersistPartition4B
Test: restarts, partitions, many clients (4B restarts, partitions, many clients) (reliable network)...
  ... Passed --  time 12.2s #peers 5 #RPCs 16051 #Ops  413
--- PASS: TestPersistPartition4B (12.22s)
=== RUN   TestPersistPartitionUnreliable4B
Test: restarts, partitions, many clients (4B restarts, partitions, many clients) (unreliable network)...
  ... Passed --  time 14.4s #peers 5 #RPCs  2302 #Ops  153
--- PASS: TestPersistPartitionUnreliable4B (14.36s)
=== RUN   TestPersistPartitionUnreliableLinearizable4B
Test: restarts, partitions, random keys, many clients (4B restarts, partitions, random keys, many clients) (unreliable network)...
  ... Passed --  time 12.4s #peers 7 #RPCs  4629 #Ops  300
--- PASS: TestPersistPartitionUnreliableLinearizable4B (12.45s)
PASS
ok  	6.5840/kvraft1	128.181s
