=== RUN   TestBasic4B
Test: one client (4B basic) (reliable network)...
  ... Passed --  time  3.0s #peers 5 #RPCs  3222 #Ops  355
--- PASS: TestBasic4B (3.04s)
=== RUN   TestSpeed4B
Test: one client (4B speed) (reliable network)...
  ... Passed --  time 29.8s #peers 3 #RPCs  5477 #Ops    0
--- PASS: TestSpeed4B (29.84s)
=== RUN   TestConcurrent4B
Test: many clients (4B many clients) (reliable network)...
  ... Passed --  time  3.8s #peers 5 #RPCs  6502 #Ops  447
--- PASS: TestConcurrent4B (3.77s)
=== RUN   TestUnreliable4B
Test: many clients (4B many clients) (unreliable network)...
  ... Passed --  time  3.9s #peers 5 #RPCs  1440 #Ops  143
--- PASS: TestUnreliable4B (3.95s)
=== RUN   TestOnePartition4B
Test: one client (4B progress in majority) (unreliable network)...
  ... Passed --  time  1.7s #peers 5 #RPCs   221 #Ops    3
Test: no progress in minority (4B) (unreliable network)...
  ... Passed --  time  1.1s #peers 5 #RPCs   217 #Ops    3
Test: completion after heal (4B) (unreliable network)...
  ... Passed --  time  1.1s #peers 5 #RPCs   126 #Ops    4
--- PASS: TestOnePartition4B (3.93s)
=== RUN   TestManyPartitionsOneClient4B
Test: partitions, one client (4B partitions, one client) (reliable network)...
  ... Passed --  time 11.5s #peers 5 #RPCs  4076 #Ops  361
--- PASS: TestManyPartitionsOneClient4B (11.50s)
=== RUN   TestManyPartitionsManyClients4B
Test: partitions, many clients (4B partitions, many clients (4B)) (reliable network)...
  ... Passed --  time 11.6s #peers 5 #RPCs  7476 #Ops  463
--- PASS: TestManyPartitionsManyClients4B (11.58s)
=== RUN   TestPersistOneClient4B
Test: restarts, one client (4B restarts, one client 4B ) (reliable network)...
  ... Passed --  time  6.1s #peers 5 #RPCs  5347 #Ops  323
--- PASS: TestPersistOneClient4B (6.11s)
=== RUN   TestPersistConcurrent4B
Test: restarts, many clients (4B restarts, many clients) (reliable network)...
  ... Passed --  time  6.6s #peers 5 #RPCs 16252 #Ops  403
--- PASS: TestPersistConcurrent4B (6.63s)
=== RUN   TestPersistConcurrentUnreliable4B
Test: restarts, many clients (4B restarts, many clients ) (unreliable network)...
  ... Passed --  time  7.9s #peers 5 #RPCs  1551 #Ops  141
--- PASS: TestPersistConcurrentUnreliable4B (7.88s)
=== RUN   TestPersistPartition4B
Test: restarts, partitions, many clients (4B restarts, partitions, many clients) (reliable network)...
  ... Passed --  time 19.0s #peers 5 #RPCs 17467 #Ops  413
--- PASS: TestPersistPartition4B (19.00s)
=== RUN   TestPersistPartitionUnreliable4B
Test: restarts, partitions, many clients (4B restarts, partitions, many clients) (unreliable network)...
  ... Passed --  time 12.4s #peers 5 #RPCs  1821 #Ops  125
--- PASS: TestPersistPartitionUnreliable4B (12.38s)
=== RUN   TestPersistPartitionUnreliableLinearizable4B
Test: restarts, partitions, random keys, many clients (4B restarts, partitions, random keys, many clients) (unreliable network)...
  ... Passed --  time 12.3s #peers 7 #RPCs  4648 #Ops  320
--- PASS: TestPersistPartitionUnreliableLinearizable4B (12.27s)
PASS
ok  	6.5840/kvraft1	132.905s
