=== RUN   TestBasic4B
Test: one client (4B basic) (reliable network)...
  ... Passed --  time  3.1s #peers 5 #RPCs  3051 #Ops  361
--- PASS: TestBasic4B (3.07s)
=== RUN   TestSpeed4B
Test: one client (4B speed) (reliable network)...
  ... Passed --  time 30.0s #peers 3 #RPCs  5443 #Ops    0
--- PASS: TestSpeed4B (30.07s)
=== RUN   TestConcurrent4B
Test: many clients (4B many clients) (reliable network)...
  ... Passed --  time  3.8s #peers 5 #RPCs  6261 #Ops  439
--- PASS: TestConcurrent4B (3.85s)
=== RUN   TestUnreliable4B
Test: many clients (4B many clients) (unreliable network)...
  ... Passed --  time  4.7s #peers 5 #RPCs  1842 #Ops  195
--- PASS: TestUnreliable4B (4.68s)
=== RUN   TestOnePartition4B
Test: one client (4B progress in majority) (unreliable network)...
  ... Passed --  time  1.1s #peers 5 #RPCs   146 #Ops    3
Test: no progress in minority (4B) (unreliable network)...
  ... Passed --  time  1.5s #peers 5 #RPCs   280 #Ops    3
Test: completion after heal (4B) (unreliable network)...
  ... Passed --  time  1.1s #peers 5 #RPCs   112 #Ops    4
--- PASS: TestOnePartition4B (3.74s)
=== RUN   TestManyPartitionsOneClient4B
Test: partitions, one client (4B partitions, one client) (reliable network)...
  ... Passed --  time 10.6s #peers 5 #RPCs  3781 #Ops  353
--- PASS: TestManyPartitionsOneClient4B (10.63s)
=== RUN   TestManyPartitionsManyClients4B
Test: partitions, many clients (4B partitions, many clients (4B)) (reliable network)...
  ... Passed --  time 11.6s #peers 5 #RPCs  7080 #Ops  453
--- PASS: TestManyPartitionsManyClients4B (11.62s)
=== RUN   TestPersistOneClient4B
Test: restarts, one client (4B restarts, one client 4B ) (reliable network)...
  ... Passed --  time  6.1s #peers 5 #RPCs  5199 #Ops  295
--- PASS: TestPersistOneClient4B (6.12s)
=== RUN   TestPersistConcurrent4B
Test: restarts, many clients (4B restarts, many clients) (reliable network)...
  ... Passed --  time  6.6s #peers 5 #RPCs 14369 #Ops  387
--- PASS: TestPersistConcurrent4B (6.57s)
=== RUN   TestPersistConcurrentUnreliable4B
Test: restarts, many clients (4B restarts, many clients ) (unreliable network)...
  ... Passed --  time  7.1s #peers 5 #RPCs  1330 #Ops  107
--- PASS: TestPersistConcurrentUnreliable4B (7.14s)
=== RUN   TestPersistPartition4B
Test: restarts, partitions, many clients (4B restarts, partitions, many clients) (reliable network)...
  ... Passed --  time 14.6s #peers 5 #RPCs 13362 #Ops  385
--- PASS: TestPersistPartition4B (14.61s)
=== RUN   TestPersistPartitionUnreliable4B
Test: restarts, partitions, many clients (4B restarts, partitions, many clients) (unreliable network)...
  ... Passed --  time 12.3s #peers 5 #RPCs  2057 #Ops  155
--- PASS: TestPersistPartitionUnreliable4B (12.32s)
=== RUN   TestPersistPartitionUnreliableLinearizable4B
Test: restarts, partitions, random keys, many clients (4B restarts, partitions, random keys, many clients) (unreliable network)...
  ... Passed --  time 15.5s #peers 7 #RPCs  5194 #Ops  236
--- PASS: TestPersistPartitionUnreliableLinearizable4B (15.55s)
PASS
ok  	6.5840/kvraft1	131.010s
