=== RUN   TestBasic4B
Test: one client (4B basic) (reliable network)...
  ... Passed --  time  3.1s #peers 5 #RPCs  2841 #Ops  343
--- PASS: TestBasic4B (3.07s)
=== RUN   TestSpeed4B
Test: one client (4B speed) (reliable network)...
  ... Passed --  time 31.7s #peers 3 #RPCs  5042 #Ops    0
--- PASS: TestSpeed4B (31.69s)
=== RUN   TestConcurrent4B
Test: many clients (4B many clients) (reliable network)...
  ... Passed --  time  3.8s #peers 5 #RPCs  5694 #Ops  435
--- PASS: TestConcurrent4B (3.82s)
=== RUN   TestUnreliable4B
Test: many clients (4B many clients) (unreliable network)...
  ... Passed --  time  4.4s #peers 5 #RPCs  1744 #Ops  169
--- PASS: TestUnreliable4B (4.37s)
=== RUN   TestOnePartition4B
Test: one client (4B progress in majority) (unreliable network)...
  ... Passed --  time  2.0s #peers 5 #RPCs   235 #Ops    3
Test: no progress in minority (4B) (unreliable network)...
  ... Passed --  time  1.1s #peers 5 #RPCs   197 #Ops    3
Test: completion after heal (4B) (unreliable network)...
  ... Passed --  time  1.0s #peers 5 #RPCs   110 #Ops    4
--- PASS: TestOnePartition4B (4.12s)
=== RUN   TestManyPartitionsOneClient4B
Test: partitions, one client (4B partitions, one client) (reliable network)...
  ... Passed --  time 11.4s #peers 5 #RPCs  4013 #Ops  351
--- PASS: TestManyPartitionsOneClient4B (11.36s)
=== RUN   TestManyPartitionsManyClients4B
Test: partitions, many clients (4B partitions, many clients (4B)) (reliable network)...
  ... Passed --  time 10.6s #peers 5 #RPCs  6949 #Ops  445
--- PASS: TestManyPartitionsManyClients4B (10.56s)
=== RUN   TestPersistOneClient4B
Test: restarts, one client (4B restarts, one client 4B ) (reliable network)...
  ... Passed --  time  6.1s #peers 5 #RPCs  5290 #Ops  315
--- PASS: TestPersistOneClient4B (6.10s)
=== RUN   TestPersistConcurrent4B
Test: restarts, many clients (4B restarts, many clients) (reliable network)...
  ... Passed --  time  6.6s #peers 5 #RPCs 15536 #Ops  409
--- PASS: TestPersistConcurrent4B (6.65s)
=== RUN   TestPersistConcurrentUnreliable4B
Test: restarts, many clients (4B restarts, many clients ) (unreliable network)...
  ... Passed --  time  7.8s #peers 5 #RPCs  1466 #Ops  123
--- PASS: TestPersistConcurrentUnreliable4B (7.79s)
=== RUN   TestPersistPartition4B
Test: restarts, partitions, many clients (4B restarts, partitions, many clients) (reliable network)...
  ... Passed --  time 12.4s #peers 5 #RPCs 14872 #Ops  393
--- PASS: TestPersistPartition4B (12.41s)
=== RUN   TestPersistPartitionUnreliable4B
Test: restarts, partitions, many clients (4B restarts, partitions, many clients) (unreliable network)...
  ... Passed --  time 12.2s #peers 5 #RPCs  2180 #Ops  187
--- PASS: TestPersistPartitionUnreliable4B (12.24s)
=== RUN   TestPersistPartitionUnreliableLinearizable4B
Test: restarts, partitions, random keys, many clients (4B restarts, partitions, random keys, many clients) (unreliable network)...
  ... Passed --  time 14.4s #peers 7 #RPCs  5184 #Ops  304
--- PASS: TestPersistPartitionUnreliableLinearizable4B (14.37s)
PASS
ok  	6.5840/kvraft1	129.586s
