=== RUN   TestBasic4B
Test: one client (4B basic) (reliable network)...
  ... Passed --  time  3.1s #peers 5 #RPCs  3105 #Ops  357
--- PASS: TestBasic4B (3.09s)
=== RUN   TestSpeed4B
Test: one client (4B speed) (reliable network)...
  ... Passed --  time 29.5s #peers 3 #RPCs  5439 #Ops    0
--- PASS: TestSpeed4B (29.53s)
=== RUN   TestConcurrent4B
Test: many clients (4B many clients) (reliable network)...
  ... Passed --  time  3.7s #peers 5 #RPCs  6300 #Ops  459
--- PASS: TestConcurrent4B (3.75s)
=== RUN   TestUnreliable4B
Test: many clients (4B many clients) (unreliable network)...
  ... Passed --  time  3.8s #peers 5 #RPCs  1783 #Ops  215
--- PASS: TestUnreliable4B (3.77s)
=== RUN   TestOnePartition4B
Test: one client (4B progress in majority) (unreliable network)...
  ... Passed --  time  1.7s #peers 5 #RPCs   194 #Ops    3
Test: no progress in minority (4B) (unreliable network)...
  ... Passed --  time  1.6s #peers 5 #RPCs   288 #Ops    3
Test: completion after heal (4B) (unreliable network)...
  ... Passed --  time  1.1s #peers 5 #RPCs   120 #Ops    4
--- PASS: TestOnePartition4B (4.37s)
=== RUN   TestManyPartitionsOneClient4B
Test: partitions, one client (4B partitions, one client) (reliable network)...
  ... Passed --  time  9.3s #peers 5 #RPCs  3930 #Ops  371
--- PASS: TestManyPartitionsOneClient4B (9.34s)
=== RUN   TestManyPartitionsManyClients4B
Test: partitions, many clients (4B partitions, many clients (4B)) (reliable network)...
  ... Passed --  time 10.3s #peers 5 #RPCs  7395 #Ops  461
--- PASS: TestManyPartitionsManyClients4B (10.31s)
=== RUN   TestPersistOneClient4B
Test: restarts, one client (4B restarts, one client 4B ) (reliable network)...
  ... Passed --  time  6.1s #peers 5 #RPCs  5615 #Ops  325
--- PASS: TestPersistOneClient4B (6.10s)
=== RUN   TestPersistConcurrent4B
Test: restarts, many clients (4B restarts, many clients) (reliable network)...
  ... Passed --  time  6.7s #peers 5 #RPCs 14933 #Ops  427
--- PASS: TestPersistConcurrent4B (6.67s)
=== RUN   TestPersistConcurrentUnreliable4B
Test: restarts, many clients (4B restarts, many clients ) (unreliable network)...
  ... Passed --  time  7.2s #peers 5 #RPCs  1514 #Ops  153
--- PASS: TestPersistConcurrentUnreliable4B (7.25s)
=== RUN   TestPersistPartition4B
Test: restarts, partitions, many clients (4B restarts, partitions, many clients) (reliable network)...
  ... Passed --  time 26.8s #peers 5 #RPCs 19264 #Ops  395
--- PASS: TestPersistPartition4B (26.76s)
=== RUN   TestPersistPartitionUnreliable4B
Test: restarts, partitions, many clients (4B restarts, partitions, many clients) (unreliable network)...
  ... Passed --  time 15.7s #peers 5 #RPCs  2656 #Ops  179
--- PASS: TestPersistPartitionUnreliable4B (15.71s)
=== RUN   TestPersistPartitionUnreliableLinearizable4B
Test: restarts, partitions, random keys, many clients (4B restarts, partitions, random keys, many clients) (unreliable network)...
  ... Passed --  time 16.8s #peers 7 #RPCs  5728 #Ops  308
--- PASS: TestPersistPartitionUnreliableLinearizable4B (16.78s)
PASS
ok  	6.5840/kvraft1	144.454s
