=== RUN   TestBasic4B
Test: one client (4B basic) (reliable network)...
  ... Passed --  time  3.1s #peers 5 #RPCs  3363 #Ops  355
--- PASS: TestBasic4B (3.07s)
=== RUN   TestSpeed4B
Test: one client (4B speed) (reliable network)...
  ... Passed --  time 29.9s #peers 3 #RPCs  5409 #Ops    0
--- PASS: TestSpeed4B (29.91s)
=== RUN   TestConcurrent4B
Test: many clients (4B many clients) (reliable network)...
  ... Passed --  time  3.9s #peers 5 #RPCs  6322 #Ops  461
--- PASS: TestConcurrent4B (3.89s)
=== RUN   TestUnreliable4B
Test: many clients (4B many clients) (unreliable network)...
  ... Passed --  time  4.7s #peers 5 #RPCs  1895 #Ops  207
--- PASS: TestUnreliable4B (4.75s)
=== RUN   TestOnePartition4B
Test: one client (4B progress in majority) (unreliable network)...
  ... Passed --  time  1.1s #peers 5 #RPCs   138 #Ops    3
Test: no progress in minority (4B) (unreliable network)...
  ... Passed --  time  1.2s #peers 5 #RPCs   231 #Ops    3
Test: completion after heal (4B) (unreliable network)...
  ... Passed --  time  1.2s #peers 5 #RPCs   150 #Ops    4
--- PASS: TestOnePartition4B (3.51s)
=== RUN   TestManyPartitionsOneClient4B
Test: partitions, one client (4B partitions, one client) (reliable network)...
  ... Passed --  time  9.2s #peers 5 #RPCs  3810 #Ops  371
--- PASS: TestManyPartitionsOneClient4B (9.20s)
=== RUN   TestManyPartitionsManyClients4B
Test: partitions, many clients (4B partitions, many clients (4B)) (reliable network)...
  ... Passed --  time 10.6s #peers 5 #RPCs  7229 #Ops  465
--- PASS: TestManyPartitionsManyClients4B (10.59s)
=== RUN   TestPersistOneClient4B
Test: restarts, one client (4B restarts, one client 4B ) (reliable network)...
  ... Passed --  time  6.1s #peers 5 #RPCs  5371 #Ops  307
--- PASS: TestPersistOneClient4B (6.11s)
=== RUN   TestPersistConcurrent4B
Test: restarts, many clients (4B restarts, many clients) (reliable network)...
  ... Passed --  time  6.9s #peers 5 #RPCs 14029 #Ops  431
--- PASS: TestPersistConcurrent4B (6.90s)
=== RUN   TestPersistConcurrentUnreliable4B
Test: restarts, many clients (4B restarts, many clients ) (unreliable network)...
  ... Passed --  time  8.1s #peers 5 #RPCs  1553 #Ops  131
--- PASS: TestPersistConcurrentUnreliable4B (8.06s)
=== RUN   TestPersistPartition4B
Test: restarts, partitions, many clients (4B restarts, partitions, many clients) (reliable network)...
  ... Passed --  time 14.5s #peers 5 #RPCs 15243 #Ops  417
--- PASS: TestPersistPartition4B (14.47s)
=== RUN   TestPersistPartitionUnreliable4B
Test: restarts, partitions, many clients (4B restarts, partitions, many clients) (unreliable network)...
  ... Passed --  time 13.5s #peers 5 #RPCs  2302 #Ops  171
--- PASS: TestPersistPartitionUnreliable4B (13.55s)
=== RUN   TestPersistPartitionUnreliableLinearizable4B
Test: restarts, partitions, random keys, many clients (4B restarts, partitions, random keys, many clients) (unreliable network)...
  ... Passed --  time 18.1s #peers 7 #RPCs  6014 #Ops  314
--- PASS: TestPersistPartitionUnreliableLinearizable4B (18.08s)
PASS
ok  	6.5840/kvraft1	133.113s
