=== RUN   TestBasic4B
Test: one client (4B basic) (reliable network)...
  ... Passed --  time  3.1s #peers 5 #RPCs  3192 #Ops  361
--- PASS: TestBasic4B (3.08s)
=== RUN   TestSpeed4B
Test: one client (4B speed) (reliable network)...
  ... Passed --  time 30.4s #peers 3 #RPCs  5378 #Ops    0
--- PASS: TestSpeed4B (30.41s)
=== RUN   TestConcurrent4B
Test: many clients (4B many clients) (reliable network)...
  ... Passed --  time  3.7s #peers 5 #RPCs  5777 #Ops  447
--- PASS: TestConcurrent4B (3.71s)
=== RUN   TestUnreliable4B
Test: many clients (4B many clients) (unreliable network)...
  ... Passed --  time  4.8s #peers 5 #RPCs  1851 #Ops  209
--- PASS: TestUnreliable4B (4.75s)
=== RUN   TestOnePartition4B
Test: one client (4B progress in majority) (unreliable network)...
  ... Passed --  time  1.5s #peers 5 #RPCs   185 #Ops    3
Test: no progress in minority (4B) (unreliable network)...
  ... Passed --  time  1.1s #peers 5 #RPCs   214 #Ops    3
Test: completion after heal (4B) (unreliable network)...
  ... Passed --  time  1.1s #peers 5 #RPCs   113 #Ops    4
--- PASS: TestOnePartition4B (3.71s)
=== RUN   TestManyPartitionsOneClient4B
Test: partitions, one client (4B partitions, one client) (reliable network)...
  ... Passed --  time 10.7s #peers 5 #RPCs  4139 #Ops  357
--- PASS: TestManyPartitionsOneClient4B (10.68s)
=== RUN   TestManyPartitionsManyClients4B
Test: partitions, many clients (4B partitions, many clients (4B)) (reliable network)...
  ... Passed --  time 13.8s #peers 5 #RPCs  7486 #Ops  459
--- PASS: TestManyPartitionsManyClients4B (13.79s)
=== RUN   TestPersistOneClient4B
Test: restarts, one client (4B restarts, one client 4B ) (reliable network)...
  ... Passed --  time  6.1s #peers 5 #RPCs  5555 #Ops  327
--- PASS: TestPersistOneClient4B (6.10s)
=== RUN   TestPersistConcurrent4B
Test: restarts, many clients (4B restarts, many clients) (reliable network)...
  ... Passed --  time  6.7s #peers 5 #RPCs 14237 #Ops  419
--- PASS: TestPersistConcurrent4B (6.71s)
=== RUN   TestPersistConcurrentUnreliable4B
Test: restarts, many clients (4B restarts, many clients ) (unreliable network)...
  ... Passed --  time  7.9s #peers 5 #RPCs  1622 #Ops  163
--- PASS: TestPersistConcurrentUnreliable4B (7.87s)
=== RUN   TestPersistPartition4B
Test: restarts, partitions, many clients (4B restarts, partitions, many clients) (reliable network)...
  ... Passed --  time 14.6s #peers 5 #RPCs 16866 #Ops  393
--- PASS: TestPersistPartition4B (14.58s)
=== RUN   TestPersistPartitionUnreliable4B
Test: restarts, partitions, many clients (4B restarts, partitions, many clients) (unreliable network)...
  ... Passed --  time 13.4s #peers 5 #RPCs  2150 #Ops  151
--- PASS: TestPersistPartitionUnreliable4B (13.43s)
=== RUN   TestPersistPartitionUnreliableLinearizable4B
Test: restarts, partitions, random keys, many clients (4B restarts, partitions, random keys, many clients) (unreliable network)...
  ... Passed --  time 17.8s #peers 7 #RPCs  6313 #Ops  302
--- PASS: TestPersistPartitionUnreliableLinearizable4B (17.80s)
PASS
ok  	6.5840/kvraft1	137.666s
