=== RUN   TestBasic4B
Test: one client (4B basic) (reliable network)...
  ... Passed --  time  3.1s #peers 5 #RPCs  3181 #Ops  357
--- PASS: TestBasic4B (3.07s)
=== RUN   TestSpeed4B
Test: one client (4B speed) (reliable network)...
  ... Passed --  time 32.3s #peers 3 #RPCs  5158 #Ops    0
--- PASS: TestSpeed4B (32.50s)
=== RUN   TestConcurrent4B
Test: many clients (4B many clients) (reliable network)...
  ... Passed --  time  3.9s #peers 5 #RPCs  6028 #Ops  449
--- PASS: TestConcurrent4B (3.88s)
=== RUN   TestUnreliable4B
Test: many clients (4B many clients) (unreliable network)...
  ... Passed --  time  5.8s #peers 5 #RPCs  1919 #Ops  187
--- PASS: TestUnreliable4B (5.84s)
=== RUN   TestOnePartition4B
Test: one client (4B progress in majority) (unreliable network)...
  ... Passed --  time  1.6s #peers 5 #RPCs   187 #Ops    3
Test: no progress in minority (4B) (unreliable network)...
  ... Passed --  time  1.2s #peers 5 #RPCs   225 #Ops    3
Test: completion after heal (4B) (unreliable network)...
  ... Passed --  time  1.1s #peers 5 #RPCs   109 #Ops    4
--- PASS: TestOnePartition4B (3.84s)
=== RUN   TestManyPartitionsOneClient4B
Test: partitions, one client (4B partitions, one client) (reliable network)...
  ... Passed --  time 10.2s #peers 5 #RPCs  4083 #Ops  353
--- PASS: TestManyPartitionsOneClient4B (10.23s)
=== RUN   TestManyPartitionsManyClients4B
Test: partitions, many clients (4B partitions, many clients (4B)) (reliable network)...
  ... Passed --  time 10.3s #peers 5 #RPCs  7020 #Ops  439
--- PASS: TestManyPartitionsManyClients4B (10.33s)
=== RUN   TestPersistOneClient4B
Test: restarts, one client (4B restarts, one client 4B ) (reliable network)...
  ... Passed --  time  6.1s #peers 5 #RPCs  5490 #Ops  309
--- PASS: TestPersistOneClient4B (6.11s)
=== RUN   TestPersistConcurrent4B
Test: restarts, many clients (4B restarts, many clients) (reliable network)...
  ... Passed --  time  6.7s #peers 5 #RPCs 14187 #Ops  419
--- PASS: TestPersistConcurrent4B (6.66s)
=== RUN   TestPersistConcurrentUnreliable4B
Test: restarts, many clients (4B restarts, many clients ) (unreliable network)...
  ... Passed --  time  7.6s #peers 5 #RPCs  1294 #Ops  101
--- PASS: TestPersistConcurrentUnreliable4B (7.58s)
=== RUN   TestPersistPartition4B
Test: restarts, partitions, many clients (4B restarts, partitions, many clients) (reliable network)...
  ... Passed --  time 15.8s #peers 5 #RPCs 17507 #Ops  403
--- PASS: TestPersistPartition4B (15.79s)
=== RUN   TestPersistPartitionUnreliable4B
Test: restarts, partitions, many clients (4B restarts, partitions, many clients) (unreliable network)...
  ... Passed --  time 16.6s #peers 5 #RPCs  2948 #Ops  165
--- PASS: TestPersistPartitionUnreliable4B (16.60s)
=== RUN   TestPersistPartitionUnreliableLinearizable4B
Test: restarts, partitions, random keys, many clients (4B restarts, partitions, random keys, many clients) (unreliable network)...
  ... Passed --  time 13.5s #peers 7 #RPCs  4973 #Ops  290
--- PASS: TestPersistPartitionUnreliableLinearizable4B (13.51s)
PASS
ok  	6.5840/kvraft1	136.982s
