=== RUN   TestBasic4B
Test: one client (4B basic) (reliable network)...
  ... Passed --  time  3.1s #peers 5 #RPCs  3300 #Ops  365
--- PASS: TestBasic4B (3.07s)
=== RUN   TestSpeed4B
Test: one client (4B speed) (reliable network)...
  ... Passed --  time 29.3s #peers 3 #RPCs  5175 #Ops    0
--- PASS: TestSpeed4B (29.41s)
=== RUN   TestConcurrent4B
Test: many clients (4B many clients) (reliable network)...
  ... Passed --  time  3.8s #peers 5 #RPCs  6934 #Ops  449
--- PASS: TestConcurrent4B (3.75s)
=== RUN   TestUnreliable4B
Test: many clients (4B many clients) (unreliable network)...
  ... Passed --  time  4.4s #peers 5 #RPCs  1814 #Ops  205
--- PASS: TestUnreliable4B (4.41s)
=== RUN   TestOnePartition4B
Test: one client (4B progress in majority) (unreliable network)...
  ... Passed --  time  1.5s #peers 5 #RPCs   203 #Ops    3
Test: no progress in minority (4B) (unreliable network)...
  ... Passed --  time  1.1s #peers 5 #RPCs   195 #Ops    3
Test: completion after heal (4B) (unreliable network)...
  ... Passed --  time  1.1s #peers 5 #RPCs   118 #Ops    4
--- PASS: TestOnePartition4B (3.72s)
=== RUN   TestManyPartitionsOneClient4B
Test: partitions, one client (4B partitions, one client) (reliable network)...
  ... Passed --  time 11.6s #peers 5 #RPCs  4244 #Ops  363
--- PASS: TestManyPartitionsOneClient4B (11.64s)
=== RUN   TestManyPartitionsManyClients4B
Test: partitions, many clients (4B partitions, many clients (4B)) (reliable network)...
  ... Passed --  time 12.8s #peers 5 #RPCs  7650 #Ops  477
--- PASS: TestManyPartitionsManyClients4B (12.82s)
=== RUN   TestPersistOneClient4B
Test: restarts, one client (4B restarts, one client 4B ) (reliable network)...
  ... Passed --  time  6.1s #peers 5 #RPCs  5183 #Ops  327
--- PASS: TestPersistOneClient4B (6.12s)
=== RUN   TestPersistConcurrent4B
Test: restarts, many clients (4B restarts, many clients) (reliable network)...
  ... Passed --  time  6.7s #peers 5 #RPCs 15921 #Ops  413
--- PASS: TestPersistConcurrent4B (6.67s)
=== RUN   TestPersistConcurrentUnreliable4B
Test: restarts, many clients (4B restarts, many clients ) (unreliable network)...
  ... Passed --  time  7.8s #peers 5 #RPCs  1826 #Ops  173
--- PASS: TestPersistConcurrentUnreliable4B (7.80s)
=== RUN   TestPersistPartition4B
Test: restarts, partitions, many clients (4B restarts, partitions, many clients) (reliable network)...
  ... Passed --  time 14.7s #peers 5 #RPCs 16980 #Ops  415
--- PASS: TestPersistPartition4B (14.70s)
=== RUN   TestPersistPartitionUnreliable4B
Test: restarts, partitions, many clients (4B restarts, partitions, many clients) (unreliable network)...
  ... Passed --  time 13.4s #peers 5 #RPCs  2100 #Ops  151
--- PASS: TestPersistPartitionUnreliable4B (13.41s)
=== RUN   TestPersistPartitionUnreliableLinearizable4B
Test: restarts, partitions, random keys, many clients (4B restarts, partitions, random keys, many clients) (unreliable network)...
  ... Passed --  time 18.8s #peers 7 #RPCs  7662 #Ops  324
--- PASS: TestPersistPartitionUnreliableLinearizable4B (18.81s)
PASS
ok  	6.5840/kvraft1	137.356s
