=== RUN   TestBasic4B
Test: one client (4B basic) (reliable network)...
  ... Passed --  time  3.1s #peers 5 #RPCs  3287 #Ops  367
--- PASS: TestBasic4B (3.07s)
=== RUN   TestSpeed4B
Test: one client (4B speed) (reliable network)...
  ... Passed --  time 28.9s #peers 3 #RPCs  5515 #Ops    0
--- PASS: TestSpeed4B (28.94s)
=== RUN   TestConcurrent4B
Test: many clients (4B many clients) (reliable network)...
  ... Passed --  time  3.8s #peers 5 #RPCs  6406 #Ops  459
--- PASS: TestConcurrent4B (3.78s)
=== RUN   TestUnreliable4B
Test: many clients (4B many clients) (unreliable network)...
  ... Passed --  time  4.7s #peers 5 #RPCs  1861 #Ops  191
--- PASS: TestUnreliable4B (4.73s)
=== RUN   TestOnePartition4B
Test: one client (4B progress in majority) (unreliable network)...
  ... Passed --  time  1.4s #peers 5 #RPCs   168 #Ops    3
Test: no progress in minority (4B) (unreliable network)...
  ... Passed --  time  1.3s #peers 5 #RPCs   234 #Ops    3
Test: completion after heal (4B) (unreliable network)...
  ... Passed --  time  1.1s #peers 5 #RPCs   118 #Ops    4
--- PASS: TestOnePartition4B (3.70s)
=== RUN   TestManyPartitionsOneClient4B
Test: partitions, one client (4B partitions, one client) (reliable network)...
  ... Passed --  time 11.5s #peers 5 #RPCs  4046 #Ops  367
--- PASS: TestManyPartitionsOneClient4B (11.45s)
=== RUN   TestManyPartitionsManyClients4B
Test: partitions, many clients (4B partitions, many clients (4B)) (reliable network)...
  ... Passed --  time 10.2s #peers 5 #RPCs  7207 #Ops  477
--- PASS: TestManyPartitionsManyClients4B (10.24s)
=== RUN   TestPersistOneClient4B
Test: restarts, one client (4B restarts, one client 4B ) (reliable network)...
  ... Passed --  time  6.1s #peers 5 #RPCs  5492 #Ops  315
--- PASS: TestPersistOneClient4B (6.08s)
=== RUN   TestPersistConcurrent4B
Test: restarts, many clients (4B restarts, many clients) (reliable network)...
  ... Passed --  time  6.8s #peers 5 #RPCs 16069 #Ops  427
--- PASS: TestPersistConcurrent4B (6.76s)
=== RUN   TestPersistConcurrentUnreliable4B
Test: restarts, many clients (4B restarts, many clients ) (unreliable network)...
  ... Passed --  time  7.9s #peers 5 #RPCs  1753 #Ops  187
--- PASS: TestPersistConcurrentUnreliable4B (7.88s)
=== RUN   TestPersistPartition4B
Test: restarts, partitions, many clients (4B restarts, partitions, many clients) (reliable network)...
  ... Passed --  time 21.7s #peers 5 #RPCs 16856 #Ops  419
--- PASS: TestPersistPartition4B (21.70s)
=== RUN   TestPersistPartitionUnreliable4B
Test: restarts, partitions, many clients (4B restarts, partitions, many clients) (unreliable network)...
  ... Passed --  time 14.5s #peers 5 #RPCs  2504 #Ops  173
--- PASS: TestPersistPartitionUnreliable4B (14.52s)
=== RUN   TestPersistPartitionUnreliableLinearizable4B
Test: restarts, partitions, random keys, many clients (4B restarts, partitions, random keys, many clients) (unreliable network)...
  ... Passed --  time 12.4s #peers 7 #RPCs  4710 #Ops  286
--- PASS: TestPersistPartitionUnreliableLinearizable4B (12.40s)
PASS
ok  	6.5840/kvraft1	136.316s
