=== RUN   TestBasic4B
Test: one client (4B basic) (reliable network)...
  ... Passed --  time  3.1s #peers 5 #RPCs  3231 #Ops  359
--- PASS: TestBasic4B (3.07s)
=== RUN   TestSpeed4B
Test: one client (4B speed) (reliable network)...
  ... Passed --  time 30.2s #peers 3 #RPCs  5092 #Ops    0
--- PASS: TestSpeed4B (30.20s)
=== RUN   TestConcurrent4B
Test: many clients (4B many clients) (reliable network)...
  ... Passed --  time  3.7s #peers 5 #RPCs  6209 #Ops  427
--- PASS: TestConcurrent4B (3.73s)
=== RUN   TestUnreliable4B
Test: many clients (4B many clients) (unreliable network)...
  ... Passed --  time  4.6s #peers 5 #RPCs  1785 #Ops  191
--- PASS: TestUnreliable4B (4.63s)
=== RUN   TestOnePartition4B
Test: one client (4B progress in majority) (unreliable network)...
  ... Passed --  time  1.9s #peers 5 #RPCs   256 #Ops    3
Test: no progress in minority (4B) (unreliable network)...
  ... Passed --  time  1.1s #peers 5 #RPCs   207 #Ops    3
Test: completion after heal (4B) (unreliable network)...
  ... Passed --  time  1.1s #peers 5 #RPCs   119 #Ops    4
--- PASS: TestOnePartition4B (4.11s)
=== RUN   TestManyPartitionsOneClient4B
Test: partitions, one client (4B partitions, one client) (reliable network)...
  ... Passed --  time  9.3s #peers 5 #RPCs  3826 #Ops  351
--- PASS: TestManyPartitionsOneClient4B (9.28s)
=== RUN   TestManyPartitionsManyClients4B
Test: partitions, many clients (4B partitions, many clients (4B)) (reliable network)...
  ... Passed --  time 11.5s #peers 5 #RPCs  7332 #Ops  461
--- PASS: TestManyPartitionsManyClients4B (11.55s)
=== RUN   TestPersistOneClient4B
Test: restarts, one client (4B restarts, one client 4B ) (reliable network)...
  ... Passed --  time  6.1s #peers 5 #RPCs  5349 #Ops  325
--- PASS: TestPersistOneClient4B (6.12s)
=== RUN   TestPersistConcurrent4B
Test: restarts, many clients (4B restarts, many clients) (reliable network)...
  ... Passed --  time  6.6s #peers 5 #RPCs 14045 #Ops  401
--- PASS: TestPersistConcurrent4B (6.57s)
=== RUN   TestPersistConcurrentUnreliable4B
Test: restarts, many clients (4B restarts, many clients ) (unreliable network)...
  ... Passed --  time  8.1s #peers 5 #RPCs  1734 #Ops  185
--- PASS: TestPersistConcurrentUnreliable4B (8.06s)
=== RUN   TestPersistPartition4B
Test: restarts, partitions, many clients (4B restarts, partitions, many clients) (reliable network)...
  ... Passed --  time 12.5s #peers 5 #RPCs 15374 #Ops  427
--- PASS: TestPersistPartition4B (12.49s)
=== RUN   TestPersistPartitionUnreliable4B
Test: restarts, partitions, many clients (4B restarts, partitions, many clients) (unreliable network)...
  ... Passed --  time 13.4s #peers 5 #RPCs  2219 #Ops  157
--- PASS: TestPersistPartitionUnreliable4B (13.39s)
=== RUN   TestPersistPartitionUnreliableLinearizable4B
Test: restarts, partitions, random keys, many clients (4B restarts, partitions, random keys, many clients) (unreliable network)...
  ... Passed --  time 12.2s #peers 7 #RPCs  4351 #Ops  256
--- PASS: TestPersistPartitionUnreliableLinearizable4B (12.19s)
PASS
ok  	6.5840/kvraft1	126.404s
